04-09 17:16:04.768 E/AndroidRuntime( 5605): java.lang.RuntimeException: Unable to start activity ComponentInfo{com.lemon.lemonban/com.lemon.lemonban.activity.MainActivity}: java.lang.NullPointerException
04-09 17:16:04.768 E/AndroidRuntime( 5605): 	at android.app.ActivityThread.performLaunchActivity(ActivityThread.java:2193)
04-09 17:16:04.768 E/AndroidRuntime( 5605): 	at android.app.ActivityThread.handleLaunchActivity(ActivityThread.java:2243)
04-09 17:16:04.768 E/AndroidRuntime( 5605): 	at android.app.ActivityThread.access$800(ActivityThread.java:135)
04-09 17:16:04.768 E/AndroidRuntime( 5605): 	at android.app.ActivityThread$H.handleMessage(ActivityThread.java:1196)
04-09 17:16:04.768 E/AndroidRuntime( 5605): 	at android.os.Handler.dispatchMessage(Handler.java:102)
04-09 17:16:04.768 E/AndroidRuntime( 5605): 	at android.os.Looper.loop(Looper.java:136)
04-09 17:16:04.768 E/AndroidRuntime( 5605): 	at android.app.ActivityThread.main(ActivityThread.java:5019)
04-09 17:16:04.768 E/AndroidRuntime( 5605): 	at java.lang.reflect.Method.invokeNative(Native Method)
04-09 17:16:04.768 E/AndroidRuntime( 5605): 	at java.lang.reflect.Method.invoke(Method.java:515)
04-09 17:16:04.768 E/AndroidRuntime( 5605): 	at com.android.internal.os.ZygoteInit$MethodAndArgsCaller.run(ZygoteInit.java:779)
04-09 17:16:04.768 E/AndroidRuntime( 5605): 	at com.android.internal.os.ZygoteInit.main(ZygoteInit.java:595)
04-09 17:16:04.768 E/AndroidRuntime( 5605): 	at dalvik.system.NativeStart.main(Native Method)
04-09 17:16:04.768 E/AndroidRuntime( 5605): Caused by: java.lang.NullPointerException
04-09 17:16:04.768 E/AndroidRuntime( 5605): 	at android.support.v4.app.BackStackRecord.executeOps(BackStackRecord.java:723)
04-09 17:16:04.768 E/AndroidRuntime( 5605): 	at android.support.v4.app.FragmentManagerImpl.executeOps(FragmentManager.java:2363)
04-09 17:16:04.768 E/AndroidRuntime( 5605): 	at android.support.v4.app.FragmentManagerImpl.executeOpsTogether(FragmentManager.java:2149)
04-09 17:16:04.768 E/AndroidRuntime( 5605): 	at android.support.v4.app.FragmentManagerImpl.optimizeAndExecuteOps(FragmentManager.java:2103)
04-09 17:16:04.768 E/AndroidRuntime( 5605): 	at android.support.v4.app.FragmentManagerImpl.execPendingActions(FragmentManager.java:2013)
04-09 17:16:04.768 E/AndroidRuntime( 5605): 	at android.support.v4.app.FragmentController.execPendingActions(FragmentController.java:388)
04-09 17:16:04.768 E/AndroidRuntime( 5605): 	at android.support.v4.app.FragmentActivity.onStart(FragmentActivity.java:607)
04-09 17:16:04.768 E/AndroidRuntime( 5605): 	at android.support.v7.app.AppCompatActivity.onStart(AppCompatActivity.java:178)
04-09 17:16:04.768 E/AndroidRuntime( 5605): 	at android.app.Instrumentation.callActivityOnStart(Instrumentation.java:1188)
04-09 17:16:04.768 E/AndroidRuntime( 5605): 	at android.app.Activity.performStart(Activity.java:5241)
04-09 17:16:04.768 E/AndroidRuntime( 5605): 	at android.app.ActivityThread.performLaunchActivity(ActivityThread.java:2166)
04-09 17:16:04.768 E/AndroidRuntime( 5605): 	... 11 more
04-09 17:16:04.768 W/ActivityManager(  264): Force-killing crashed app com.lemon.lemonban at watcher's request
04-09 17:16:04.768 W/ContextImpl(  264): Calling a method in the system process without a qualified user: android.app.ContextImpl.sendBroadcast:1123 com.android.server.am.ActivityManagerService.handleApplicationCrashInner:9670 com.android.server.am.ActivityManagerService.handleApplicationCrash:9644 android.app.ActivityManagerNative.onTransact:1311 com.android.server.am.ActivityManagerService.onTransact:2071 
04-09 17:16:04.778 I/ActivityManager(  264): Process com.lemon.lemonban (pid 5605) has died.
04-09 17:16:04.778 W/ActivityManager(  264): Force removing ActivityRecord{4a996528 u0 com.lemon.lemonban/.activity.MainActivity t11}: app died, no saved state
04-09 17:16:04.788 W/Launcher(  465): setApplicationContext called twice! old=com.vphone.launcher.LauncherApplication@4a7900b8 new=com.vphone.launcher.LauncherApplication@4a7900b8
04-09 17:16:04.788 W/ResourceType(  465): Attempt to retrieve bag 0x7f0e00a4 which is invalid or in a cycle.
04-09 17:16:04.798 W/DebugConnManager(  465): getNetworkInfo() on networkType 1
04-09 17:16:04.798 D/Launcher(  465): 11683562 - bindAddScreens()
04-09 17:16:04.798 D/Launcher(  465): 11683562 -   orderedScreenIds: 1
04-09 17:16:04.798 D/Launcher.Workspace(  465): 11683562 - insertNewWorkspaceScreen(): 1 at index: 0
04-09 17:16:04.808 E/AppsCustomizePagedView(  465): Widget ComponentInfo{com.tencent.padbrowser/com.tencent.padbrowser.ui.deskwidget.QuicklinkAppWidgetProvider4X5} can not fit on this device (480, 660)
04-09 17:16:04.808 W/ContextImpl(  465): Calling a method in the system process without a qualified user: android.app.ContextImpl.startService:1492 android.content.ContextWrapper.startService:494 com.vphone.launcher.Launcher.g:677 com.vphone.launcher.Launcher.a:176 com.vphone.launcher.Launcher$11.run:633 
04-09 17:16:04.868 D/dalvikvm(  465): GC_CONCURRENT freed 4995K, 6% free 95272K/100396K, paused 2ms+11ms, total 44ms
04-09 17:16:04.868 W/EGL_emulation(  465): eglSurfaceAttrib not implemented 3093 12436
04-09 17:16:04.908 W/Binder  (  429): Caught a RuntimeException from the binder stub implementation.
04-09 17:16:04.908 W/Binder  (  429): java.lang.NullPointerException
04-09 17:16:04.908 W/Binder  (  429): 	at android.inputmethodservice.IInputMethodWrapper.setSessionEnabled(IInputMethodWrapper.java:280)
04-09 17:16:04.908 W/Binder  (  429): 	at com.android.internal.view.IInputMethod$Stub.onTransact(IInputMethod.java:129)
04-09 17:16:04.908 W/Binder  (  429): 	at android.os.Binder.execTransact(Binder.java:404)
04-09 17:16:04.908 W/Binder  (  429): 	at dalvik.system.NativeStart.run(Native Method)
04-09 17:16:04.908 W/ContextImpl(  264): Calling a method in the system process without a qualified user: android.app.ContextImpl.sendBroadcast:1123 com.android.server.InputMethodManagerService.hideCurrentInputLocked:1880 com.android.server.InputMethodManagerService.windowGainedFocus:1968 com.android.internal.view.IInputMethodManager$Stub.onTransact:221 com.android.server.InputMethodManagerService.onTransact:818 
04-09 17:16:04.908 W/InputMethodManagerService(  264): Got RemoteException sending setActive(false) notification to pid 5356 uid 10033
04-09 17:16:04.958 D/AndroidRuntime( 5657): 
04-09 17:16:04.958 D/AndroidRuntime( 5657): >>>>>> AndroidRuntime START com.android.internal.os.RuntimeInit <<<<<<
04-09 17:16:04.978 W/PropertyValuesHolder(  465): Method setBrightness() with type int not found on target class class mh
04-09 17:16:04.978 W/PropertyValuesHolder(  465): Method getBrightness() with type int not found on target class class mh
04-09 17:16:04.998 I/ActivityManager(  264): START u0 {act=android.intent.action.MAIN cat=[android.intent.category.LAUNCHER] flg=0x10200000 cmp=com.UCMobile.x86/com.UCMobile.main.UCMobile bnds=[431,618][572,848] (has extras)} from pid 465
04-09 17:16:04.998 W/ContextImpl(  465): Calling a method in the system process without a qualified user: android.app.ContextImpl.sendBroadcast:1137 android.content.ContextWrapper.sendBroadcast:370 com.vphone.launcher.Stats.recordLaunch:129 com.vphone.launcher.Launcher.c:3179 com.vphone.launcher.Launcher.onClickAppShortcut:3117 
04-09 17:16:05.058 D/AndroidRuntime( 5657): CheckJNI is OFF
04-09 17:16:05.058 D/dalvikvm( 5657): Using executionMode 2
04-09 17:16:05.058 D/dalvikvm( 5657): Trying to load lib libjavacore.so 0x0
04-09 17:16:05.058 D/dalvikvm( 5657): Added shared lib libjavacore.so 0x0
04-09 17:16:05.058 D/dalvikvm( 5657): Trying to load lib libnativehelper.so 0x0
04-09 17:16:05.058 D/dalvikvm( 5657): Added shared lib libnativehelper.so 0x0
04-09 17:16:05.058 D/dalvikvm( 5657): No JNI_OnLoad found in libnativehelper.so 0x0, skipping init
04-09 17:16:05.068 D/dalvikvm( 5657): Note: class Landroid/app/ActivityManagerNative; has 179 unimplemented (abstract) methods
04-09 17:16:05.088 E/memtrack( 5657): Couldn't load memtrack module (No such file or directory)
04-09 17:16:05.088 E/android.os.Debug( 5657): failed to load memtrack module: -2
04-09 17:16:05.098 D/AndroidRuntime( 5657): Calling main entry com.android.commands.pm.Pm
04-09 17:16:05.108 D/AndroidRuntime( 5657): Shutting down VM
04-09 17:16:05.108 E/cutils-trace( 5657): Error opening trace file: No such file or directory (2)
04-09 17:16:05.108 D/dalvikvm( 5657): GC_CONCURRENT freed 154K, 22% free 567K/724K, paused 0ms+0ms, total 1ms
04-09 17:16:05.308 D/Sensors (  264): Client connection accepted (183)
04-09 17:16:05.538 W/PropertyValuesHolder(  465): Method setBrightness() with type int not found on target class class mh
04-09 17:16:05.538 W/PropertyValuesHolder(  465): Method getBrightness() with type int not found on target class class mh
04-09 17:16:05.578 I/ActivityManager(  264): START u0 {act=android.intent.action.MAIN cat=[android.intent.category.LAUNCHER] flg=0x10200000 cmp=com.bignox.google.installer/.MainActivity bnds=[8,618][149,848] (has extras)} from pid 465
04-09 17:16:05.578 W/ContextImpl(  465): Calling a method in the system process without a qualified user: android.app.ContextImpl.sendBroadcast:1137 android.content.ContextWrapper.sendBroadcast:370 com.vphone.launcher.Stats.recordLaunch:129 com.vphone.launcher.Launcher.c:3179 com.vphone.launcher.Launcher.onClickAppShortcut:3117 
04-09 17:16:05.728 E/SurfaceFlinger(  167): glCheckFramebufferStatusOES error 36054
04-09 17:16:05.728 E/SurfaceFlinger(  167): got GL_FRAMEBUFFER_COMPLETE_OES error while taking screenshot
04-09 17:16:05.738 D/SurfaceFlinger(  167): setOrientation, mFbdev=0xb8f85de0, mFbDev->setOrientation=0xb69a7ce0, orientation=0
04-09 17:16:05.738 I/gralloc_nox(  167): setOrientation: orientation=0
04-09 17:16:05.738 I/InputReader(  264): Reconfiguring input devices.  changes=0x00000004
04-09 17:16:05.738 I/InputReader(  264): Device reconfigured: id=1, name='seamless mouse', size 1280x720, orientation 0, mode 1, display id 0
04-09 17:16:05.738 I/InputReader(  264): Device reconfigured: id=3, name='Android Input', size 1280x720, orientation 0, mode 1, display id 0
04-09 17:16:05.738 I/InputReader(  264): Device reconfigured: id=8, name='VirtualBox USB Tablet', size 1280x720, orientation 0, mode 1, display id 0
04-09 17:16:05.738 I/ActivityManager(  264): Config changes=480 {1.0 460mcc7mnc zh_CN ldltr sw480dp w853dp h454dp 240dpi lrg long land finger qwerty/v/v dpad/v s.21}
04-09 17:16:05.738 D/Sensors (  264): Client connection accepted (184)
04-09 17:16:05.748 D/PhoneStatusBar(  352): mSettingsPanelGravity = 55
04-09 17:16:05.758 D/dalvikvm(  352): GC_FOR_ALLOC freed 2626K, 33% free 9408K/13916K, paused 3ms, total 3ms
04-09 17:16:05.758 I/dalvikvm-heap(  352): Grow heap (frag case) to 15.497MB for 6553612-byte allocation
04-09 17:16:05.758 D/dalvikvm(  352): GC_FOR_ALLOC freed 702K, 26% free 15105K/20320K, paused 3ms, total 3ms
04-09 17:16:05.768 D/dalvikvm(  352): GC_CONCURRENT freed 13K, 26% free 15091K/20320K, paused 1ms+1ms, total 4ms
04-09 17:16:05.818 W/DebugConnManager(  465): getNetworkInfo() on networkType 1
04-09 17:16:05.868 W/Launcher(  465): setApplicationContext called twice! old=com.vphone.launcher.LauncherApplication@4a7900b8 new=com.vphone.launcher.LauncherApplication@4a7900b8
04-09 17:16:05.868 W/ResourceType(  465): Attempt to retrieve bag 0x7f0e00a4 which is invalid or in a cycle.
04-09 17:16:05.878 D/Launcher(  465): 11683562 - bindAddScreens()
04-09 17:16:05.878 D/Launcher(  465): 11683562 -   orderedScreenIds: 1
04-09 17:16:05.878 D/Launcher.Workspace(  465): 11683562 - insertNewWorkspaceScreen(): 1 at index: 0
04-09 17:16:05.888 W/EGL_emulation(  352): eglSurfaceAttrib not implemented 3093 12436
04-09 17:16:05.898 E/AppsCustomizePagedView(  465): Widget ComponentInfo{com.tencent.padbrowser/com.tencent.padbrowser.ui.deskwidget.QuicklinkAppWidgetProvider4X5} can not fit on this device (480, 660)
04-09 17:16:05.898 W/ContextImpl(  465): Calling a method in the system process without a qualified user: android.app.ContextImpl.startService:1492 android.content.ContextWrapper.startService:494 com.vphone.launcher.Launcher.g:677 com.vphone.launcher.Launcher.a:176 com.vphone.launcher.Launcher$11.run:633 
04-09 17:16:06.058 W/EGL_emulation(  465): eglSurfaceAttrib not implemented 3093 12436
04-09 17:16:06.108 W/ContextImpl(  264): Calling a method in the system process without a qualified user: android.app.ContextImpl.sendBroadcast:1123 com.android.server.InputMethodManagerService.hideCurrentInputLocked:1880 com.android.server.InputMethodManagerService.windowGainedFocus:1968 com.android.internal.view.IInputMethodManager$Stub.onTransact:221 com.android.server.InputMethodManagerService.onTransact:818 
04-09 17:16:06.118 I/WindowManager(  264): Screen frozen for +400ms due to Window{4a9286b0 u0 com.vphone.launcher/com.vphone.launcher.Launcher}
04-09 17:16:06.408 E/shadowsocks( 2827): getpeername: Transport endpoint is not connected
04-09 17:16:06.628 W/PropertyValuesHolder(  465): Method setBrightness() with type int not found on target class class mh
04-09 17:16:06.628 W/PropertyValuesHolder(  465): Method getBrightness() with type int not found on target class class mh
04-09 17:16:06.638 I/ActivityManager(  264): START u0 {act=android.intent.action.MAIN cat=[android.intent.category.LAUNCHER] flg=0x10200000 cmp=com.android.gallery3d/.app.GalleryActivity bnds=[744,612][952,720] (has extras)} from pid 465
04-09 17:16:06.638 W/ContextImpl(  465): Calling a method in the system process without a qualified user: android.app.ContextImpl.sendBroadcast:1137 android.content.ContextWrapper.sendBroadcast:370 com.vphone.launcher.Stats.recordLaunch:129 com.vphone.launcher.Launcher.c:3179 com.vphone.launcher.Launcher.onClickAppShortcut:3117 
04-09 17:16:07.138 I/ActivityManager(  264): START u0 {act=android.intent.action.MAIN cat=[android.intent.category.LAUNCHER] flg=0x10200000 cmp=com.lemon.lemonban/.activity.WelcomeActivity} from pid 5345
04-09 17:16:07.158 I/ActivityManager(  264): Start proc com.lemon.lemonban for activity com.lemon.lemonban/.activity.WelcomeActivity: pid=5685 uid=10033 gids={50033, 3003, 1028, 1015, 1023, 3002, 3001}
04-09 17:16:07.168 W/ViewRootImpl(  465): Dropping event due to no window focus: KeyEvent { action=ACTION_DOWN, keyCode=KEYCODE_DPAD_UP, scanCode=0, metaState=0, flags=0x400, repeatCount=0, eventTime=26203142, downTime=26203142, deviceId=-1, source=0x101 }
04-09 17:16:07.168 W/ViewRootImpl(  465): Dropping event due to no window focus: KeyEvent { action=ACTION_DOWN, keyCode=KEYCODE_DPAD_UP, scanCode=0, metaState=0, flags=0x400, repeatCount=0, eventTime=26203142, downTime=26203142, deviceId=-1, source=0x101 }
04-09 17:16:07.168 W/ViewRootImpl(  465): Dropping event due to no window focus: MotionEvent { action=ACTION_MOVE, id[0]=0, x[0]=4.0, y[0]=-3.0, toolType[0]=TOOL_TYPE_UNKNOWN, buttonState=0, metaState=0, flags=0x0, edgeFlags=0x0, pointerCount=1, historySize=15, eventTime=26203134, downTime=-1, deviceId=0, source=0x10004 }
04-09 17:16:07.188 E/SurfaceFlinger(  167): glCheckFramebufferStatusOES error 36054
04-09 17:16:07.188 E/SurfaceFlinger(  167): got GL_FRAMEBUFFER_COMPLETE_OES error while taking screenshot
04-09 17:16:07.188 D/SurfaceFlinger(  167): setOrientation, mFbdev=0xb8f85de0, mFbDev->setOrientation=0xb69a7ce0, orientation=3
04-09 17:16:07.188 I/gralloc_nox(  167): setOrientation: orientation=3
04-09 17:16:07.188 I/ActivityManager(  264): Config changes=480 {1.0 460mcc7mnc zh_CN ldltr sw480dp w480dp h828dp 240dpi lrg long port finger qwerty/v/v dpad/v s.22}
04-09 17:16:07.198 D/PhoneStatusBar(  352): mSettingsPanelGravity = 55
04-09 17:16:07.198 I/InputReader(  264): Reconfiguring input devices.  changes=0x00000004
04-09 17:16:07.198 I/InputReader(  264): Device reconfigured: id=1, name='seamless mouse', size 1280x720, orientation 3, mode 1, display id 0
04-09 17:16:07.198 I/InputReader(  264): Device reconfigured: id=3, name='Android Input', size 1280x720, orientation 3, mode 1, display id 0
04-09 17:16:07.198 I/InputReader(  264): Reconfiguring input devices.  changes=0x00000004
04-09 17:16:07.198 I/InputReader(  264): Device reconfigured: id=8, name='VirtualBox USB Tablet', size 1280x720, orientation 3, mode 1, display id 0
04-09 17:16:07.248 I/dalvikvm( 5685): ignoring registerObject request in thread=1
04-09 17:16:07.248 I/dalvikvm( 5685): ignoring registerObject request in thread=1
04-09 17:16:07.248 D/dalvikvm(  352): GC_FOR_ALLOC freed 6441K, 38% free 8694K/13916K, paused 2ms, total 3ms
04-09 17:16:07.248 I/dalvikvm( 5685): Could not find method android.view.ViewGroup.<init>, referenced from method com.scwang.smartrefresh.layout.SmartRefreshLayout.<init>
04-09 17:16:07.248 W/dalvikvm( 5685): VFY: unable to resolve direct method 21745: Landroid/view/ViewGroup;.<init> (Landroid/content/Context;Landroid/util/AttributeSet;II)V
04-09 17:16:07.248 D/dalvikvm( 5685): VFY: replacing opcode 0x70 at 0x0007
04-09 17:16:07.248 I/dalvikvm-heap(  352): Grow heap (frag case) to 14.800MB for 6553612-byte allocation
04-09 17:16:07.258 D/dalvikvm(  352): GC_CONCURRENT freed 3K, 26% free 15090K/20320K, paused 1ms+0ms, total 3ms
04-09 17:16:07.268 I/dalvikvm( 5685): Could not find method android.view.Window$Callback.onProvideKeyboardShortcuts, referenced from method android.support.v7.view.WindowCallbackWrapper.onProvideKeyboardShortcuts
04-09 17:16:07.268 W/dalvikvm( 5685): VFY: unable to resolve interface method 21929: Landroid/view/Window$Callback;.onProvideKeyboardShortcuts (Ljava/util/List;Landroid/view/Menu;I)V
04-09 17:16:07.268 D/dalvikvm( 5685): VFY: replacing opcode 0x72 at 0x0002
04-09 17:16:07.268 W/dalvikvm( 5685): VFY: unable to find class referenced in signature (Landroid/view/SearchEvent;)
04-09 17:16:07.268 I/dalvikvm( 5685): Could not find method android.view.Window$Callback.onSearchRequested, referenced from method android.support.v7.view.WindowCallbackWrapper.onSearchRequested
04-09 17:16:07.268 W/dalvikvm( 5685): VFY: unable to resolve interface method 21931: Landroid/view/Window$Callback;.onSearchRequested (Landroid/view/SearchEvent;)Z
04-09 17:16:07.268 D/dalvikvm( 5685): VFY: replacing opcode 0x72 at 0x0002
04-09 17:16:07.268 I/dalvikvm( 5685): Could not find method android.view.Window$Callback.onWindowStartingActionMode, referenced from method android.support.v7.view.WindowCallbackWrapper.onWindowStartingActionMode
04-09 17:16:07.268 W/dalvikvm( 5685): VFY: unable to resolve interface method 21935: Landroid/view/Window$Callback;.onWindowStartingActionMode (Landroid/view/ActionMode$Callback;I)Landroid/view/ActionMode;
04-09 17:16:07.268 D/dalvikvm( 5685): VFY: replacing opcode 0x72 at 0x0002
04-09 17:16:07.268 I/dalvikvm( 5685): Could not find method android.content.res.TypedArray.getChangingConfigurations, referenced from method android.support.v7.widget.TintTypedArray.getChangingConfigurations
04-09 17:16:07.268 W/dalvikvm( 5685): VFY: unable to resolve virtual method 661: Landroid/content/res/TypedArray;.getChangingConfigurations ()I
04-09 17:16:07.268 D/dalvikvm( 5685): VFY: replacing opcode 0x6e at 0x0002
04-09 17:16:07.268 I/dalvikvm( 5685): Could not find method android.content.res.TypedArray.getType, referenced from method android.support.v7.widget.TintTypedArray.getType
04-09 17:16:07.268 W/dalvikvm( 5685): VFY: unable to resolve virtual method 683: Landroid/content/res/TypedArray;.getType (I)I
04-09 17:16:07.268 D/dalvikvm( 5685): VFY: replacing opcode 0x6e at 0x0008
04-09 17:16:07.268 I/dalvikvm( 5685): Could not find method android.content.res.Resources.getDrawable, referenced from method android.support.v7.widget.ResourcesWrapper.getDrawable
04-09 17:16:07.268 W/dalvikvm( 5685): VFY: unable to resolve virtual method 624: Landroid/content/res/Resources;.getDrawable (ILandroid/content/res/Resources$Theme;)Landroid/graphics/drawable/Drawable;
04-09 17:16:07.268 D/dalvikvm( 5685): VFY: replacing opcode 0x6e at 0x0002
04-09 17:16:07.268 I/dalvikvm( 5685): Could not find method android.content.res.Resources.getDrawableForDensity, referenced from method android.support.v7.widget.ResourcesWrapper.getDrawableForDensity
04-09 17:16:07.268 W/dalvikvm( 5685): VFY: unable to resolve virtual method 626: Landroid/content/res/Resources;.getDrawableForDensity (IILandroid/content/res/Resources$Theme;)Landroid/graphics/drawable/Drawable;
04-09 17:16:07.268 D/dalvikvm( 5685): VFY: replacing opcode 0x6e at 0x0002
04-09 17:16:07.268 D/dalvikvm( 5685): JIT code cache reset in 0 ms (0 bytes 1/0)
04-09 17:16:07.268 D/dalvikvm( 5685): GC_FOR_ALLOC freed 261K, 10% free 2951K/3276K, paused 3ms, total 3ms
04-09 17:16:07.278 I/dalvikvm-heap( 5685): Grow heap (frag case) to 4.566MB for 1705612-byte allocation
04-09 17:16:07.278 D/dalvikvm( 5685): GC_CONCURRENT freed 3K, 7% free 4613K/4944K, paused 0ms+0ms, total 2ms
04-09 17:16:07.278 E/dalvikvm( 5685): Could not find class 'android.graphics.drawable.RippleDrawable', referenced from method android.support.v7.widget.AppCompatImageHelper.hasOverlappingRendering
04-09 17:16:07.278 W/dalvikvm( 5685): VFY: unable to resolve instanceof 185 (Landroid/graphics/drawable/RippleDrawable;) in Landroid/support/v7/widget/AppCompatImageHelper;
04-09 17:16:07.278 D/dalvikvm( 5685): VFY: replacing opcode 0x20 at 0x000c
04-09 17:16:07.388 D/libEGL  ( 5685): loaded /system/lib/egl/libEGL_adreno.so
04-09 17:16:07.408 W/EGL_emulation(  352): eglSurfaceAttrib not implemented 3093 12436
04-09 17:16:07.408 D/        ( 5685): HostConnection::get() New Host Connection established 0xb80e7860, tid 5685
04-09 17:16:07.408 D/libEGL  ( 5685): loaded /system/lib/egl/libGLESv1_CM_adreno.so
04-09 17:16:07.408 D/libEGL  ( 5685): loaded /system/lib/egl/libGLESv2_adreno.so
04-09 17:16:07.538 W/EGL_emulation( 5685): eglSurfaceAttrib not implemented 3093 12436
04-09 17:16:07.538 D/OpenGLRenderer( 5685): Enabling debug mode 0
04-09 17:16:07.538 W/IInputConnectionWrapper(  465): showStatusIcon on inactive InputConnection
04-09 17:16:07.538 W/ContextImpl(  264): Calling a method in the system process without a qualified user: android.app.ContextImpl.sendBroadcast:1123 com.android.server.InputMethodManagerService.hideCurrentInputLocked:1880 com.android.server.InputMethodManagerService.windowGainedFocus:1968 com.android.internal.view.IInputMethodManager$Stub.onTransact:221 com.android.server.InputMethodManagerService.onTransact:818 
04-09 17:16:07.598 D/AndroidRuntime( 5699): 
04-09 17:16:07.598 D/AndroidRuntime( 5699): >>>>>> AndroidRuntime START com.android.internal.os.RuntimeInit <<<<<<
04-09 17:16:07.608 I/ActivityManager(  264): Displayed com.lemon.lemonban/.activity.WelcomeActivity: +457ms (total +3s362ms)
04-09 17:16:07.668 I/WindowManager(  264): Screen frozen for +498ms due to Window{4a9206fc u0 com.lemon.lemonban/com.lemon.lemonban.activity.WelcomeActivity}
04-09 17:16:07.698 D/AndroidRuntime( 5699): CheckJNI is OFF
04-09 17:16:07.698 D/dalvikvm( 5699): Using executionMode 2
04-09 17:16:07.698 D/dalvikvm( 5699): Trying to load lib libjavacore.so 0x0
04-09 17:16:07.698 D/dalvikvm( 5699): Added shared lib libjavacore.so 0x0
04-09 17:16:07.698 D/dalvikvm( 5699): Trying to load lib libnativehelper.so 0x0
04-09 17:16:07.698 D/dalvikvm( 5699): Added shared lib libnativehelper.so 0x0
04-09 17:16:07.698 D/dalvikvm( 5699): No JNI_OnLoad found in libnativehelper.so 0x0, skipping init
04-09 17:16:07.708 D/dalvikvm( 5699): Note: class Landroid/app/ActivityManagerNative; has 179 unimplemented (abstract) methods
04-09 17:16:07.728 E/memtrack( 5699): Couldn't load memtrack module (No such file or directory)
04-09 17:16:07.728 E/android.os.Debug( 5699): failed to load memtrack module: -2
04-09 17:16:07.738 D/AndroidRuntime( 5699): Calling main entry com.android.commands.pm.Pm
04-09 17:16:07.748 D/AndroidRuntime( 5699): Shutting down VM
04-09 17:16:07.748 E/cutils-trace( 5699): Error opening trace file: No such file or directory (2)
04-09 17:16:07.748 D/dalvikvm( 5699): GC_CONCURRENT freed 154K, 22% free 567K/724K, paused 0ms+0ms, total 1ms
04-09 17:16:09.058 I/ActivityManager(  264): START u0 {cmp=com.lemon.lemonban/.activity.MainActivity} from pid 5685
04-09 17:16:09.088 W/dalvikvm( 5685): VFY: unable to find class referenced in signature (Landroid/os/PersistableBundle;)
04-09 17:16:09.088 I/dalvikvm( 5685): Could not find method com.lemon.lemonban.base.BaseActivity.onSaveInstanceState, referenced from method com.lemon.lemonban.activity.MainActivity.onSaveInstanceState
04-09 17:16:09.088 W/dalvikvm( 5685): VFY: unable to resolve virtual method 34408: Lcom/lemon/lemonban/base/BaseActivity;.onSaveInstanceState (Landroid/os/Bundle;Landroid/os/PersistableBundle;)V
04-09 17:16:09.088 D/dalvikvm( 5685): VFY: replacing opcode 0x6f at 0x000f
04-09 17:16:09.088 I/dalvikvm( 5685): Could not find method android.content.Context.getColorStateList, referenced from method android.support.v7.content.res.AppCompatResources.getColorStateList
04-09 17:16:09.088 W/dalvikvm( 5685): VFY: unable to resolve virtual method 416: Landroid/content/Context;.getColorStateList (I)Landroid/content/res/ColorStateList;
04-09 17:16:09.088 D/dalvikvm( 5685): VFY: replacing opcode 0x6e at 0x0006
04-09 17:16:09.098 I/dalvikvm( 5685): Could not find method android.view.Window.setStatusBarColor, referenced from method com.lemon.lemonban.tools.StatusBarUtil.transparencyBar
04-09 17:16:09.098 W/dalvikvm( 5685): VFY: unable to resolve virtual method 21953: Landroid/view/Window;.setStatusBarColor (I)V
04-09 17:16:09.098 D/dalvikvm( 5685): VFY: replacing opcode 0x6e at 0x001e
04-09 17:16:09.108 D/dalvikvm( 5685): GC_CONCURRENT freed 236K, 6% free 4915K/5212K, paused 0ms+2ms, total 4ms
04-09 17:16:09.148 I/lemonban( 5685): Enabling web debugging
04-09 17:16:09.148 V/WebViewChromium( 5685): Binding Chromium to the main looper Looper (main, tid 1) {4a78d9f0}
04-09 17:16:09.148 I/chromium( 5685): [INFO:library_loader_hooks.cc(112)] Chromium logging enabled: level = 0, default verbosity = 0
04-09 17:16:09.148 I/BrowserProcessMain( 5685): Initializing chromium process, renderers=0
04-09 17:16:09.148 I/dalvikvm( 5719): ignoring registerObject request in thread=1
04-09 17:16:09.148 I/dalvikvm( 5719): ignoring registerObject request in thread=1
04-09 17:16:09.148 I/ActivityManager(  264): Start proc com.lemon.lemonban:pushservice for service com.lemon.lemonban/.service.LemonPushService: pid=5719 uid=10033 gids={50033, 3003, 1028, 1015, 1023, 3002, 3001}
04-09 17:16:09.158 W/chromium( 5685): [WARNING:proxy_service.cc(888)] PAC support disabled because there is no system implementation
04-09 17:16:09.158 I/dalvikvm( 5719): Could not find method android.view.ViewGroup.<init>, referenced from method com.scwang.smartrefresh.layout.SmartRefreshLayout.<init>
04-09 17:16:09.158 W/dalvikvm( 5719): VFY: unable to resolve direct method 21745: Landroid/view/ViewGroup;.<init> (Landroid/content/Context;Landroid/util/AttributeSet;II)V
04-09 17:16:09.158 D/dalvikvm( 5719): VFY: replacing opcode 0x70 at 0x0007
04-09 17:16:09.168 D/dalvikvm( 5719): DexOpt: couldn't find static field Landroid/os/Build;.SUPPORTED_ABIS
04-09 17:16:09.168 W/dalvikvm( 5719): VFY: unable to resolve static field 157 (SUPPORTED_ABIS) in Landroid/os/Build;
04-09 17:16:09.168 D/dalvikvm( 5719): VFY: replacing opcode 0x62 at 0x0006
04-09 17:16:09.168 D/dalvikvm( 5719): DexOpt: couldn't find static field Landroid/os/Build;.SUPPORTED_ABIS
04-09 17:16:09.168 I/dalvikvm( 5719): DexOpt: unable to optimize static field ref 0x009d at 0x0b in Lcom/igexin/a/j;.a
04-09 17:16:09.168 I/dalvikvm( 5685): Could not find method android.view.Window.setStatusBarColor, referenced from method com.wuhenzhizao.utils.AppUtils.transparencyBar
04-09 17:16:09.168 W/dalvikvm( 5685): VFY: unable to resolve virtual method 21953: Landroid/view/Window;.setStatusBarColor (I)V
04-09 17:16:09.168 D/dalvikvm( 5685): VFY: replacing opcode 0x6e at 0x0037
04-09 17:16:09.168 D/dalvikvm( 5719): JIT code cache reset in 0 ms (0 bytes 1/0)
04-09 17:16:09.178 D/dalvikvm( 5719): GC_CONCURRENT freed 297K, 11% free 2931K/3292K, paused 2ms+0ms, total 4ms
04-09 17:16:09.178 I/Process ( 5719): Sending signal. PID: 5719 SIG: 9
04-09 17:16:09.178 D/dalvikvm( 5685): GC_FOR_ALLOC freed 352K, 8% free 5185K/5600K, paused 3ms, total 3ms
04-09 17:16:09.178 D/dalvikvm( 5685): GC_CONCURRENT freed 2K, 8% free 5327K/5748K, paused 1ms+1ms, total 3ms
04-09 17:16:09.178 I/ActivityManager(  264): Process com.lemon.lemonban:pushservice (pid 5719) has died.
04-09 17:16:09.188 W/DebugConnManager( 5685): getNetworkInfo() on networkType 1
04-09 17:16:09.188 W/DebugConnManager( 5685): getNetworkInfo() on networkType 1
04-09 17:16:09.198 I/dalvikvm( 5685): Could not find method android.view.ViewGroup.<init>, referenced from method com.scwang.smartrefresh.header.MaterialHeader.<init>
04-09 17:16:09.198 W/dalvikvm( 5685): VFY: unable to resolve direct method 21745: Landroid/view/ViewGroup;.<init> (Landroid/content/Context;Landroid/util/AttributeSet;II)V
04-09 17:16:09.198 D/dalvikvm( 5685): VFY: replacing opcode 0x70 at 0x0000
04-09 17:16:09.208 I/dalvikvm( 5685): Could not find method com.scwang.smartrefresh.header.material.CircleImageView.setElevation, referenced from method com.scwang.smartrefresh.header.material.CircleImageView.<init>
04-09 17:16:09.208 W/dalvikvm( 5685): VFY: unable to resolve virtual method 40338: Lcom/scwang/smartrefresh/header/material/CircleImageView;.setElevation (F)V
04-09 17:16:09.208 D/dalvikvm( 5685): VFY: replacing opcode 0x6e at 0x0031
04-09 17:16:09.208 I/dalvikvm( 5685): Could not find method android.content.res.Resources.getColor, referenced from method com.scwang.smartrefresh.header.material.CircleImageView.setBackgroundColorRes
04-09 17:16:09.208 W/dalvikvm( 5685): VFY: unable to resolve virtual method 615: Landroid/content/res/Resources;.getColor (ILandroid/content/res/Resources$Theme;)I
04-09 17:16:09.208 D/dalvikvm( 5685): VFY: replacing opcode 0x6e at 0x0012
04-09 17:16:09.228 W/EGL_emulation( 5685): eglSurfaceAttrib not implemented 3093 12436
04-09 17:16:09.238 D/dalvikvm( 5685): GC_CONCURRENT freed 288K, 6% free 5756K/6112K, paused 3ms+0ms, total 5ms
04-09 17:16:09.248 W/ContextImpl(  264): Calling a method in the system process without a qualified user: android.app.ContextImpl.sendBroadcast:1123 com.android.server.InputMethodManagerService.hideCurrentInputLocked:1880 com.android.server.InputMethodManagerService.windowGainedFocus:1968 com.android.internal.view.IInputMethodManager$Stub.onTransact:221 com.android.server.InputMethodManagerService.onTransact:818 
04-09 17:16:09.298 I/ActivityManager(  264): Displayed com.lemon.lemonban/.activity.MainActivity: +225ms
04-09 17:16:09.298 W/DebugConnManager(  465): getNetworkInfo() on networkType 1
04-09 17:16:09.708 D/dalvikvm(  264): GC_EXPLICIT freed 1047K, 33% free 12373K/18344K, paused 1ms+1ms, total 14ms
04-09 17:16:10.208 W/dalvikvm( 5685): VFY: unable to find class referenced in signature (Ljava/nio/file/Path;)
04-09 17:16:10.208 W/dalvikvm( 5685): VFY: unable to find class referenced in signature ([Ljava/nio/file/OpenOption;)
04-09 17:16:10.208 I/dalvikvm( 5685): Could not find method java.nio.file.Files.newOutputStream, referenced from method okio.Okio.sink
04-09 17:16:10.208 W/dalvikvm( 5685): VFY: unable to resolve static method 43676: Ljava/nio/file/Files;.newOutputStream (Ljava/nio/file/Path;[Ljava/nio/file/OpenOption;)Ljava/io/OutputStream;
04-09 17:16:10.208 D/dalvikvm( 5685): VFY: replacing opcode 0x71 at 0x000a
04-09 17:16:10.208 W/dalvikvm( 5685): VFY: unable to find class referenced in signature (Ljava/nio/file/Path;)
04-09 17:16:10.208 W/dalvikvm( 5685): VFY: unable to find class referenced in signature ([Ljava/nio/file/OpenOption;)
04-09 17:16:10.208 I/dalvikvm( 5685): Could not find method java.nio.file.Files.newInputStream, referenced from method okio.Okio.source
04-09 17:16:10.208 W/dalvikvm( 5685): VFY: unable to resolve static method 43675: Ljava/nio/file/Files;.newInputStream (Ljava/nio/file/Path;[Ljava/nio/file/OpenOption;)Ljava/io/InputStream;
04-09 17:16:10.208 D/dalvikvm( 5685): VFY: replacing opcode 0x71 at 0x000a
04-09 17:16:10.248 D/JsonResponseBody( 5685): {"status":1,"code":"1001","data":{"vcode":"20181113","vname":"2.1.2","url":"http://m.lemonban.com//download/2018/11/12/1542011436734.apk","remark":"1\r\n2\r\nTips"},"msg":"app"}
04-09 17:16:10.278 D/JsonResponseBody( 5685): {"status":1,"code":"1001","data":{"bannerList":[{"id":11,"imageUrl":"http://f.lemonban.com/group1/M00/00/00/rBLKvFxmq9-AeD8vAAHop7yt5NM225.jpg","redirectUrl":"https://ke.qq.com/course/352400","lastupdatetime":""},{"id":12,"imageUrl":"http://f.lemonban.com/group1/M00/00/00/rBLKvFxmrOCAKwBpAAIscDugDPE374.jpg","redirectUrl":"https://ke.qq.com/course/282859","lastupdatetime":""},{"id":14,"imageUrl":"http://f.lemonban.com/group1/M00/00/00/rBLKvFxmrVmANX6rAAC4hPjK5h8240.jpg","redirectUrl":"https://ke.qq.com/course/352400","lastupdatetime":""},{"id":23,"imageUrl":"http://f.lemonban.com/group1/M00/00/00/rBLKvFxmrzKAL3A4AABtb5Wxb28005.jpg","redirectUrl":"https://ke.qq.com/course/264633","lastupdatetime":""}]},"msg":"banner"}
04-09 17:16:10.288 D/dalvikvm( 5685): GC_FOR_ALLOC freed 237K, 5% free 6057K/6356K, paused 7ms, total 7ms
04-09 17:16:10.348 D/dalvikvm( 5685): GC_CONCURRENT freed 2000K, 30% free 5004K/7068K, paused 1ms+1ms, total 8ms
04-09 17:16:10.368 D/dalvikvm( 5685): GC_CONCURRENT freed 43K, 20% free 5657K/7068K, paused 2ms+1ms, total 9ms
04-09 17:16:10.438 I/ActivityManager(  264): START u0 {cmp=com.lemon.lemonban/.activity.WebActivity (has extras)} from pid 5685
04-09 17:16:10.458 W/dalvikvm( 5685): VFY: unable to find class referenced in signature (Landroid/webkit/WebResourceRequest;)
04-09 17:16:10.458 I/dalvikvm( 5685): Could not find method android.webkit.WebViewClient.shouldOverrideUrlLoading, referenced from method com.lemon.lemonban.base.BaseWebActivity$2.shouldOverrideUrlLoading
04-09 17:16:10.458 W/dalvikvm( 5685): VFY: unable to resolve virtual method 22412: Landroid/webkit/WebViewClient;.shouldOverrideUrlLoading (Landroid/webkit/WebView;Landroid/webkit/WebResourceRequest;)Z
04-09 17:16:10.458 D/dalvikvm( 5685): VFY: replacing opcode 0x6f at 0x0000
04-09 17:16:10.458 D/dalvikvm( 5685): GC_CONCURRENT freed 34K, 8% free 6537K/7068K, paused 1ms+0ms, total 4ms
04-09 17:16:10.458 I/dalvikvm( 5685): Could not find method android.webkit.CookieManager.removeAllCookies, referenced from method com.just.library.AgentWebConfig.removeAllCookies
04-09 17:16:10.458 W/dalvikvm( 5685): VFY: unable to resolve virtual method 22268: Landroid/webkit/CookieManager;.removeAllCookies (Landroid/webkit/ValueCallback;)V
04-09 17:16:10.458 D/dalvikvm( 5685): VFY: replacing opcode 0x6e at 0x002f
04-09 17:16:10.458 I/dalvikvm( 5685): Could not find method android.webkit.CookieManager.removeSessionCookies, referenced from method com.just.library.AgentWebConfig.removeSessionCookies
04-09 17:16:10.458 W/dalvikvm( 5685): VFY: unable to resolve virtual method 22271: Landroid/webkit/CookieManager;.removeSessionCookies (Landroid/webkit/ValueCallback;)V
04-09 17:16:10.458 D/dalvikvm( 5685): VFY: replacing opcode 0x6e at 0x0034
04-09 17:16:10.468 I/dalvikvm( 5685): Could not find method android.webkit.WebSettings.setMixedContentMode, referenced from method com.just.library.WebDefaultSettingsManager.settings
04-09 17:16:10.468 W/dalvikvm( 5685): VFY: unable to resolve virtual method 22344: Landroid/webkit/WebSettings;.setMixedContentMode (I)V
04-09 17:16:10.468 D/dalvikvm( 5685): VFY: replacing opcode 0x6e at 0x0038
04-09 17:16:10.468 I/AgentWebView( 5685): 
04-09 17:16:10.468 E/dalvikvm( 5685): Could not find class 'android.webkit.WebChromeClient$FileChooserParams', referenced from method com.just.library.DefaultChromeClient.onShowFileChooser
04-09 17:16:10.468 W/dalvikvm( 5685): VFY: unable to resolve const-class 2669 (Landroid/webkit/WebChromeClient$FileChooserParams;) in Lcom/just/library/DefaultChromeClient;
04-09 17:16:10.468 D/dalvikvm( 5685): VFY: replacing opcode 0x1c at 0x001b
04-09 17:16:10.468 W/dalvikvm( 5685): VFY: unable to find class referenced in signature (Landroid/webkit/PermissionRequest;)
04-09 17:16:10.468 I/dalvikvm( 5685): Could not find method android.webkit.WebChromeClient.onPermissionRequest, referenced from method com.just.library.WebChromeClientProgressWrapper.onPermissionRequest
04-09 17:16:10.468 W/dalvikvm( 5685): VFY: unable to resolve virtual method 22307: Landroid/webkit/WebChromeClient;.onPermissionRequest (Landroid/webkit/PermissionRequest;)V
04-09 17:16:10.468 D/dalvikvm( 5685): VFY: replacing opcode 0x6e at 0x0006
04-09 17:16:10.468 I/dalvikvm( 5685): Could not find method com.just.library.ChromeClientProgress.onPermissionRequest, referenced from method com.just.library.WebChromeClientProgressWrapper.onPermissionRequest
04-09 17:16:10.468 W/dalvikvm( 5685): VFY: unable to resolve virtual method 32859: Lcom/just/library/ChromeClientProgress;.onPermissionRequest (Landroid/webkit/PermissionRequest;)V
04-09 17:16:10.468 D/dalvikvm( 5685): VFY: replacing opcode 0x6f at 0x000a
04-09 17:16:10.468 W/dalvikvm( 5685): VFY: unable to find class referenced in signature (Landroid/webkit/PermissionRequest;)
04-09 17:16:10.468 I/dalvikvm( 5685): Could not find method android.webkit.WebChromeClient.onPermissionRequestCanceled, referenced from method com.just.library.WebChromeClientProgressWrapper.onPermissionRequestCanceled
04-09 17:16:10.468 W/dalvikvm( 5685): VFY: unable to resolve virtual method 22308: Landroid/webkit/WebChromeClient;.onPermissionRequestCanceled (Landroid/webkit/PermissionRequest;)V
04-09 17:16:10.468 D/dalvikvm( 5685): VFY: replacing opcode 0x6e at 0x0006
04-09 17:16:10.468 I/dalvikvm( 5685): Could not find method com.just.library.ChromeClientProgress.onPermissionRequestCanceled, referenced from method com.just.library.WebChromeClientProgressWrapper.onPermissionRequestCanceled
04-09 17:16:10.468 W/dalvikvm( 5685): VFY: unable to resolve virtual method 32860: Lcom/just/library/ChromeClientProgress;.onPermissionRequestCanceled (Landroid/webkit/PermissionRequest;)V
04-09 17:16:10.468 D/dalvikvm( 5685): VFY: replacing opcode 0x6f at 0x000a
04-09 17:16:10.468 I/dalvikvm( 5685): Could not find method android.webkit.WebChromeClient.onShowFileChooser, referenced from method com.just.library.WebChromeClientProgressWrapper.onShowFileChooser
04-09 17:16:10.468 W/dalvikvm( 5685): VFY: unable to resolve virtual method 22317: Landroid/webkit/WebChromeClient;.onShowFileChooser (Landroid/webkit/WebView;Landroid/webkit/ValueCallback;Landroid/webkit/WebChromeClient$FileChooserParams;)Z
04-09 17:16:10.468 D/dalvikvm( 5685): VFY: replacing opcode 0x6e at 0x0006
04-09 17:16:10.468 I/dalvikvm( 5685): Could not find method com.just.library.ChromeClientProgress.onShowFileChooser, referenced from method com.just.library.WebChromeClientProgressWrapper.onShowFileChooser
04-09 17:16:10.468 W/dalvikvm( 5685): VFY: unable to resolve virtual method 32869: Lcom/just/library/ChromeClientProgress;.onShowFileChooser (Landroid/webkit/WebView;Landroid/webkit/ValueCallback;Landroid/webkit/WebChromeClient$FileChooserParams;)Z
04-09 17:16:10.468 D/dalvikvm( 5685): VFY: replacing opcode 0x6f at 0x000b
04-09 17:16:10.468 E/dalvikvm( 5685): Could not find class 'com.alipay.sdk.app.PayTask', referenced from method com.just.library.DefaultWebClient.isAlipay
04-09 17:16:10.468 W/dalvikvm( 5685): VFY: unable to resolve new-instance 3165 (Lcom/alipay/sdk/app/PayTask;) in Lcom/just/library/DefaultWebClient;
04-09 17:16:10.468 D/dalvikvm( 5685): VFY: replacing opcode 0x22 at 0x0010
04-09 17:16:10.468 W/dalvikvm( 5685): VFY: unable to find class referenced in signature (Landroid/webkit/WebResourceRequest;)
04-09 17:16:10.468 W/dalvikvm( 5685): VFY: unable to find class referenced in signature (Landroid/webkit/WebResourceError;)
04-09 17:16:10.468 W/dalvikvm( 5685): VFY: unable to find class referenced in signature (Landroid/webkit/WebResourceRequest;)
04-09 17:16:10.468 W/dalvikvm( 5685): VFY: unable to find class referenced in signature (Landroid/webkit/WebResourceError;)
04-09 17:16:10.468 W/dalvikvm( 5685): VFY: unable to find class referenced in signature (Landroid/webkit/WebResourceRequest;)
04-09 17:16:10.468 W/dalvikvm( 5685): VFY: unable to find class referenced in signature (Landroid/webkit/WebResourceRequest;)
04-09 17:16:10.468 W/dalvikvm( 5685): VFY: unable to find class referenced in signature (Landroid/webkit/WebResourceRequest;)
04-09 17:16:10.468 W/dalvikvm( 5685): VFY: unable to find class referenced in signature (Landroid/webkit/WebResourceRequest;)
04-09 17:16:10.468 W/dalvikvm( 5685): VFY: unable to find class referenced in signature (Landroid/webkit/WebResourceRequest;)
04-09 17:16:10.468 I/dalvikvm( 5685): Could not find method android.webkit.WebResourceRequest.getUrl, referenced from method com.just.library.DefaultWebClient.shouldOverrideUrlLoading
04-09 17:16:10.468 W/dalvikvm( 5685): VFY: unable to resolve interface method 22319: Landroid/webkit/WebResourceRequest;.getUrl ()Landroid/net/Uri;
04-09 17:16:10.468 D/dalvikvm( 5685): VFY: replacing opcode 0x72 at 0x000f
04-09 17:16:10.468 D/dalvikvm( 5685): DexOpt: unable to opt direct call 0x662e at 0x12 in Lcom/just/library/DefaultWebClient;.isAlipay
04-09 17:16:10.468 I/dalvikvm( 5685): Could not find method android.webkit.WebViewClient.onPageCommitVisible, referenced from method com.just.library.WrapperWebViewClient.onPageCommitVisible
04-09 17:16:10.468 W/dalvikvm( 5685): VFY: unable to resolve virtual method 22396: Landroid/webkit/WebViewClient;.onPageCommitVisible (Landroid/webkit/WebView;Ljava/lang/String;)V
04-09 17:16:10.468 D/dalvikvm( 5685): VFY: replacing opcode 0x6e at 0x0006
04-09 17:16:10.468 I/dalvikvm( 5685): Could not find method android.webkit.WebViewClient.onPageCommitVisible, referenced from method com.just.library.WrapperWebViewClient.onPageCommitVisible
04-09 17:16:10.468 W/dalvikvm( 5685): VFY: unable to resolve virtual method 22396: Landroid/webkit/WebViewClient;.onPageCommitVisible (Landroid/webkit/WebView;Ljava/lang/String;)V
04-09 17:16:10.468 D/dalvikvm( 5685): VFY: replacing opcode 0x6f at 0x000a
04-09 17:16:10.468 W/dalvikvm( 5685): VFY: unable to find class referenced in signature (Landroid/webkit/ClientCertRequest;)
04-09 17:16:10.468 I/dalvikvm( 5685): Could not find method android.webkit.WebViewClient.onReceivedClientCertRequest, referenced from method com.just.library.WrapperWebViewClient.onReceivedClientCertRequest
04-09 17:16:10.468 W/dalvikvm( 5685): VFY: unable to resolve virtual method 22399: Landroid/webkit/WebViewClient;.onReceivedClientCertRequest (Landroid/webkit/WebView;Landroid/webkit/ClientCertRequest;)V
04-09 17:16:10.468 D/dalvikvm( 5685): VFY: replacing opcode 0x6e at 0x0006
04-09 17:16:10.468 I/dalvikvm( 5685): Could not find method android.webkit.WebViewClient.onReceivedClientCertRequest, referenced from method com.just.library.WrapperWebViewClient.onReceivedClientCertRequest
04-09 17:16:10.468 W/dalvikvm( 5685): VFY: unable to resolve virtual method 22399: Landroid/webkit/WebViewClient;.onReceivedClientCertRequest (Landroid/webkit/WebView;Landroid/webkit/ClientCertRequest;)V
04-09 17:16:10.468 D/dalvikvm( 5685): VFY: replacing opcode 0x6f at 0x000a
04-09 17:16:10.468 W/dalvikvm( 5685): VFY: unable to find class referenced in signature (Landroid/webkit/WebResourceRequest;)
04-09 17:16:10.468 W/dalvikvm( 5685): VFY: unable to find class referenced in signature (Landroid/webkit/WebResourceError;)
04-09 17:16:10.468 I/dalvikvm( 5685): Could not find method android.webkit.WebViewClient.onReceivedError, referenced from method com.just.library.WrapperWebViewClient.onReceivedError
04-09 17:16:10.468 W/dalvikvm( 5685): VFY: unable to resolve virtual method 22401: Landroid/webkit/WebViewClient;.onReceivedError (Landroid/webkit/WebView;Landroid/webkit/WebResourceRequest;Landroid/webkit/WebResourceError;)V
04-09 17:16:10.468 D/dalvikvm( 5685): VFY: replacing opcode 0x6e at 0x0006
04-09 17:16:10.468 I/dalvikvm( 5685): Could not find method android.webkit.WebViewClient.onReceivedError, referenced from method com.just.library.WrapperWebViewClient.onReceivedError
04-09 17:16:10.468 W/dalvikvm( 5685): VFY: unable to resolve virtual method 22401: Landroid/webkit/WebViewClient;.onReceivedError (Landroid/webkit/WebView;Landroid/webkit/WebResourceRequest;Landroid/webkit/WebResourceError;)V
04-09 17:16:10.468 D/dalvikvm( 5685): VFY: replacing opcode 0x6f at 0x000a
04-09 17:16:10.468 W/dalvikvm( 5685): VFY: unable to find class referenced in signature (Landroid/webkit/WebResourceRequest;)
04-09 17:16:10.468 I/dalvikvm( 5685): Could not find method android.webkit.WebViewClient.onReceivedHttpError, referenced from method com.just.library.WrapperWebViewClient.onReceivedHttpError
04-09 17:16:10.468 W/dalvikvm( 5685): VFY: unable to resolve virtual method 22403: Landroid/webkit/WebViewClient;.onReceivedHttpError (Landroid/webkit/WebView;Landroid/webkit/WebResourceRequest;Landroid/webkit/WebResourceResponse;)V
04-09 17:16:10.468 D/dalvikvm( 5685): VFY: replacing opcode 0x6e at 0x0006
04-09 17:16:10.468 I/dalvikvm( 5685): Could not find method android.webkit.WebViewClient.onReceivedHttpError, referenced from method com.just.library.WrapperWebViewClient.onReceivedHttpError
04-09 17:16:10.468 W/dalvikvm( 5685): VFY: unable to resolve virtual method 22403: Landroid/webkit/WebViewClient;.onReceivedHttpError (Landroid/webkit/WebView;Landroid/webkit/WebResourceRequest;Landroid/webkit/WebResourceResponse;)V
04-09 17:16:10.468 D/dalvikvm( 5685): VFY: replacing opcode 0x6f at 0x000a
04-09 17:16:10.468 W/dalvikvm( 5685): VFY: unable to find class referenced in signature (Landroid/webkit/WebResourceRequest;)
04-09 17:16:10.468 I/dalvikvm( 5685): Could not find method android.webkit.WebViewClient.shouldInterceptRequest, referenced from method com.just.library.WrapperWebViewClient.shouldInterceptRequest
04-09 17:16:10.468 W/dalvikvm( 5685): VFY: unable to resolve virtual method 22409: Landroid/webkit/WebViewClient;.shouldInterceptRequest (Landroid/webkit/WebView;Landroid/webkit/WebResourceRequest;)Landroid/webkit/WebResourceResponse;
04-09 17:16:10.468 D/dalvikvm( 5685): VFY: replacing opcode 0x6e at 0x0006
04-09 17:16:10.468 I/dalvikvm( 5685): Could not find method android.webkit.WebViewClient.shouldInterceptRequest, referenced from method com.just.library.WrapperWebViewClient.shouldInterceptRequest
04-09 17:16:10.468 W/dalvikvm( 5685): VFY: unable to resolve virtual method 22409: Landroid/webkit/WebViewClient;.shouldInterceptRequest (Landroid/webkit/WebView;Landroid/webkit/WebResourceRequest;)Landroid/webkit/WebResourceResponse;
04-09 17:16:10.468 D/dalvikvm( 5685): VFY: replacing opcode 0x6f at 0x000b
04-09 17:16:10.468 W/dalvikvm( 5685): VFY: unable to find class referenced in signature (Landroid/webkit/WebResourceRequest;)
04-09 17:16:10.468 I/dalvikvm( 5685): Could not find method android.webkit.WebViewClient.shouldOverrideUrlLoading, referenced from method com.just.library.WrapperWebViewClient.shouldOverrideUrlLoading
04-09 17:16:10.468 W/dalvikvm( 5685): VFY: unable to resolve virtual method 22412: Landroid/webkit/WebViewClient;.shouldOverrideUrlLoading (Landroid/webkit/WebView;Landroid/webkit/WebResourceRequest;)Z
04-09 17:16:10.468 D/dalvikvm( 5685): VFY: replacing opcode 0x6e at 0x000d
04-09 17:16:10.468 I/dalvikvm( 5685): Could not find method android.webkit.WebViewClient.shouldOverrideUrlLoading, referenced from method com.just.library.WrapperWebViewClient.shouldOverrideUrlLoading
04-09 17:16:10.468 W/dalvikvm( 5685): VFY: unable to resolve virtual method 22412: Landroid/webkit/WebViewClient;.shouldOverrideUrlLoading (Landroid/webkit/WebView;Landroid/webkit/WebResourceRequest;)Z
04-09 17:16:10.468 D/dalvikvm( 5685): VFY: replacing opcode 0x6f at 0x0012
04-09 17:16:10.498 W/EGL_emulation( 5685): eglSurfaceAttrib not implemented 3093 12436
04-09 17:16:10.498 W/AwContents( 5685): nativeOnDraw failed; clearing to background color.
04-09 17:16:10.518 I/ActivityManager(  264): Displayed com.lemon.lemonban/.activity.WebActivity: +64ms
04-09 17:16:10.518 W/ContextImpl(  264): Calling a method in the system process without a qualified user: android.app.ContextImpl.sendBroadcast:1123 com.android.server.InputMethodManagerService.hideCurrentInputLocked:1880 com.android.server.InputMethodManagerService.windowGainedFocus:1968 com.android.internal.view.IInputMethodManager$Stub.onTransact:221 com.android.server.InputMethodManagerService.onTransact:818 
04-09 17:16:10.548 I/Info    ( 5685): BaseWebActivity onPageStarted
04-09 17:16:10.548 I/chromium( 5685): [INFO:simple_index_file.cc(397)] Simple Cache Index is being restored from disk.
04-09 17:16:10.868 I/chromium( 5685): [INFO:async_pixel_transfer_manager_android.cc(56)] Async pixel transfers not supported
04-09 17:16:10.898 I/chromium( 5685): [INFO:async_pixel_transfer_manager_android.cc(56)] Async pixel transfers not supported
04-09 17:16:12.008 W/UnimplementedWebViewApi( 5685): Unimplemented WebView method onKeyDown called from: android.webkit.WebView.onKeyDown(WebView.java:2169)
04-09 17:16:12.068 W/EGL_emulation( 5685): eglSurfaceAttrib not implemented 3093 12436
04-09 17:16:12.098 W/ContextImpl(  264): Calling a method in the system process without a qualified user: android.app.ContextImpl.sendBroadcast:1123 com.android.server.InputMethodManagerService.hideCurrentInputLocked:1880 com.android.server.InputMethodManagerService.windowGainedFocus:1968 com.android.internal.view.IInputMethodManager$Stub.onTransact:221 com.android.server.InputMethodManagerService.onTransact:818 
