04-09 16:51:45.888 W/ContextImpl(  264): Calling a method in the system process without a qualified user: android.app.ContextImpl.sendBroadcast:1123 com.android.server.InputMethodManagerService.showCurrentInputLocked:1791 com.android.server.InputMethodManagerService.attachNewInputLocked:1095 com.android.server.InputMethodManagerService.startInputUncheckedLocked:1166 com.android.server.InputMethodManagerService.startInputLocked:1128 
04-09 16:51:45.888 W/ContextImpl(  264): Calling a method in the system process without a qualified user: android.app.ContextImpl.sendBroadcast:1123 com.android.server.InputMethodManagerService.showCurrentInputLocked:1791 com.android.server.InputMethodManagerService.attachNewInputLocked:1095 com.android.server.InputMethodManagerService.startInputUncheckedLocked:1166 com.android.server.InputMethodManagerService.startInputLocked:1128 
04-09 16:51:45.908 W/ContextImpl(  264): Calling a method in the system process without a qualified user: android.app.ContextImpl.sendBroadcast:1123 com.android.server.InputMethodManagerService.showCurrentInputLocked:1791 com.android.server.InputMethodManagerService.attachNewInputLocked:1095 com.android.server.InputMethodManagerService.startInputUncheckedLocked:1166 com.android.server.InputMethodManagerService.startInputLocked:1128 
04-09 16:51:45.958 W/ContextImpl(  264): Calling a method in the system process without a qualified user: android.app.ContextImpl.sendBroadcast:1123 com.android.server.InputMethodManagerService.showCurrentInputLocked:1791 com.android.server.InputMethodManagerService.attachNewInputLocked:1095 com.android.server.InputMethodManagerService.startInputUncheckedLocked:1166 com.android.server.InputMethodManagerService.startInputLocked:1128 
04-09 16:51:45.978 W/ContextImpl(  264): Calling a method in the system process without a qualified user: android.app.ContextImpl.sendBroadcast:1123 com.android.server.InputMethodManagerService.showCurrentInputLocked:1791 com.android.server.InputMethodManagerService.showSoftInput:1753 com.android.internal.view.IInputMethodManager$Stub.onTransact:175 com.android.server.InputMethodManagerService.onTransact:818 
04-09 16:51:45.978 W/ContextImpl(  264): Calling a method in the system process without a qualified user: android.app.ContextImpl.sendBroadcast:1123 com.android.server.InputMethodManagerService.showCurrentInputLocked:1791 com.android.server.InputMethodManagerService.attachNewInputLocked:1095 com.android.server.InputMethodManagerService.startInputUncheckedLocked:1166 com.android.server.InputMethodManagerService.startInputLocked:1128 
04-09 16:51:45.988 W/ContextImpl(  264): Calling a method in the system process without a qualified user: android.app.ContextImpl.sendBroadcast:1123 com.android.server.InputMethodManagerService.showCurrentInputLocked:1791 com.android.server.InputMethodManagerService.showSoftInput:1753 com.android.internal.view.IInputMethodManager$Stub.onTransact:175 com.android.server.InputMethodManagerService.onTransact:818 
04-09 16:51:45.998 W/ActivityManager(  264): Duplicate finish request for ActivityRecord{4a91aeec u0 com.lemon.lemonban/.activity.LoginActActivity t8 f}
04-09 16:51:45.998 W/ContextImpl(  264): Calling a method in the system process without a qualified user: android.app.ContextImpl.sendBroadcast:1123 com.android.server.InputMethodManagerService.showCurrentInputLocked:1791 com.android.server.InputMethodManagerService.attachNewInputLocked:1095 com.android.server.InputMethodManagerService.startInputUncheckedLocked:1166 com.android.server.InputMethodManagerService.startInputLocked:1128 
04-09 16:51:46.018 W/ActivityManager(  264): Duplicate finish request for ActivityRecord{4a91aeec u0 com.lemon.lemonban/.activity.LoginActActivity t8 f}
04-09 16:51:46.018 W/ContextImpl(  264): Calling a method in the system process without a qualified user: android.app.ContextImpl.sendBroadcast:1123 com.android.server.InputMethodManagerService.showCurrentInputLocked:1791 com.android.server.InputMethodManagerService.attachNewInputLocked:1095 com.android.server.InputMethodManagerService.startInputUncheckedLocked:1166 com.android.server.InputMethodManagerService.startInputLocked:1128 
04-09 16:51:46.018 W/InputManager(  264): Input event injection from pid 4838 failed.
04-09 16:51:46.018 W/InputManager(  264): Input event injection from pid 4838 failed.
04-09 16:51:46.018 W/InputManager(  264): Input event injection from pid 4838 failed.
04-09 16:51:46.018 W/InputManager(  264): Input event injection from pid 4838 failed.
04-09 16:51:46.018 W/InputManager(  264): Input event injection from pid 4838 failed.
04-09 16:51:46.018 W/InputManager(  264): Input event injection from pid 4838 failed.
04-09 16:51:46.018 W/InputManager(  264): Input event injection from pid 4838 failed.
04-09 16:51:46.018 W/InputManager(  264): Input event injection from pid 4838 failed.
04-09 16:51:46.018 W/InputManager(  264): Input event injection from pid 4838 failed.
04-09 16:51:46.018 W/InputManager(  264): Input event injection from pid 4838 failed.
04-09 16:51:46.018 W/InputManager(  264): Input event injection from pid 4838 failed.
04-09 16:51:46.038 W/ContextImpl(  264): Calling a method in the system process without a qualified user: android.app.ContextImpl.sendBroadcast:1123 com.android.server.InputMethodManagerService.showCurrentInputLocked:1791 com.android.server.InputMethodManagerService.attachNewInputLocked:1095 com.android.server.InputMethodManagerService.startInputUncheckedLocked:1166 com.android.server.InputMethodManagerService.startInputLocked:1128 
04-09 16:51:46.038 W/ContextImpl(  264): Calling a method in the system process without a qualified user: android.app.ContextImpl.sendBroadcast:1123 com.android.server.InputMethodManagerService.hideCurrentInputLocked:1880 com.android.server.InputMethodManagerService.windowGainedFocus:1968 com.android.internal.view.IInputMethodManager$Stub.onTransact:221 com.android.server.InputMethodManagerService.onTransact:818 
04-09 16:51:46.138 I/ActivityManager(  264): moveTaskToBack: 8
04-09 16:51:46.168 I/ActivityManager(  264): START u0 {act=android.intent.action.MAIN cat=[android.intent.category.LAUNCHER] flg=0x10200000 cmp=com.lemon.lemonban/.activity.WelcomeActivity} from pid 4838
04-09 16:51:46.238 I/ActivityManager(  264): START u0 {act=android.intent.action.ASSIST flg=0x34000000 cmp=com.UCMobile.x86/com.UCMobile.voice (has extras)} from pid 264
04-09 16:51:46.468 I/ActivityManager(  264): moveTaskToBack: 8
04-09 16:51:46.508 I/ActivityManager(  264): START u0 {cmp=com.lemon.lemonban/.activity.LoginActActivity} from pid 4211
04-09 16:51:46.568 W/ViewRootImpl( 4211): Dropping event due to no window focus: KeyEvent { action=ACTION_DOWN, keyCode=KEYCODE_DPAD_DOWN, scanCode=0, metaState=0, flags=0x8, repeatCount=0, eventTime=24742504, downTime=24742504, deviceId=-1, source=0x101 }
04-09 16:51:46.598 W/ContextImpl(  264): Calling a method in the system process without a qualified user: android.app.ContextImpl.sendBroadcast:1123 com.android.server.InputMethodManagerService.hideCurrentInputLocked:1880 com.android.server.InputMethodManagerService.windowGainedFocus:1968 com.android.internal.view.IInputMethodManager$Stub.onTransact:221 com.android.server.InputMethodManagerService.onTransact:818 
04-09 16:51:46.618 W/ViewRootImpl( 4211): Dropping event due to no window focus: KeyEvent { action=ACTION_DOWN, keyCode=KEYCODE_DPAD_DOWN, scanCode=0, metaState=0, flags=0x8, repeatCount=0, eventTime=24742617, downTime=24742617, deviceId=-1, source=0x101 }
04-09 16:51:46.628 W/ViewRootImpl( 4211): Dropping event due to no window focus: KeyEvent { action=ACTION_DOWN, keyCode=KEYCODE_MENU, scanCode=0, metaState=0, flags=0x8, repeatCount=0, eventTime=24742620, downTime=24742620, deviceId=-1, source=0x101 }
04-09 16:51:46.638 W/ViewRootImpl( 4211): Dropping event due to no window focus: MotionEvent { action=ACTION_MOVE, id[0]=0, x[0]=3.0, y[0]=3.0, toolType[0]=TOOL_TYPE_UNKNOWN, buttonState=0, metaState=0, flags=0x0, edgeFlags=0x0, pointerCount=1, historySize=7, eventTime=24742627, downTime=-1, deviceId=0, source=0x10004 }
04-09 16:51:46.658 W/InputMethodManagerService(  264): Window already focused, ignoring focus gain of: com.android.internal.view.IInputMethodClient$Stub$Proxy@4a973f68 attribute=android.view.inputmethod.EditorInfo@4aa4ff10, token = android.os.BinderProxy@4a9046cc
04-09 16:51:46.708 I/ActivityManager(  264): START u0 {act=android.intent.action.MAIN cat=[android.intent.category.LAUNCHER] flg=0x10200000 cmp=com.lemon.lemonban/.activity.WelcomeActivity} from pid 4838
04-09 16:51:46.718 I/ActivityManager(  264): START u0 {act=android.intent.action.MAIN cat=[android.intent.category.LAUNCHER] flg=0x10200000 cmp=com.lemon.lemonban/.activity.WelcomeActivity} from pid 4838
04-09 16:51:46.758 I/ActivityManager(  264): START u0 {act=android.intent.action.MAIN cat=[android.intent.category.LAUNCHER] flg=0x10200000 cmp=com.lemon.lemonban/.activity.WelcomeActivity} from pid 4838
04-09 16:51:46.798 W/ContextImpl(  264): Calling a method in the system process without a qualified user: android.app.ContextImpl.sendBroadcast:1123 com.android.server.InputMethodManagerService.showCurrentInputLocked:1791 com.android.server.InputMethodManagerService.showSoftInput:1753 com.android.internal.view.IInputMethodManager$Stub.onTransact:175 com.android.server.InputMethodManagerService.onTransact:818 
04-09 16:51:46.848 W/ViewRootImpl( 4211): Dropping event due to no window focus: KeyEvent { action=ACTION_DOWN, keyCode=KEYCODE_F10, scanCode=0, metaState=0, flags=0x8, repeatCount=0, eventTime=24742798, downTime=24742798, deviceId=-1, source=0x101 }
04-09 16:51:46.848 W/ContextImpl(  264): Calling a method in the system process without a qualified user: android.app.ContextImpl.sendBroadcast:1123 com.android.server.InputMethodManagerService.hideCurrentInputLocked:1880 com.android.server.InputMethodManagerService.windowGainedFocus:1968 com.android.internal.view.IInputMethodManager$Stub.onTransact:221 com.android.server.InputMethodManagerService.onTransact:818 
04-09 16:51:46.848 W/ViewRootImpl( 4211): Dropping event due to no window focus: MotionEvent { action=ACTION_MOVE, id[0]=0, x[0]=-3.0, y[0]=-5.0, toolType[0]=TOOL_TYPE_UNKNOWN, buttonState=0, metaState=0, flags=0x0, edgeFlags=0x0, pointerCount=1, historySize=9, eventTime=24742798, downTime=-1, deviceId=0, source=0x10004 }
04-09 16:51:46.958 I/ActivityManager(  264): START u0 {act=android.intent.action.MAIN cat=[android.intent.category.LAUNCHER] flg=0x10000000 sel={act=android.intent.action.MAIN cat=[android.intent.category.APP_MUSIC]}} from pid 264
04-09 16:51:47.168 W/WindowManager(  264): Force-removing child win Window{4aa06f58 u0 SubPanel:com.lemon.lemonban/com.lemon.lemonban.activity.LoginActActivity} from container Window{4a91dfe4 u0 com.lemon.lemonban/com.lemon.lemonban.activity.LoginActActivity}
04-09 16:51:47.278 I/ActivityManager(  264): moveTaskToBack: 8
04-09 16:51:47.298 I/ActivityManager(  264): START u0 {act=android.intent.action.MAIN cat=[android.intent.category.LAUNCHER] flg=0x10200000 cmp=com.lemon.lemonban/.activity.WelcomeActivity} from pid 4838
04-09 16:51:47.338 I/ActivityManager(  264): START u0 {cmp=com.lemon.lemonban/.activity.LoginActActivity} from pid 4211
04-09 16:51:47.398 W/ViewRootImpl( 4211): Dropping event due to no window focus: KeyEvent { action=ACTION_DOWN, keyCode=KEYCODE_DPAD_CENTER, scanCode=0, metaState=0, flags=0x8, repeatCount=0, eventTime=24743336, downTime=24743336, deviceId=-1, source=0x101 }
04-09 16:51:47.428 W/ContextImpl(  264): Calling a method in the system process without a qualified user: android.app.ContextImpl.sendBroadcast:1123 com.android.server.InputMethodManagerService.hideCurrentInputLocked:1880 com.android.server.InputMethodManagerService.windowGainedFocus:1968 com.android.internal.view.IInputMethodManager$Stub.onTransact:221 com.android.server.InputMethodManagerService.onTransact:818 
04-09 16:51:47.448 I/ActivityManager(  264): START u0 {act=android.intent.action.MAIN cat=[android.intent.category.HOME] flg=0x10200000 cmp=com.vphone.launcher/.Launcher} from pid 264
04-09 16:51:47.608 I/ActivityManager(  264): START u0 {act=android.intent.action.MAIN cat=[android.intent.category.LAUNCHER] flg=0x10200000 cmp=com.lemon.lemonban/.activity.WelcomeActivity} from pid 4838
04-09 16:51:47.678 W/ViewRootImpl( 4211): Dropping event due to no window focus: KeyEvent { action=ACTION_DOWN, keyCode=KEYCODE_DPAD_CENTER, scanCode=0, metaState=0, flags=0x8, repeatCount=0, eventTime=24743607, downTime=24743607, deviceId=-1, source=0x101 }
04-09 16:51:47.678 W/ContextImpl(  264): Calling a method in the system process without a qualified user: android.app.ContextImpl.sendBroadcast:1123 com.android.server.InputMethodManagerService.hideCurrentInputLocked:1880 com.android.server.InputMethodManagerService.windowGainedFocus:1968 com.android.internal.view.IInputMethodManager$Stub.onTransact:221 com.android.server.InputMethodManagerService.onTransact:818 
04-09 16:51:47.808 I/ActivityManager(  264): START u0 {act=android.intent.action.MAIN cat=[android.intent.category.LAUNCHER] flg=0x10200000 cmp=com.lemon.lemonban/.activity.WelcomeActivity} from pid 4838
04-09 16:51:47.888 I/ActivityManager(  264): START u0 {act=android.intent.action.MAIN cat=[android.intent.category.LAUNCHER] flg=0x10200000 cmp=com.lemon.lemonban/.activity.WelcomeActivity} from pid 4838
04-09 16:51:47.948 W/InputManager(  264): Input event injection from pid 4838 failed.
04-09 16:51:48.088 I/ActivityManager(  264): START u0 {cmp=com.lemon.lemonban/.activity.LoginActActivity} from pid 4211
04-09 16:51:48.178 W/ViewRootImpl( 4211): Dropping event due to no window focus: KeyEvent { action=ACTION_DOWN, keyCode=KEYCODE_MEDIA_PAUSE, scanCode=0, metaState=0, flags=0x8, repeatCount=0, eventTime=24744086, downTime=24744086, deviceId=-1, source=0x101 }
04-09 16:51:48.228 W/ContextImpl(  264): Calling a method in the system process without a qualified user: android.app.ContextImpl.sendBroadcast:1123 com.android.server.InputMethodManagerService.hideCurrentInputLocked:1880 com.android.server.InputMethodManagerService.windowGainedFocus:1968 com.android.internal.view.IInputMethodManager$Stub.onTransact:221 com.android.server.InputMethodManagerService.onTransact:818 
04-09 16:51:56.098 D/ConnectivityService(  264): Sampling interval elapsed, updating statistics ..
04-09 16:51:56.108 D/ConnectivityService(  264): Done.
04-09 16:51:56.108 D/ConnectivityService(  264): Setting timer for 720seconds
04-09 16:56:27.358 W/BroadcastQueue(  264): Skipping deliver [background] BroadcastRecord{4aa59ad8 u-1 android.net.conn.CONNECTIVITY_CHANGE} to ReceiverList{4a8938c8 4931 (unknown name)/0/u-1 remote:4a927aec}: process crashing
04-09 16:56:27.368 I/ActivityManager(  264): START u0 {act=android.intent.action.MAIN cat=[android.intent.category.LAUNCHER] flg=0x10200000 cmp=com.lemon.lemonban/.activity.WelcomeActivity} from pid 4931
04-09 16:56:28.388 W/ContextImpl(  264): Calling a method in the system process without a qualified user: android.app.ContextImpl.sendBroadcast:1123 com.android.server.InputMethodManagerService.showCurrentInputLocked:1791 com.android.server.InputMethodManagerService.showSoftInput:1753 com.android.internal.view.IInputMethodManager$Stub.onTransact:175 com.android.server.InputMethodManagerService.onTransact:818 
04-09 16:56:29.408 W/ContextImpl(  264): Calling a method in the system process without a qualified user: android.app.ContextImpl.sendBroadcast:1123 com.android.server.InputMethodManagerService.showCurrentInputLocked:1791 com.android.server.InputMethodManagerService.attachNewInputLocked:1095 com.android.server.InputMethodManagerService.startInputUncheckedLocked:1166 com.android.server.InputMethodManagerService.startInputLocked:1128 
04-09 16:56:31.428 W/ContextImpl(  264): Calling a method in the system process without a qualified user: android.app.ContextImpl.sendBroadcast:1123 com.android.server.InputMethodManagerService.showCurrentInputLocked:1791 com.android.server.InputMethodManagerService.attachNewInputLocked:1095 com.android.server.InputMethodManagerService.startInputUncheckedLocked:1166 com.android.server.InputMethodManagerService.startInputLocked:1128 
04-09 16:56:32.458 W/ContextImpl(  264): Calling a method in the system process without a qualified user: android.app.ContextImpl.sendBroadcast:1123 com.android.server.InputMethodManagerService.showCurrentInputLocked:1791 com.android.server.InputMethodManagerService.attachNewInputLocked:1095 com.android.server.InputMethodManagerService.startInputUncheckedLocked:1166 com.android.server.InputMethodManagerService.startInputLocked:1128 
04-09 16:56:32.468 W/ContextImpl(  264): Calling a method in the system process without a qualified user: android.app.ContextImpl.sendBroadcast:1123 com.android.server.InputMethodManagerService.showCurrentInputLocked:1791 com.android.server.InputMethodManagerService.attachNewInputLocked:1095 com.android.server.InputMethodManagerService.startInputUncheckedLocked:1166 com.android.server.InputMethodManagerService.startInputLocked:1128 
04-09 16:56:32.978 W/ContextImpl(  264): Calling a method in the system process without a qualified user: android.app.ContextImpl.sendBroadcast:1123 com.android.server.InputMethodManagerService.showCurrentInputLocked:1791 com.android.server.InputMethodManagerService.attachNewInputLocked:1095 com.android.server.InputMethodManagerService.startInputUncheckedLocked:1166 com.android.server.InputMethodManagerService.startInputLocked:1128 
04-09 16:56:33.488 W/ContextImpl(  264): Calling a method in the system process without a qualified user: android.app.ContextImpl.sendBroadcast:1123 com.android.server.InputMethodManagerService.showCurrentInputLocked:1791 com.android.server.InputMethodManagerService.attachNewInputLocked:1095 com.android.server.InputMethodManagerService.startInputUncheckedLocked:1166 com.android.server.InputMethodManagerService.startInputLocked:1128 
04-09 16:56:34.498 W/InputMethodManagerService(  264): Window already focused, ignoring focus gain of: com.android.internal.view.IInputMethodClient$Stub$Proxy@4aa8b75c attribute=android.view.inputmethod.EditorInfo@4a90c94c, token = android.os.BinderProxy@4a96bec4
04-09 16:56:34.498 W/ContextImpl(  264): Calling a method in the system process without a qualified user: android.app.ContextImpl.sendBroadcast:1123 com.android.server.InputMethodManagerService.showCurrentInputLocked:1791 com.android.server.InputMethodManagerService.attachNewInputLocked:1095 com.android.server.InputMethodManagerService.startInputUncheckedLocked:1166 com.android.server.InputMethodManagerService.windowGainedFocus:1932 
04-09 16:56:37.528 W/ContextImpl(  264): Calling a method in the system process without a qualified user: android.app.ContextImpl.sendBroadcast:1123 com.android.server.InputMethodManagerService.showCurrentInputLocked:1791 com.android.server.InputMethodManagerService.attachNewInputLocked:1095 com.android.server.InputMethodManagerService.startInputUncheckedLocked:1166 com.android.server.InputMethodManagerService.startInputLocked:1128 
04-09 16:56:38.608 W/ContextImpl(  264): Calling a method in the system process without a qualified user: android.app.ContextImpl.sendBroadcast:1123 com.android.server.InputMethodManagerService.showCurrentInputLocked:1791 com.android.server.InputMethodManagerService.attachNewInputLocked:1095 com.android.server.InputMethodManagerService.startInputUncheckedLocked:1166 com.android.server.InputMethodManagerService.startInputLocked:1128 
04-09 16:56:39.108 W/ContextImpl(  264): Calling a method in the system process without a qualified user: android.app.ContextImpl.sendBroadcast:1123 com.android.server.InputMethodManagerService.showCurrentInputLocked:1791 com.android.server.InputMethodManagerService.attachNewInputLocked:1095 com.android.server.InputMethodManagerService.startInputUncheckedLocked:1166 com.android.server.InputMethodManagerService.startInputLocked:1128 
04-09 16:56:39.628 W/ContextImpl(  264): Calling a method in the system process without a qualified user: android.app.ContextImpl.sendBroadcast:1123 com.android.server.InputMethodManagerService.showCurrentInputLocked:1791 com.android.server.InputMethodManagerService.attachNewInputLocked:1095 com.android.server.InputMethodManagerService.startInputUncheckedLocked:1166 com.android.server.InputMethodManagerService.startInputLocked:1128 
04-09 16:56:44.658 W/ContextImpl(  264): Calling a method in the system process without a qualified user: android.app.ContextImpl.sendBroadcast:1123 com.android.server.InputMethodManagerService.showCurrentInputLocked:1791 com.android.server.InputMethodManagerService.attachNewInputLocked:1095 com.android.server.InputMethodManagerService.startInputUncheckedLocked:1166 com.android.server.InputMethodManagerService.startInputLocked:1128 
04-09 16:56:45.708 W/ContextImpl(  264): Calling a method in the system process without a qualified user: android.app.ContextImpl.sendBroadcast:1123 com.android.server.InputMethodManagerService.showCurrentInputLocked:1791 com.android.server.InputMethodManagerService.attachNewInputLocked:1095 com.android.server.InputMethodManagerService.startInputUncheckedLocked:1166 com.android.server.InputMethodManagerService.startInputLocked:1128 
04-09 16:56:46.248 W/ContextImpl(  264): Calling a method in the system process without a qualified user: android.app.ContextImpl.sendBroadcast:1123 com.android.server.InputMethodManagerService.showCurrentInputLocked:1791 com.android.server.InputMethodManagerService.attachNewInputLocked:1095 com.android.server.InputMethodManagerService.startInputUncheckedLocked:1166 com.android.server.InputMethodManagerService.startInputLocked:1128 
04-09 16:56:47.238 W/ContextImpl(  264): Calling a method in the system process without a qualified user: android.app.ContextImpl.sendBroadcast:1123 com.android.server.InputMethodManagerService.showCurrentInputLocked:1791 com.android.server.InputMethodManagerService.showSoftInput:1753 com.android.internal.view.IInputMethodManager$Stub.onTransact:175 com.android.server.InputMethodManagerService.onTransact:818 
04-09 16:56:47.738 W/ContextImpl(  264): Calling a method in the system process without a qualified user: android.app.ContextImpl.sendBroadcast:1123 com.android.server.InputMethodManagerService.showCurrentInputLocked:1791 com.android.server.InputMethodManagerService.attachNewInputLocked:1095 com.android.server.InputMethodManagerService.startInputUncheckedLocked:1166 com.android.server.InputMethodManagerService.startInputLocked:1128 
04-09 16:56:47.748 W/ContextImpl(  264): Calling a method in the system process without a qualified user: android.app.ContextImpl.sendBroadcast:1123 com.android.server.InputMethodManagerService.showCurrentInputLocked:1791 com.android.server.InputMethodManagerService.showSoftInput:1753 com.android.internal.view.IInputMethodManager$Stub.onTransact:175 com.android.server.InputMethodManagerService.onTransact:818 
04-09 16:56:48.768 W/ContextImpl(  264): Calling a method in the system process without a qualified user: android.app.ContextImpl.sendBroadcast:1123 com.android.server.InputMethodManagerService.showCurrentInputLocked:1791 com.android.server.InputMethodManagerService.attachNewInputLocked:1095 com.android.server.InputMethodManagerService.startInputUncheckedLocked:1166 com.android.server.InputMethodManagerService.startInputLocked:1128 
04-09 16:56:48.798 W/ContextImpl(  264): Calling a method in the system process without a qualified user: android.app.ContextImpl.sendBroadcast:1123 com.android.server.InputMethodManagerService.hideCurrentInputLocked:1880 com.android.server.InputMethodManagerService.windowGainedFocus:1968 com.android.internal.view.IInputMethodManager$Stub.onTransact:221 com.android.server.InputMethodManagerService.onTransact:818 
04-09 16:56:57.428 I/ActivityManager(  264): moveTaskToBack: 8
04-09 16:56:58.938 I/ActivityManager(  264): START u0 {act=android.intent.action.MAIN cat=[android.intent.category.LAUNCHER] flg=0x10200000 cmp=com.lemon.lemonban/.activity.WelcomeActivity} from pid 4931
04-09 16:57:03.558 I/ActivityManager(  264): START u0 {act=android.intent.action.ASSIST flg=0x34000000 cmp=com.UCMobile.x86/com.UCMobile.voice (has extras)} from pid 264
04-09 16:57:12.818 I/ActivityManager(  264): moveTaskToBack: 8
04-09 16:57:27.058 I/ActivityManager(  264): START u0 {act=android.intent.action.MAIN cat=[android.intent.category.LAUNCHER] flg=0x10200000 cmp=com.lemon.lemonban/.activity.WelcomeActivity} from pid 4931
04-09 16:57:28.068 I/ActivityManager(  264): START u0 {act=android.intent.action.MAIN cat=[android.intent.category.LAUNCHER] flg=0x10200000 cmp=com.lemon.lemonban/.activity.WelcomeActivity} from pid 4931
04-09 16:57:29.078 I/ActivityManager(  264): START u0 {act=android.intent.action.MAIN cat=[android.intent.category.LAUNCHER] flg=0x10200000 cmp=com.lemon.lemonban/.activity.WelcomeActivity} from pid 4931
04-09 16:57:31.098 I/ActivityManager(  264): START u0 {cmp=com.lemon.lemonban/.activity.LoginActActivity} from pid 4211
04-09 16:57:31.198 W/ContextImpl(  264): Calling a method in the system process without a qualified user: android.app.ContextImpl.sendBroadcast:1123 com.android.server.InputMethodManagerService.hideCurrentInputLocked:1880 com.android.server.InputMethodManagerService.windowGainedFocus:1968 com.android.internal.view.IInputMethodManager$Stub.onTransact:221 com.android.server.InputMethodManagerService.onTransact:818 
04-09 16:57:32.638 I/ActivityManager(  264): START u0 {act=android.intent.action.MAIN cat=[android.intent.category.LAUNCHER] flg=0x10000000 sel={act=android.intent.action.MAIN cat=[android.intent.category.APP_MUSIC]}} from pid 264
04-09 16:57:33.168 W/ContextImpl(  264): Calling a method in the system process without a qualified user: android.app.ContextImpl.sendBroadcast:1123 com.android.server.InputMethodManagerService.showCurrentInputLocked:1791 com.android.server.InputMethodManagerService.showSoftInput:1753 com.android.internal.view.IInputMethodManager$Stub.onTransact:175 com.android.server.InputMethodManagerService.onTransact:818 
04-09 16:57:33.668 W/ContextImpl(  264): Calling a method in the system process without a qualified user: android.app.ContextImpl.sendBroadcast:1123 com.android.server.InputMethodManagerService.showCurrentInputLocked:1791 com.android.server.InputMethodManagerService.attachNewInputLocked:1095 com.android.server.InputMethodManagerService.startInputUncheckedLocked:1166 com.android.server.InputMethodManagerService.startInputLocked:1128 
04-09 16:57:34.188 W/ContextImpl(  264): Calling a method in the system process without a qualified user: android.app.ContextImpl.sendBroadcast:1123 com.android.server.InputMethodManagerService.showCurrentInputLocked:1791 com.android.server.InputMethodManagerService.attachNewInputLocked:1095 com.android.server.InputMethodManagerService.startInputUncheckedLocked:1166 com.android.server.InputMethodManagerService.startInputLocked:1128 
04-09 16:57:34.708 W/ContextImpl(  264): Calling a method in the system process without a qualified user: android.app.ContextImpl.sendBroadcast:1123 com.android.server.InputMethodManagerService.showCurrentInputLocked:1791 com.android.server.InputMethodManagerService.attachNewInputLocked:1095 com.android.server.InputMethodManagerService.startInputUncheckedLocked:1166 com.android.server.InputMethodManagerService.startInputLocked:1128 
04-09 16:57:34.718 W/ContextImpl(  264): Calling a method in the system process without a qualified user: android.app.ContextImpl.sendBroadcast:1123 com.android.server.InputMethodManagerService.showCurrentInputLocked:1791 com.android.server.InputMethodManagerService.attachNewInputLocked:1095 com.android.server.InputMethodManagerService.startInputUncheckedLocked:1166 com.android.server.InputMethodManagerService.startInputLocked:1128 
04-09 16:57:34.748 W/ContextImpl(  264): Calling a method in the system process without a qualified user: android.app.ContextImpl.sendBroadcast:1123 com.android.server.InputMethodManagerService.showCurrentInputLocked:1791 com.android.server.InputMethodManagerService.attachNewInputLocked:1095 com.android.server.InputMethodManagerService.startInputUncheckedLocked:1166 com.android.server.InputMethodManagerService.startInputLocked:1128 
04-09 16:57:34.758 W/ContextImpl(  264): Calling a method in the system process without a qualified user: android.app.ContextImpl.sendBroadcast:1123 com.android.server.InputMethodManagerService.showCurrentInputLocked:1791 com.android.server.InputMethodManagerService.attachNewInputLocked:1095 com.android.server.InputMethodManagerService.startInputUncheckedLocked:1166 com.android.server.InputMethodManagerService.startInputLocked:1128 
04-09 16:57:35.718 W/ContextImpl(  264): Calling a method in the system process without a qualified user: android.app.ContextImpl.sendBroadcast:1123 com.android.server.InputMethodManagerService.showCurrentInputLocked:1791 com.android.server.InputMethodManagerService.attachNewInputLocked:1095 com.android.server.InputMethodManagerService.startInputUncheckedLocked:1166 com.android.server.InputMethodManagerService.startInputLocked:1128 
04-09 16:57:36.228 W/ContextImpl(  264): Calling a method in the system process without a qualified user: android.app.ContextImpl.sendBroadcast:1123 com.android.server.InputMethodManagerService.showCurrentInputLocked:1791 com.android.server.InputMethodManagerService.attachNewInputLocked:1095 com.android.server.InputMethodManagerService.startInputUncheckedLocked:1166 com.android.server.InputMethodManagerService.startInputLocked:1128 
04-09 16:57:36.238 W/ContextImpl(  264): Calling a method in the system process without a qualified user: android.app.ContextImpl.sendBroadcast:1123 com.android.server.InputMethodManagerService.showCurrentInputLocked:1791 com.android.server.InputMethodManagerService.attachNewInputLocked:1095 com.android.server.InputMethodManagerService.startInputUncheckedLocked:1166 com.android.server.InputMethodManagerService.startInputLocked:1128 
04-09 16:57:36.268 W/ContextImpl(  264): Calling a method in the system process without a qualified user: android.app.ContextImpl.sendBroadcast:1123 com.android.server.InputMethodManagerService.hideCurrentInputLocked:1880 com.android.server.InputMethodManagerService.windowGainedFocus:1968 com.android.internal.view.IInputMethodManager$Stub.onTransact:221 com.android.server.InputMethodManagerService.onTransact:818 
04-09 16:57:38.288 I/ActivityManager(  264): moveTaskToBack: 8
04-09 16:57:42.328 I/ActivityManager(  264): START u0 {act=android.intent.action.MAIN cat=[android.intent.category.LAUNCHER] flg=0x10200000 cmp=com.lemon.lemonban/.activity.WelcomeActivity} from pid 4931
04-09 16:57:45.388 I/ActivityManager(  264): START u0 {cmp=com.lemon.lemonban/.activity.LoginActActivity} from pid 4211
04-09 16:57:45.468 W/ContextImpl(  264): Calling a method in the system process without a qualified user: android.app.ContextImpl.sendBroadcast:1123 com.android.server.InputMethodManagerService.hideCurrentInputLocked:1880 com.android.server.InputMethodManagerService.windowGainedFocus:1968 com.android.internal.view.IInputMethodManager$Stub.onTransact:221 com.android.server.InputMethodManagerService.onTransact:818 
04-09 16:57:45.928 W/ContextImpl(  264): Calling a method in the system process without a qualified user: android.app.ContextImpl.sendBroadcast:1123 com.android.server.InputMethodManagerService.hideCurrentInputLocked:1880 com.android.server.InputMethodManagerService.windowGainedFocus:1968 com.android.internal.view.IInputMethodManager$Stub.onTransact:221 com.android.server.InputMethodManagerService.onTransact:818 
04-09 16:57:46.948 I/ActivityManager(  264): START u0 {act=android.intent.action.MAIN cat=[android.intent.category.HOME] flg=0x10200000 cmp=com.vphone.launcher/.Launcher} from pid 264
04-09 16:57:56.068 I/ActivityManager(  264): START u0 {cmp=com.lemon.lemonban/.activity.LoginActActivity} from pid 4211
04-09 16:57:56.148 W/ContextImpl(  264): Calling a method in the system process without a qualified user: android.app.ContextImpl.sendBroadcast:1123 com.android.server.InputMethodManagerService.hideCurrentInputLocked:1880 com.android.server.InputMethodManagerService.windowGainedFocus:1968 com.android.internal.view.IInputMethodManager$Stub.onTransact:221 com.android.server.InputMethodManagerService.onTransact:818 
04-09 16:57:57.088 I/ActivityManager(  264): START u0 {act=android.intent.action.MAIN cat=[android.intent.category.LAUNCHER] flg=0x10200000 cmp=com.lemon.lemonban/.activity.WelcomeActivity} from pid 4931
04-09 16:57:58.098 W/ContextImpl(  264): Calling a method in the system process without a qualified user: android.app.ContextImpl.sendBroadcast:1123 com.android.server.InputMethodManagerService.showCurrentInputLocked:1791 com.android.server.InputMethodManagerService.showSoftInput:1753 com.android.internal.view.IInputMethodManager$Stub.onTransact:175 com.android.server.InputMethodManagerService.onTransact:818 
04-09 16:57:59.638 W/ContextImpl(  264): Calling a method in the system process without a qualified user: android.app.ContextImpl.sendBroadcast:1123 com.android.server.InputMethodManagerService.showCurrentInputLocked:1791 com.android.server.InputMethodManagerService.attachNewInputLocked:1095 com.android.server.InputMethodManagerService.startInputUncheckedLocked:1166 com.android.server.InputMethodManagerService.startInputLocked:1128 
04-09 16:57:59.648 W/ContextImpl(  264): Calling a method in the system process without a qualified user: android.app.ContextImpl.sendBroadcast:1123 com.android.server.InputMethodManagerService.showCurrentInputLocked:1791 com.android.server.InputMethodManagerService.attachNewInputLocked:1095 com.android.server.InputMethodManagerService.startInputUncheckedLocked:1166 com.android.server.InputMethodManagerService.startInputLocked:1128 
04-09 16:57:59.658 W/ContextImpl(  264): Calling a method in the system process without a qualified user: android.app.ContextImpl.sendBroadcast:1123 com.android.server.InputMethodManagerService.showCurrentInputLocked:1791 com.android.server.InputMethodManagerService.attachNewInputLocked:1095 com.android.server.InputMethodManagerService.startInputUncheckedLocked:1166 com.android.server.InputMethodManagerService.startInputLocked:1128 
04-09 16:58:02.688 W/ContextImpl(  264): Calling a method in the system process without a qualified user: android.app.ContextImpl.sendBroadcast:1123 com.android.server.InputMethodManagerService.showCurrentInputLocked:1791 com.android.server.InputMethodManagerService.attachNewInputLocked:1095 com.android.server.InputMethodManagerService.startInputUncheckedLocked:1166 com.android.server.InputMethodManagerService.startInputLocked:1128 
04-09 16:58:02.688 W/ContextImpl(  264): Calling a method in the system process without a qualified user: android.app.ContextImpl.sendBroadcast:1123 com.android.server.InputMethodManagerService.showCurrentInputLocked:1791 com.android.server.InputMethodManagerService.showSoftInput:1753 com.android.internal.view.IInputMethodManager$Stub.onTransact:175 com.android.server.InputMethodManagerService.onTransact:818 
04-09 16:58:03.188 W/ContextImpl(  264): Calling a method in the system process without a qualified user: android.app.ContextImpl.sendBroadcast:1123 com.android.server.InputMethodManagerService.showCurrentInputLocked:1791 com.android.server.InputMethodManagerService.showSoftInput:1753 com.android.internal.view.IInputMethodManager$Stub.onTransact:175 com.android.server.InputMethodManagerService.onTransact:818 
04-09 16:58:04.198 I/ActivityManager(  264): START u0 {act=android.intent.action.MAIN cat=[android.intent.category.LAUNCHER] flg=0x10200000 cmp=com.lemon.lemonban/.activity.WelcomeActivity} from pid 4931
04-09 16:58:04.718 W/ContextImpl(  264): Calling a method in the system process without a qualified user: android.app.ContextImpl.sendBroadcast:1123 com.android.server.InputMethodManagerService.showCurrentInputLocked:1791 com.android.server.InputMethodManagerService.attachNewInputLocked:1095 com.android.server.InputMethodManagerService.startInputUncheckedLocked:1166 com.android.server.InputMethodManagerService.startInputLocked:1128 
04-09 16:58:05.218 W/ContextImpl(  264): Calling a method in the system process without a qualified user: android.app.ContextImpl.sendBroadcast:1123 com.android.server.InputMethodManagerService.showCurrentInputLocked:1791 com.android.server.InputMethodManagerService.attachNewInputLocked:1095 com.android.server.InputMethodManagerService.startInputUncheckedLocked:1166 com.android.server.InputMethodManagerService.startInputLocked:1128 
04-09 16:58:06.738 W/ContextImpl(  264): Calling a method in the system process without a qualified user: android.app.ContextImpl.sendBroadcast:1123 com.android.server.InputMethodManagerService.showCurrentInputLocked:1791 com.android.server.InputMethodManagerService.attachNewInputLocked:1095 com.android.server.InputMethodManagerService.startInputUncheckedLocked:1166 com.android.server.InputMethodManagerService.startInputLocked:1128 
04-09 16:58:10.288 W/ContextImpl(  264): Calling a method in the system process without a qualified user: android.app.ContextImpl.sendBroadcast:1123 com.android.server.InputMethodManagerService.showCurrentInputLocked:1791 com.android.server.InputMethodManagerService.attachNewInputLocked:1095 com.android.server.InputMethodManagerService.startInputUncheckedLocked:1166 com.android.server.InputMethodManagerService.startInputLocked:1128 
04-09 16:58:11.308 W/ContextImpl(  264): Calling a method in the system process without a qualified user: android.app.ContextImpl.sendBroadcast:1123 com.android.server.InputMethodManagerService.showCurrentInputLocked:1791 com.android.server.InputMethodManagerService.attachNewInputLocked:1095 com.android.server.InputMethodManagerService.startInputUncheckedLocked:1166 com.android.server.InputMethodManagerService.startInputLocked:1128 
04-09 16:58:11.828 W/ContextImpl(  264): Calling a method in the system process without a qualified user: android.app.ContextImpl.sendBroadcast:1123 com.android.server.InputMethodManagerService.showCurrentInputLocked:1791 com.android.server.InputMethodManagerService.attachNewInputLocked:1095 com.android.server.InputMethodManagerService.startInputUncheckedLocked:1166 com.android.server.InputMethodManagerService.startInputLocked:1128 
04-09 16:58:12.338 W/ContextImpl(  264): Calling a method in the system process without a qualified user: android.app.ContextImpl.sendBroadcast:1123 com.android.server.InputMethodManagerService.showCurrentInputLocked:1791 com.android.server.InputMethodManagerService.attachNewInputLocked:1095 com.android.server.InputMethodManagerService.startInputUncheckedLocked:1166 com.android.server.InputMethodManagerService.startInputLocked:1128 
04-09 16:58:12.838 I/ActivityManager(  264): START u0 {act=android.intent.action.MAIN cat=[android.intent.category.LAUNCHER] flg=0x10200000 cmp=com.lemon.lemonban/.activity.WelcomeActivity} from pid 4931
04-09 16:58:12.858 W/ContextImpl(  264): Calling a method in the system process without a qualified user: android.app.ContextImpl.sendBroadcast:1123 com.android.server.InputMethodManagerService.showCurrentInputLocked:1791 com.android.server.InputMethodManagerService.attachNewInputLocked:1095 com.android.server.InputMethodManagerService.startInputUncheckedLocked:1166 com.android.server.InputMethodManagerService.startInputLocked:1128 
04-09 16:58:12.868 W/ContextImpl(  264): Calling a method in the system process without a qualified user: android.app.ContextImpl.sendBroadcast:1123 com.android.server.InputMethodManagerService.showCurrentInputLocked:1791 com.android.server.InputMethodManagerService.attachNewInputLocked:1095 com.android.server.InputMethodManagerService.startInputUncheckedLocked:1166 com.android.server.InputMethodManagerService.startInputLocked:1128 
04-09 16:58:13.378 W/ContextImpl(  264): Calling a method in the system process without a qualified user: android.app.ContextImpl.sendBroadcast:1123 com.android.server.InputMethodManagerService.showCurrentInputLocked:1791 com.android.server.InputMethodManagerService.attachNewInputLocked:1095 com.android.server.InputMethodManagerService.startInputUncheckedLocked:1166 com.android.server.InputMethodManagerService.startInputLocked:1128 
04-09 16:58:13.388 W/ContextImpl(  264): Calling a method in the system process without a qualified user: android.app.ContextImpl.sendBroadcast:1123 com.android.server.InputMethodManagerService.showCurrentInputLocked:1791 com.android.server.InputMethodManagerService.attachNewInputLocked:1095 com.android.server.InputMethodManagerService.startInputUncheckedLocked:1166 com.android.server.InputMethodManagerService.startInputLocked:1128 
04-09 16:58:13.928 W/ContextImpl(  264): Calling a method in the system process without a qualified user: android.app.ContextImpl.sendBroadcast:1123 com.android.server.InputMethodManagerService.hideCurrentInputLocked:1880 com.android.server.InputMethodManagerService.windowGainedFocus:1968 com.android.internal.view.IInputMethodManager$Stub.onTransact:221 com.android.server.InputMethodManagerService.onTransact:818 
04-09 16:58:19.008 I/ActivityManager(  264): START u0 {cmp=com.lemon.lemonban/.activity.LoginActActivity} from pid 4211
04-09 16:58:19.098 W/ContextImpl(  264): Calling a method in the system process without a qualified user: android.app.ContextImpl.sendBroadcast:1123 com.android.server.InputMethodManagerService.hideCurrentInputLocked:1880 com.android.server.InputMethodManagerService.windowGainedFocus:1968 com.android.internal.view.IInputMethodManager$Stub.onTransact:221 com.android.server.InputMethodManagerService.onTransact:818 
04-09 16:59:24.028 W/BatteryStatsImpl(  264): Couldn't get kernel wake lock stats
04-09 17:02:21.988 I/ProcessStatsService(  264): Prepared write state in 2ms
04-09 17:02:21.988 I/ProcessStatsService(  264): Prepared write state in 1ms
04-09 17:02:22.008 I/ActivityManager(  264): Start proc com.UCMobile.x86:push for service com.UCMobile.x86/com.uc.base.syssync.SyncService: pid=5112 uid=10028 gids={50028, 3003, 1028, 1015, 1023}
04-09 17:02:22.128 I/ActivityManager(  264): Killing 4136:com.android.externalstorage/u0a5 (adj 15): empty for 3449s
04-09 17:02:50.738 W/BroadcastQueue(  264): Skipping deliver [background] BroadcastRecord{4aa5f774 u-1 android.net.conn.CONNECTIVITY_CHANGE} to ReceiverList{4aa5f69c 5143 (unknown name)/0/u-1 remote:4aa5f5a8}: process crashing
04-09 17:02:50.748 I/ActivityManager(  264): START u0 {act=android.intent.action.MAIN cat=[android.intent.category.LAUNCHER] flg=0x10200000 cmp=com.lemon.lemonban/.activity.WelcomeActivity} from pid 5143
04-09 17:02:57.888 W/InputMethodManagerService(  264): Window already focused, ignoring focus gain of: com.android.internal.view.IInputMethodClient$Stub$Proxy@4a90ad5c attribute=android.view.inputmethod.EditorInfo@4a90ad64, token = android.os.BinderProxy@4aacb6a4
04-09 17:03:10.628 W/ContextImpl(  264): Calling a method in the system process without a qualified user: android.app.ContextImpl.sendBroadcast:1123 com.android.server.InputMethodManagerService.showCurrentInputLocked:1791 com.android.server.InputMethodManagerService.showSoftInput:1753 com.android.internal.view.IInputMethodManager$Stub.onTransact:175 com.android.server.InputMethodManagerService.onTransact:818 
04-09 17:03:11.128 W/ContextImpl(  264): Calling a method in the system process without a qualified user: android.app.ContextImpl.sendBroadcast:1123 com.android.server.InputMethodManagerService.showCurrentInputLocked:1791 com.android.server.InputMethodManagerService.attachNewInputLocked:1095 com.android.server.InputMethodManagerService.startInputUncheckedLocked:1166 com.android.server.InputMethodManagerService.startInputLocked:1128 
04-09 17:03:11.138 W/ContextImpl(  264): Calling a method in the system process without a qualified user: android.app.ContextImpl.sendBroadcast:1123 com.android.server.InputMethodManagerService.showCurrentInputLocked:1791 com.android.server.InputMethodManagerService.showSoftInput:1753 com.android.internal.view.IInputMethodManager$Stub.onTransact:175 com.android.server.InputMethodManagerService.onTransact:818 
04-09 17:03:12.158 W/ContextImpl(  264): Calling a method in the system process without a qualified user: android.app.ContextImpl.sendBroadcast:1123 com.android.server.InputMethodManagerService.showCurrentInputLocked:1791 com.android.server.InputMethodManagerService.attachNewInputLocked:1095 com.android.server.InputMethodManagerService.startInputUncheckedLocked:1166 com.android.server.InputMethodManagerService.startInputLocked:1128 
04-09 17:03:12.198 W/ContextImpl(  264): Calling a method in the system process without a qualified user: android.app.ContextImpl.sendBroadcast:1123 com.android.server.InputMethodManagerService.hideCurrentInputLocked:1880 com.android.server.InputMethodManagerService.windowGainedFocus:1968 com.android.internal.view.IInputMethodManager$Stub.onTransact:221 com.android.server.InputMethodManagerService.onTransact:818 
04-09 17:03:20.848 I/ActivityManager(  264): moveTaskToBack: 8
04-09 17:03:22.358 I/ActivityManager(  264): START u0 {act=android.intent.action.MAIN cat=[android.intent.category.LAUNCHER] flg=0x10200000 cmp=com.lemon.lemonban/.activity.WelcomeActivity} from pid 5143
04-09 17:03:26.978 I/ActivityManager(  264): START u0 {act=android.intent.action.ASSIST flg=0x34000000 cmp=com.UCMobile.x86/com.UCMobile.voice (has extras)} from pid 264
04-09 17:03:36.198 I/ActivityManager(  264): moveTaskToBack: 8
04-09 17:03:50.428 I/ActivityManager(  264): START u0 {act=android.intent.action.MAIN cat=[android.intent.category.LAUNCHER] flg=0x10200000 cmp=com.lemon.lemonban/.activity.WelcomeActivity} from pid 5143
04-09 17:03:51.448 I/ActivityManager(  264): START u0 {act=android.intent.action.MAIN cat=[android.intent.category.LAUNCHER] flg=0x10200000 cmp=com.lemon.lemonban/.activity.WelcomeActivity} from pid 5143
04-09 17:03:52.458 I/ActivityManager(  264): START u0 {act=android.intent.action.MAIN cat=[android.intent.category.LAUNCHER] flg=0x10200000 cmp=com.lemon.lemonban/.activity.WelcomeActivity} from pid 5143
04-09 17:03:54.478 I/ActivityManager(  264): START u0 {cmp=com.lemon.lemonban/.activity.LoginActActivity} from pid 4211
04-09 17:03:54.588 W/ContextImpl(  264): Calling a method in the system process without a qualified user: android.app.ContextImpl.sendBroadcast:1123 com.android.server.InputMethodManagerService.hideCurrentInputLocked:1880 com.android.server.InputMethodManagerService.windowGainedFocus:1968 com.android.internal.view.IInputMethodManager$Stub.onTransact:221 com.android.server.InputMethodManagerService.onTransact:818 
04-09 17:03:56.018 I/ActivityManager(  264): START u0 {act=android.intent.action.MAIN cat=[android.intent.category.LAUNCHER] flg=0x10000000 sel={act=android.intent.action.MAIN cat=[android.intent.category.APP_MUSIC]}} from pid 264
04-09 17:03:56.528 W/ContextImpl(  264): Calling a method in the system process without a qualified user: android.app.ContextImpl.sendBroadcast:1123 com.android.server.InputMethodManagerService.showCurrentInputLocked:1791 com.android.server.InputMethodManagerService.showSoftInput:1753 com.android.internal.view.IInputMethodManager$Stub.onTransact:175 com.android.server.InputMethodManagerService.onTransact:818 
04-09 17:03:57.038 W/ContextImpl(  264): Calling a method in the system process without a qualified user: android.app.ContextImpl.sendBroadcast:1123 com.android.server.InputMethodManagerService.showCurrentInputLocked:1791 com.android.server.InputMethodManagerService.attachNewInputLocked:1095 com.android.server.InputMethodManagerService.startInputUncheckedLocked:1166 com.android.server.InputMethodManagerService.startInputLocked:1128 
04-09 17:03:57.538 W/ContextImpl(  264): Calling a method in the system process without a qualified user: android.app.ContextImpl.sendBroadcast:1123 com.android.server.InputMethodManagerService.showCurrentInputLocked:1791 com.android.server.InputMethodManagerService.attachNewInputLocked:1095 com.android.server.InputMethodManagerService.startInputUncheckedLocked:1166 com.android.server.InputMethodManagerService.startInputLocked:1128 
04-09 17:03:58.108 W/ContextImpl(  264): Calling a method in the system process without a qualified user: android.app.ContextImpl.sendBroadcast:1123 com.android.server.InputMethodManagerService.showCurrentInputLocked:1791 com.android.server.InputMethodManagerService.attachNewInputLocked:1095 com.android.server.InputMethodManagerService.startInputUncheckedLocked:1166 com.android.server.InputMethodManagerService.startInputLocked:1128 
04-09 17:03:59.068 W/ContextImpl(  264): Calling a method in the system process without a qualified user: android.app.ContextImpl.sendBroadcast:1123 com.android.server.InputMethodManagerService.showCurrentInputLocked:1791 com.android.server.InputMethodManagerService.attachNewInputLocked:1095 com.android.server.InputMethodManagerService.startInputUncheckedLocked:1166 com.android.server.InputMethodManagerService.startInputLocked:1128 
04-09 17:03:59.588 W/ContextImpl(  264): Calling a method in the system process without a qualified user: android.app.ContextImpl.sendBroadcast:1123 com.android.server.InputMethodManagerService.showCurrentInputLocked:1791 com.android.server.InputMethodManagerService.attachNewInputLocked:1095 com.android.server.InputMethodManagerService.startInputUncheckedLocked:1166 com.android.server.InputMethodManagerService.startInputLocked:1128 
