04-09 17:18:00.268 I/ActivityManager(  264): START u0 {act=android.intent.action.MAIN cat=[android.intent.category.LAUNCHER] flg=0x10200000 cmp=com.lemon.lemonban/.activity.WelcomeActivity} from pid 5345
04-09 17:18:04.308 W/DebugConnManager(  465): getNetworkInfo() on networkType 1
04-09 17:18:07.028 D/ConnectivityService(  264): Sampling interval elapsed, updating statistics ..
04-09 17:18:07.028 D/ConnectivityService(  264): Done.
04-09 17:18:07.028 D/ConnectivityService(  264): Setting timer for 720seconds
04-09 17:18:07.848 I/ActivityManager(  264): START u0 {act=android.intent.action.MAIN cat=[android.intent.category.LAUNCHER] flg=0x10200000 cmp=com.lemon.lemonban/.activity.WelcomeActivity} from pid 5345
04-09 17:18:19.538 I/ActivityManager(  264): START u0 {cmp=com.lemon.lemonban/.activity.LoginActActivity} from pid 5999
04-09 17:18:19.578 W/EGL_emulation( 5999): eglSurfaceAttrib not implemented 3093 12436
04-09 17:18:19.628 I/ActivityManager(  264): Displayed com.lemon.lemonban/.activity.LoginActActivity: +86ms
04-09 17:18:19.628 W/ContextImpl(  264): Calling a method in the system process without a qualified user: android.app.ContextImpl.sendBroadcast:1123 com.android.server.InputMethodManagerService.hideCurrentInputLocked:1880 com.android.server.InputMethodManagerService.windowGainedFocus:1968 com.android.internal.view.IInputMethodManager$Stub.onTransact:221 com.android.server.InputMethodManagerService.onTransact:818 
04-09 17:18:21.128 E/shadowsocks( 1032): getpeername: Transport endpoint is not connected
04-09 17:18:22.568 E/shadowsocks( 2827): getpeername: Transport endpoint is not connected
04-09 17:18:22.568 V/InputMethodService(  429): onEvaluateInputViewShown: config.hardKeyboardHidden = 1
04-09 17:18:22.568 W/ContextImpl(  264): Calling a method in the system process without a qualified user: android.app.ContextImpl.sendBroadcast:1123 com.android.server.InputMethodManagerService.showCurrentInputLocked:1791 com.android.server.InputMethodManagerService.showSoftInput:1753 com.android.internal.view.IInputMethodManager$Stub.onTransact:175 com.android.server.InputMethodManagerService.onTransact:818 
04-09 17:18:23.108 V/InputMethodService(  429): onEvaluateInputViewShown: config.hardKeyboardHidden = 1
04-09 17:18:23.108 W/ContextImpl(  264): Calling a method in the system process without a qualified user: android.app.ContextImpl.sendBroadcast:1123 com.android.server.InputMethodManagerService.showCurrentInputLocked:1791 com.android.server.InputMethodManagerService.attachNewInputLocked:1095 com.android.server.InputMethodManagerService.startInputUncheckedLocked:1166 com.android.server.InputMethodManagerService.startInputLocked:1128 
04-09 17:18:24.128 V/InputMethodService(  429): onEvaluateInputViewShown: config.hardKeyboardHidden = 1
04-09 17:18:24.128 W/ContextImpl(  264): Calling a method in the system process without a qualified user: android.app.ContextImpl.sendBroadcast:1123 com.android.server.InputMethodManagerService.showCurrentInputLocked:1791 com.android.server.InputMethodManagerService.attachNewInputLocked:1095 com.android.server.InputMethodManagerService.startInputUncheckedLocked:1166 com.android.server.InputMethodManagerService.startInputLocked:1128 
04-09 17:18:25.118 V/InputMethodService(  429): onEvaluateInputViewShown: config.hardKeyboardHidden = 1
04-09 17:18:25.118 W/ContextImpl(  264): Calling a method in the system process without a qualified user: android.app.ContextImpl.sendBroadcast:1123 com.android.server.InputMethodManagerService.showCurrentInputLocked:1791 com.android.server.InputMethodManagerService.showSoftInput:1753 com.android.internal.view.IInputMethodManager$Stub.onTransact:175 com.android.server.InputMethodManagerService.onTransact:818 
04-09 17:18:26.638 I/ActivityManager(  264): START u0 {act=android.intent.action.MAIN cat=[android.intent.category.HOME] flg=0x10200000 cmp=com.vphone.launcher/.Launcher} from pid 264
04-09 17:18:27.168 V/InputMethodService(  429): onEvaluateInputViewShown: config.hardKeyboardHidden = 1
04-09 17:18:27.168 W/ContextImpl(  264): Calling a method in the system process without a qualified user: android.app.ContextImpl.sendBroadcast:1123 com.android.server.InputMethodManagerService.showCurrentInputLocked:1791 com.android.server.InputMethodManagerService.attachNewInputLocked:1095 com.android.server.InputMethodManagerService.startInputUncheckedLocked:1166 com.android.server.InputMethodManagerService.startInputLocked:1128 
04-09 17:18:27.708 W/EGL_emulation( 5999): eglSurfaceAttrib not implemented 3093 12436
04-09 17:18:30.708 W/InputMethodManagerService(  264): Window already focused, ignoring focus gain of: com.android.internal.view.IInputMethodClient$Stub$Proxy@4a8fd968 attribute=null, token = android.os.BinderProxy@4a98b218
04-09 17:18:32.228 I/ActivityManager(  264): START u0 {act=android.intent.action.MAIN cat=[android.intent.category.HOME] flg=0x10200000 cmp=com.vphone.launcher/.Launcher} from pid 264
04-09 17:18:32.648 E/shadowsocks( 2827): getpeername: Transport endpoint is not connected
04-09 17:18:32.748 V/InputMethodService(  429): onEvaluateInputViewShown: config.hardKeyboardHidden = 1
04-09 17:18:32.748 W/ContextImpl(  264): Calling a method in the system process without a qualified user: android.app.ContextImpl.sendBroadcast:1123 com.android.server.InputMethodManagerService.showCurrentInputLocked:1791 com.android.server.InputMethodManagerService.attachNewInputLocked:1095 com.android.server.InputMethodManagerService.startInputUncheckedLocked:1166 com.android.server.InputMethodManagerService.startInputLocked:1128 
04-09 17:18:32.758 V/InputMethodService(  429): onEvaluateInputViewShown: config.hardKeyboardHidden = 1
04-09 17:18:32.758 W/ContextImpl(  264): Calling a method in the system process without a qualified user: android.app.ContextImpl.sendBroadcast:1123 com.android.server.InputMethodManagerService.showCurrentInputLocked:1791 com.android.server.InputMethodManagerService.attachNewInputLocked:1095 com.android.server.InputMethodManagerService.startInputUncheckedLocked:1166 com.android.server.InputMethodManagerService.startInputLocked:1128 
04-09 17:18:32.768 V/InputMethodService(  429): onEvaluateInputViewShown: config.hardKeyboardHidden = 1
04-09 17:18:32.768 V/InputMethodService(  429): onEvaluateInputViewShown: config.hardKeyboardHidden = 1
04-09 17:18:32.768 W/ContextImpl(  264): Calling a method in the system process without a qualified user: android.app.ContextImpl.sendBroadcast:1123 com.android.server.InputMethodManagerService.showCurrentInputLocked:1791 com.android.server.InputMethodManagerService.attachNewInputLocked:1095 com.android.server.InputMethodManagerService.startInputUncheckedLocked:1166 com.android.server.InputMethodManagerService.startInputLocked:1128 
04-09 17:18:32.768 W/ContextImpl(  264): Calling a method in the system process without a qualified user: android.app.ContextImpl.sendBroadcast:1123 com.android.server.InputMethodManagerService.showCurrentInputLocked:1791 com.android.server.InputMethodManagerService.attachNewInputLocked:1095 com.android.server.InputMethodManagerService.startInputUncheckedLocked:1166 com.android.server.InputMethodManagerService.startInputLocked:1128 
04-09 17:18:33.508 D/dalvikvm( 5999): GC_CONCURRENT freed 460K, 7% free 7064K/7588K, paused 2ms+2ms, total 16ms
04-09 17:18:34.288 V/InputMethodService(  429): onEvaluateInputViewShown: config.hardKeyboardHidden = 1
04-09 17:18:34.288 V/InputMethodService(  429): onEvaluateInputViewShown: config.hardKeyboardHidden = 1
04-09 17:18:34.288 W/ContextImpl(  264): Calling a method in the system process without a qualified user: android.app.ContextImpl.sendBroadcast:1123 com.android.server.InputMethodManagerService.showCurrentInputLocked:1791 com.android.server.InputMethodManagerService.attachNewInputLocked:1095 com.android.server.InputMethodManagerService.startInputUncheckedLocked:1166 com.android.server.InputMethodManagerService.startInputLocked:1128 
04-09 17:18:34.288 W/ContextImpl(  264): Calling a method in the system process without a qualified user: android.app.ContextImpl.sendBroadcast:1123 com.android.server.InputMethodManagerService.showCurrentInputLocked:1791 com.android.server.InputMethodManagerService.showSoftInput:1753 com.android.internal.view.IInputMethodManager$Stub.onTransact:175 com.android.server.InputMethodManagerService.onTransact:818 
04-09 17:18:34.798 W/ContextImpl(  264): Calling a method in the system process without a qualified user: android.app.ContextImpl.sendBroadcast:1123 com.android.server.InputMethodManagerService.showCurrentInputLocked:1791 com.android.server.InputMethodManagerService.attachNewInputLocked:1095 com.android.server.InputMethodManagerService.startInputUncheckedLocked:1166 com.android.server.InputMethodManagerService.startInputLocked:1128 
04-09 17:18:34.808 V/InputMethodService(  429): onEvaluateInputViewShown: config.hardKeyboardHidden = 1
04-09 17:18:35.338 W/ContextImpl(  264): Calling a method in the system process without a qualified user: android.app.ContextImpl.sendBroadcast:1123 com.android.server.InputMethodManagerService.showCurrentInputLocked:1791 com.android.server.InputMethodManagerService.attachNewInputLocked:1095 com.android.server.InputMethodManagerService.startInputUncheckedLocked:1166 com.android.server.InputMethodManagerService.startInputLocked:1128 
04-09 17:18:35.338 W/ContextImpl(  264): Calling a method in the system process without a qualified user: android.app.ContextImpl.sendBroadcast:1123 com.android.server.InputMethodManagerService.showCurrentInputLocked:1791 com.android.server.InputMethodManagerService.attachNewInputLocked:1095 com.android.server.InputMethodManagerService.startInputUncheckedLocked:1166 com.android.server.InputMethodManagerService.startInputLocked:1128 
04-09 17:18:35.348 D/dalvikvm(  429): GC_EXPLICIT freed 330K, 14% free 2939K/3380K, paused 0ms+1ms, total 7ms
04-09 17:18:35.348 V/InputMethodService(  429): onEvaluateInputViewShown: config.hardKeyboardHidden = 1
04-09 17:18:35.348 V/InputMethodService(  429): onEvaluateInputViewShown: config.hardKeyboardHidden = 1
04-09 17:18:35.358 V/InputMethodService(  429): onEvaluateInputViewShown: config.hardKeyboardHidden = 1
04-09 17:18:35.358 W/ContextImpl(  264): Calling a method in the system process without a qualified user: android.app.ContextImpl.sendBroadcast:1123 com.android.server.InputMethodManagerService.showCurrentInputLocked:1791 com.android.server.InputMethodManagerService.attachNewInputLocked:1095 com.android.server.InputMethodManagerService.startInputUncheckedLocked:1166 com.android.server.InputMethodManagerService.startInputLocked:1128 
04-09 17:18:35.848 V/InputMethodService(  429): onEvaluateInputViewShown: config.hardKeyboardHidden = 1
04-09 17:18:35.848 W/ContextImpl(  264): Calling a method in the system process without a qualified user: android.app.ContextImpl.sendBroadcast:1123 com.android.server.InputMethodManagerService.showCurrentInputLocked:1791 com.android.server.InputMethodManagerService.attachNewInputLocked:1095 com.android.server.InputMethodManagerService.startInputUncheckedLocked:1166 com.android.server.InputMethodManagerService.startInputLocked:1128 
04-09 17:18:35.858 V/InputMethodService(  429): onEvaluateInputViewShown: config.hardKeyboardHidden = 1
04-09 17:18:35.858 W/ContextImpl(  264): Calling a method in the system process without a qualified user: android.app.ContextImpl.sendBroadcast:1123 com.android.server.InputMethodManagerService.showCurrentInputLocked:1791 com.android.server.InputMethodManagerService.showSoftInput:1753 com.android.internal.view.IInputMethodManager$Stub.onTransact:175 com.android.server.InputMethodManagerService.onTransact:818 
04-09 17:18:36.368 V/InputMethodService(  429): onEvaluateInputViewShown: config.hardKeyboardHidden = 1
04-09 17:18:36.368 W/ContextImpl(  264): Calling a method in the system process without a qualified user: android.app.ContextImpl.sendBroadcast:1123 com.android.server.InputMethodManagerService.showCurrentInputLocked:1791 com.android.server.InputMethodManagerService.attachNewInputLocked:1095 com.android.server.InputMethodManagerService.startInputUncheckedLocked:1166 com.android.server.InputMethodManagerService.startInputLocked:1128 
04-09 17:18:37.398 V/InputMethodService(  429): onEvaluateInputViewShown: config.hardKeyboardHidden = 1
04-09 17:18:37.398 W/ContextImpl(  264): Calling a method in the system process without a qualified user: android.app.ContextImpl.sendBroadcast:1123 com.android.server.InputMethodManagerService.showCurrentInputLocked:1791 com.android.server.InputMethodManagerService.attachNewInputLocked:1095 com.android.server.InputMethodManagerService.startInputUncheckedLocked:1166 com.android.server.InputMethodManagerService.startInputLocked:1128 
04-09 17:18:39.428 V/InputMethodService(  429): onEvaluateInputViewShown: config.hardKeyboardHidden = 1
04-09 17:18:39.428 W/ContextImpl(  264): Calling a method in the system process without a qualified user: android.app.ContextImpl.sendBroadcast:1123 com.android.server.InputMethodManagerService.showCurrentInputLocked:1791 com.android.server.InputMethodManagerService.attachNewInputLocked:1095 com.android.server.InputMethodManagerService.startInputUncheckedLocked:1166 com.android.server.InputMethodManagerService.startInputLocked:1128 
04-09 17:18:39.438 V/InputMethodService(  429): onEvaluateInputViewShown: config.hardKeyboardHidden = 1
04-09 17:18:39.438 W/ContextImpl(  264): Calling a method in the system process without a qualified user: android.app.ContextImpl.sendBroadcast:1123 com.android.server.InputMethodManagerService.showCurrentInputLocked:1791 com.android.server.InputMethodManagerService.attachNewInputLocked:1095 com.android.server.InputMethodManagerService.startInputUncheckedLocked:1166 com.android.server.InputMethodManagerService.startInputLocked:1128 
04-09 17:18:39.958 V/InputMethodService(  429): onEvaluateInputViewShown: config.hardKeyboardHidden = 1
04-09 17:18:39.958 V/InputMethodService(  429): onEvaluateInputViewShown: config.hardKeyboardHidden = 1
04-09 17:18:39.958 W/ContextImpl(  264): Calling a method in the system process without a qualified user: android.app.ContextImpl.sendBroadcast:1123 com.android.server.InputMethodManagerService.showCurrentInputLocked:1791 com.android.server.InputMethodManagerService.attachNewInputLocked:1095 com.android.server.InputMethodManagerService.startInputUncheckedLocked:1166 com.android.server.InputMethodManagerService.startInputLocked:1128 
04-09 17:18:39.958 W/ContextImpl(  264): Calling a method in the system process without a qualified user: android.app.ContextImpl.sendBroadcast:1123 com.android.server.InputMethodManagerService.showCurrentInputLocked:1791 com.android.server.InputMethodManagerService.showSoftInput:1753 com.android.internal.view.IInputMethodManager$Stub.onTransact:175 com.android.server.InputMethodManagerService.onTransact:818 
04-09 17:18:41.988 V/InputMethodService(  429): onEvaluateInputViewShown: config.hardKeyboardHidden = 1
04-09 17:18:41.988 W/ContextImpl(  264): Calling a method in the system process without a qualified user: android.app.ContextImpl.sendBroadcast:1123 com.android.server.InputMethodManagerService.showCurrentInputLocked:1791 com.android.server.InputMethodManagerService.attachNewInputLocked:1095 com.android.server.InputMethodManagerService.startInputUncheckedLocked:1166 com.android.server.InputMethodManagerService.startInputLocked:1128 
04-09 17:18:42.488 V/InputMethodService(  429): onEvaluateInputViewShown: config.hardKeyboardHidden = 1
04-09 17:18:42.488 W/ContextImpl(  264): Calling a method in the system process without a qualified user: android.app.ContextImpl.sendBroadcast:1123 com.android.server.InputMethodManagerService.showCurrentInputLocked:1791 com.android.server.InputMethodManagerService.attachNewInputLocked:1095 com.android.server.InputMethodManagerService.startInputUncheckedLocked:1166 com.android.server.InputMethodManagerService.startInputLocked:1128 
04-09 17:18:42.728 E/shadowsocks( 2827): getpeername: Transport endpoint is not connected
04-09 17:18:42.988 V/InputMethodService(  429): onEvaluateInputViewShown: config.hardKeyboardHidden = 1
04-09 17:18:42.988 W/ContextImpl(  264): Calling a method in the system process without a qualified user: android.app.ContextImpl.sendBroadcast:1123 com.android.server.InputMethodManagerService.showCurrentInputLocked:1791 com.android.server.InputMethodManagerService.showSoftInput:1753 com.android.internal.view.IInputMethodManager$Stub.onTransact:175 com.android.server.InputMethodManagerService.onTransact:818 
04-09 17:18:43.498 V/InputMethodService(  429): onEvaluateInputViewShown: config.hardKeyboardHidden = 1
04-09 17:18:43.498 W/ContextImpl(  264): Calling a method in the system process without a qualified user: android.app.ContextImpl.sendBroadcast:1123 com.android.server.InputMethodManagerService.showCurrentInputLocked:1791 com.android.server.InputMethodManagerService.showSoftInput:1753 com.android.internal.view.IInputMethodManager$Stub.onTransact:175 com.android.server.InputMethodManagerService.onTransact:818 
04-09 17:18:44.018 V/InputMethodService(  429): onEvaluateInputViewShown: config.hardKeyboardHidden = 1
04-09 17:18:44.018 W/ContextImpl(  264): Calling a method in the system process without a qualified user: android.app.ContextImpl.sendBroadcast:1123 com.android.server.InputMethodManagerService.showCurrentInputLocked:1791 com.android.server.InputMethodManagerService.attachNewInputLocked:1095 com.android.server.InputMethodManagerService.startInputUncheckedLocked:1166 com.android.server.InputMethodManagerService.startInputLocked:1128 
04-09 17:18:44.028 V/InputMethodService(  429): onEvaluateInputViewShown: config.hardKeyboardHidden = 1
04-09 17:18:44.028 W/ContextImpl(  264): Calling a method in the system process without a qualified user: android.app.ContextImpl.sendBroadcast:1123 com.android.server.InputMethodManagerService.showCurrentInputLocked:1791 com.android.server.InputMethodManagerService.attachNewInputLocked:1095 com.android.server.InputMethodManagerService.startInputUncheckedLocked:1166 com.android.server.InputMethodManagerService.startInputLocked:1128 
04-09 17:18:44.038 V/InputMethodService(  429): onEvaluateInputViewShown: config.hardKeyboardHidden = 1
04-09 17:18:44.038 W/ContextImpl(  264): Calling a method in the system process without a qualified user: android.app.ContextImpl.sendBroadcast:1123 com.android.server.InputMethodManagerService.showCurrentInputLocked:1791 com.android.server.InputMethodManagerService.attachNewInputLocked:1095 com.android.server.InputMethodManagerService.startInputUncheckedLocked:1166 com.android.server.InputMethodManagerService.startInputLocked:1128 
04-09 17:18:44.538 I/dalvikvm( 5999): Could not find method android.content.Context.getDrawable, referenced from method com.lemon.lemonban.view.LemonToast.getDrawable
04-09 17:18:44.538 W/dalvikvm( 5999): VFY: unable to resolve virtual method 420: Landroid/content/Context;.getDrawable (I)Landroid/graphics/drawable/Drawable;
04-09 17:18:44.538 D/dalvikvm( 5999): VFY: replacing opcode 0x6e at 0x0006
04-09 17:18:45.038 I/ActivityManager(  264): START u0 {act=android.intent.action.MAIN cat=[android.intent.category.LAUNCHER] flg=0x10200000 cmp=com.lemon.lemonban/.activity.WelcomeActivity} from pid 5345
04-09 17:18:46.058 V/InputMethodService(  429): onEvaluateInputViewShown: config.hardKeyboardHidden = 1
04-09 17:18:46.058 W/ContextImpl(  264): Calling a method in the system process without a qualified user: android.app.ContextImpl.sendBroadcast:1123 com.android.server.InputMethodManagerService.showCurrentInputLocked:1791 com.android.server.InputMethodManagerService.attachNewInputLocked:1095 com.android.server.InputMethodManagerService.startInputUncheckedLocked:1166 com.android.server.InputMethodManagerService.startInputLocked:1128 
04-09 17:18:46.558 I/ActivityManager(  264): START u0 {act=android.intent.action.MAIN cat=[android.intent.category.LAUNCHER] flg=0x10200000 cmp=com.lemon.lemonban/.activity.WelcomeActivity} from pid 5345
04-09 17:18:47.568 V/InputMethodService(  429): onEvaluateInputViewShown: config.hardKeyboardHidden = 1
04-09 17:18:47.568 W/ContextImpl(  264): Calling a method in the system process without a qualified user: android.app.ContextImpl.sendBroadcast:1123 com.android.server.InputMethodManagerService.showCurrentInputLocked:1791 com.android.server.InputMethodManagerService.attachNewInputLocked:1095 com.android.server.InputMethodManagerService.startInputUncheckedLocked:1166 com.android.server.InputMethodManagerService.startInputLocked:1128 
04-09 17:18:49.118 V/InputMethodService(  429): onEvaluateInputViewShown: config.hardKeyboardHidden = 1
04-09 17:18:49.118 W/ContextImpl(  264): Calling a method in the system process without a qualified user: android.app.ContextImpl.sendBroadcast:1123 com.android.server.InputMethodManagerService.showCurrentInputLocked:1791 com.android.server.InputMethodManagerService.attachNewInputLocked:1095 com.android.server.InputMethodManagerService.startInputUncheckedLocked:1166 com.android.server.InputMethodManagerService.startInputLocked:1128 
04-09 17:18:49.618 V/InputMethodService(  429): onEvaluateInputViewShown: config.hardKeyboardHidden = 1
04-09 17:18:49.618 W/ContextImpl(  264): Calling a method in the system process without a qualified user: android.app.ContextImpl.sendBroadcast:1123 com.android.server.InputMethodManagerService.showCurrentInputLocked:1791 com.android.server.InputMethodManagerService.attachNewInputLocked:1095 com.android.server.InputMethodManagerService.startInputUncheckedLocked:1166 com.android.server.InputMethodManagerService.startInputLocked:1128 
04-09 17:18:51.188 W/EGL_emulation( 5999): eglSurfaceAttrib not implemented 3093 12436
04-09 17:18:51.188 W/ContextImpl(  264): Calling a method in the system process without a qualified user: android.app.ContextImpl.sendBroadcast:1123 com.android.server.InputMethodManagerService.hideCurrentInputLocked:1880 com.android.server.InputMethodManagerService.windowGainedFocus:1968 com.android.internal.view.IInputMethodManager$Stub.onTransact:221 com.android.server.InputMethodManagerService.onTransact:818 
04-09 17:18:53.768 E/shadowsocks( 2827): getpeername: Transport endpoint is not connected
04-09 17:19:01.798 I/ActivityManager(  264): START u0 {act=android.intent.action.MAIN cat=[android.intent.category.LAUNCHER] flg=0x10200000 cmp=com.lemon.lemonban/.activity.WelcomeActivity} from pid 5345
04-09 17:19:04.828 I/ActivityManager(  264): START u0 {act=android.intent.action.MAIN cat=[android.intent.category.LAUNCHER] flg=0x10200000 cmp=com.lemon.lemonban/.activity.WelcomeActivity} from pid 5345
04-09 17:19:31.428 I/ActivityManager(  264): START u0 {cmp=com.lemon.lemonban/.activity.LoginActActivity} from pid 5999
04-09 17:19:31.478 W/EGL_emulation( 5999): eglSurfaceAttrib not implemented 3093 12436
04-09 17:19:31.508 I/ActivityManager(  264): Displayed com.lemon.lemonban/.activity.LoginActActivity: +65ms
04-09 17:19:31.508 W/ContextImpl(  264): Calling a method in the system process without a qualified user: android.app.ContextImpl.sendBroadcast:1123 com.android.server.InputMethodManagerService.hideCurrentInputLocked:1880 com.android.server.InputMethodManagerService.windowGainedFocus:1968 com.android.internal.view.IInputMethodManager$Stub.onTransact:221 com.android.server.InputMethodManagerService.onTransact:818 
04-09 17:19:32.958 V/InputMethodService(  429): onEvaluateInputViewShown: config.hardKeyboardHidden = 1
04-09 17:19:32.958 W/ContextImpl(  264): Calling a method in the system process without a qualified user: android.app.ContextImpl.sendBroadcast:1123 com.android.server.InputMethodManagerService.showCurrentInputLocked:1791 com.android.server.InputMethodManagerService.showSoftInput:1753 com.android.internal.view.IInputMethodManager$Stub.onTransact:175 com.android.server.InputMethodManagerService.onTransact:818 
04-09 17:19:33.458 V/InputMethodService(  429): onEvaluateInputViewShown: config.hardKeyboardHidden = 1
04-09 17:19:33.468 V/InputMethodService(  429): onEvaluateInputViewShown: config.hardKeyboardHidden = 1
04-09 17:19:33.468 W/ContextImpl(  264): Calling a method in the system process without a qualified user: android.app.ContextImpl.sendBroadcast:1123 com.android.server.InputMethodManagerService.showCurrentInputLocked:1791 com.android.server.InputMethodManagerService.attachNewInputLocked:1095 com.android.server.InputMethodManagerService.startInputUncheckedLocked:1166 com.android.server.InputMethodManagerService.startInputLocked:1128 
04-09 17:19:33.468 W/ContextImpl(  264): Calling a method in the system process without a qualified user: android.app.ContextImpl.sendBroadcast:1123 com.android.server.InputMethodManagerService.showCurrentInputLocked:1791 com.android.server.InputMethodManagerService.showSoftInput:1753 com.android.internal.view.IInputMethodManager$Stub.onTransact:175 com.android.server.InputMethodManagerService.onTransact:818 
04-09 17:19:33.968 V/InputMethodService(  429): onEvaluateInputViewShown: config.hardKeyboardHidden = 1
04-09 17:19:33.968 W/ContextImpl(  264): Calling a method in the system process without a qualified user: android.app.ContextImpl.sendBroadcast:1123 com.android.server.InputMethodManagerService.showCurrentInputLocked:1791 com.android.server.InputMethodManagerService.attachNewInputLocked:1095 com.android.server.InputMethodManagerService.startInputUncheckedLocked:1166 com.android.server.InputMethodManagerService.startInputLocked:1128 
04-09 17:19:34.248 E/shadowsocks( 1032): getpeername: Transport endpoint is not connected
04-09 17:19:34.988 V/InputMethodService(  429): onEvaluateInputViewShown: config.hardKeyboardHidden = 1
04-09 17:19:34.988 W/ContextImpl(  264): Calling a method in the system process without a qualified user: android.app.ContextImpl.sendBroadcast:1123 com.android.server.InputMethodManagerService.showCurrentInputLocked:1791 com.android.server.InputMethodManagerService.showSoftInput:1753 com.android.internal.view.IInputMethodManager$Stub.onTransact:175 com.android.server.InputMethodManagerService.onTransact:818 
04-09 17:19:35.688 E/shadowsocks( 2827): getpeername: Transport endpoint is not connected
04-09 17:19:35.988 I/ActivityManager(  264): START u0 {act=android.intent.action.MAIN cat=[android.intent.category.LAUNCHER] flg=0x10200000 cmp=com.lemon.lemonban/.activity.WelcomeActivity} from pid 5345
04-09 17:19:36.508 V/InputMethodService(  429): onEvaluateInputViewShown: config.hardKeyboardHidden = 1
04-09 17:19:36.508 W/ContextImpl(  264): Calling a method in the system process without a qualified user: android.app.ContextImpl.sendBroadcast:1123 com.android.server.InputMethodManagerService.showCurrentInputLocked:1791 com.android.server.InputMethodManagerService.attachNewInputLocked:1095 com.android.server.InputMethodManagerService.startInputUncheckedLocked:1166 com.android.server.InputMethodManagerService.startInputLocked:1128 
04-09 17:19:37.038 W/EGL_emulation( 5999): eglSurfaceAttrib not implemented 3093 12436
04-09 17:19:37.048 W/ContextImpl(  264): Calling a method in the system process without a qualified user: android.app.ContextImpl.sendBroadcast:1123 com.android.server.InputMethodManagerService.hideCurrentInputLocked:1880 com.android.server.InputMethodManagerService.windowGainedFocus:1968 com.android.internal.view.IInputMethodManager$Stub.onTransact:221 com.android.server.InputMethodManagerService.onTransact:818 
04-09 17:19:40.628 I/ActivityManager(  264): START u0 {act=android.intent.action.MAIN cat=[android.intent.category.LAUNCHER] flg=0x10000000 sel={act=android.intent.action.MAIN cat=[android.intent.category.APP_CALENDAR]}} from pid 264
04-09 17:19:45.768 E/shadowsocks( 2827): getpeername: Transport endpoint is not connected
04-09 17:19:47.268 I/ActivityManager(  264): moveTaskToBack: 13
04-09 17:19:55.848 E/shadowsocks( 2827): getpeername: Transport endpoint is not connected
04-09 17:19:56.358 I/ActivityManager(  264): START u0 {act=android.intent.action.MAIN cat=[android.intent.category.LAUNCHER] flg=0x10200000 cmp=com.lemon.lemonban/.activity.WelcomeActivity} from pid 5345
04-09 17:20:04.988 I/ActivityManager(  264): START u0 {act=android.intent.action.MAIN cat=[android.intent.category.LAUNCHER] flg=0x10200000 cmp=com.lemon.lemonban/.activity.WelcomeActivity} from pid 5345
04-09 17:20:06.888 E/shadowsocks( 2827): getpeername: Transport endpoint is not connected
04-09 17:20:07.038 I/ActivityManager(  264): START u0 {act=android.intent.action.MAIN cat=[android.intent.category.HOME] flg=0x10200000 cmp=com.vphone.launcher/.Launcher} from pid 264
04-09 17:20:07.078 D/dalvikvm(  264): GC_CONCURRENT freed 2154K, 23% free 12442K/16108K, paused 1ms+2ms, total 17ms
04-09 17:20:07.078 D/dalvikvm(  264): WAIT_FOR_CONCURRENT_GC blocked 14ms
04-09 17:20:10.078 D/BluetoothAdapter(  441): 1249460036: getState() :  mService = null. Returning STATE_OFF
04-09 17:20:10.078 W/WindowManager(  264): updateFocusedWindowLocked, focusedAppToken is null.
04-09 17:20:10.108 W/ContextImpl(  264): Calling a method in the system process without a qualified user: android.app.ContextImpl.sendBroadcast:1123 com.android.server.InputMethodManagerService.hideCurrentInputLocked:1880 com.android.server.InputMethodManagerService.windowGainedFocus:1968 com.android.internal.view.IInputMethodManager$Stub.onTransact:221 com.android.server.InputMethodManagerService.onTransact:818 
04-09 17:20:10.108 W/InputMethodManagerService(  264): Starting input on non-focused client com.android.internal.view.IInputMethodClient$Stub$Proxy@4a8f0964 (uid=10033 pid=5999)
04-09 17:20:12.118 W/BackupManagerService(  264): dataChanged but no participant pkg='com.android.providers.settings' uid=10006
04-09 17:20:12.128 D/BluetoothAdapter(  441): 1249460036: getState() :  mService = null. Returning STATE_OFF
04-09 17:20:12.128 W/BackupManagerService(  264): dataChanged but no participant pkg='com.android.providers.settings' uid=10006
04-09 17:20:12.138 D/BluetoothAdapter(  441): 1249460036: getState() :  mService = null. Returning STATE_OFF
04-09 17:20:12.138 W/BackupManagerService(  264): dataChanged but no participant pkg='com.android.providers.settings' uid=10006
04-09 17:20:12.148 D/BluetoothAdapter(  441): 1249460036: getState() :  mService = null. Returning STATE_OFF
04-09 17:20:12.148 W/BackupManagerService(  264): dataChanged but no participant pkg='com.android.providers.settings' uid=10006
04-09 17:20:12.158 D/BluetoothAdapter(  441): 1249460036: getState() :  mService = null. Returning STATE_OFF
04-09 17:20:12.668 D/BluetoothAdapter(  441): 1249460036: getState() :  mService = null. Returning STATE_OFF
04-09 17:20:12.668 W/BackupManagerService(  264): dataChanged but no participant pkg='com.android.providers.settings' uid=10006
04-09 17:20:13.168 W/InputManager(  264): Input event injection from pid 5345 failed.
04-09 17:20:13.168 W/InputManager(  264): Input event injection from pid 5345 failed.
04-09 17:20:13.168 W/InputManager(  264): Input event injection from pid 5345 failed.
04-09 17:20:13.178 W/InputEventReceiver(  352): Attempted to finish an input event but the input event receiver has already been disposed.
04-09 17:20:13.178 W/InputEventReceiver(  352): Attempted to finish an input event but the input event receiver has already been disposed.
04-09 17:20:13.178 W/ContextImpl(  264): Calling a method in the system process without a qualified user: android.app.ContextImpl.sendBroadcast:1123 com.android.server.InputMethodManagerService.hideCurrentInputLocked:1880 com.android.server.InputMethodManagerService.windowGainedFocus:1968 com.android.internal.view.IInputMethodManager$Stub.onTransact:221 com.android.server.InputMethodManagerService.onTransact:818 
04-09 17:20:13.178 W/ViewRootImpl(  352): Dropping event due to root view being removed: MotionEvent { action=ACTION_MOVE, id[0]=0, x[0]=521.43677, y[0]=479.33838, toolType[0]=TOOL_TYPE_UNKNOWN, buttonState=0, metaState=0, flags=0x0, edgeFlags=0x0, pointerCount=1, historySize=2, eventTime=26449163, downTime=26449159, deviceId=0, source=0x1002 }
04-09 17:20:13.678 I/ActivityManager(  264): moveTaskToBack: 13
04-09 17:20:16.278 I/ActivityManager(  264): START u0 {act=android.intent.action.MAIN cat=[android.intent.category.HOME] flg=0x10200000 cmp=com.vphone.launcher/.Launcher} from pid 264
04-09 17:20:23.358 I/ActivityManager(  264): START u0 {cmp=com.lemon.lemonban/.activity.LoginActActivity} from pid 5999
04-09 17:20:23.418 W/EGL_emulation( 5999): eglSurfaceAttrib not implemented 3093 12436
04-09 17:20:23.458 I/ActivityManager(  264): Displayed com.lemon.lemonban/.activity.LoginActActivity: +94ms
04-09 17:20:23.458 W/ContextImpl(  264): Calling a method in the system process without a qualified user: android.app.ContextImpl.sendBroadcast:1123 com.android.server.InputMethodManagerService.hideCurrentInputLocked:1880 com.android.server.InputMethodManagerService.windowGainedFocus:1968 com.android.internal.view.IInputMethodManager$Stub.onTransact:221 com.android.server.InputMethodManagerService.onTransact:818 
04-09 17:20:24.958 W/EGL_emulation( 5999): eglSurfaceAttrib not implemented 3093 12436
04-09 17:20:24.958 W/ContextImpl(  264): Calling a method in the system process without a qualified user: android.app.ContextImpl.sendBroadcast:1123 com.android.server.InputMethodManagerService.hideCurrentInputLocked:1880 com.android.server.InputMethodManagerService.windowGainedFocus:1968 com.android.internal.view.IInputMethodManager$Stub.onTransact:221 com.android.server.InputMethodManagerService.onTransact:818 
04-09 17:20:26.928 I/ActivityManager(  264): moveTaskToBack: 13
04-09 17:20:27.948 V/PanelView(  352): animationTick called with dtms=0; nothing to do (h=0.0 v=-0.0)
04-09 17:20:27.958 V/PanelView(  352): animationTick called with dtms=-1; nothing to do (h=0.0 v=-0.0)
04-09 17:20:32.528 I/ActivityManager(  264): moveTaskToBack: 13
04-09 17:20:45.968 D/dalvikvm( 5999): GC_CONCURRENT freed 1178K, 15% free 7170K/8412K, paused 2ms+4ms, total 21ms
04-09 17:20:47.368 E/shadowsocks( 1032): getpeername: Transport endpoint is not connected
04-09 17:20:48.808 E/shadowsocks( 2827): getpeername: Transport endpoint is not connected
04-09 17:20:58.888 E/shadowsocks( 2827): getpeername: Transport endpoint is not connected
04-09 17:21:08.968 E/shadowsocks( 2827): getpeername: Transport endpoint is not connected
04-09 17:21:20.008 E/shadowsocks( 2827): getpeername: Transport endpoint is not connected
04-09 17:22:00.488 E/shadowsocks( 1032): getpeername: Transport endpoint is not connected
04-09 17:22:01.928 E/shadowsocks( 2827): getpeername: Transport endpoint is not connected
04-09 17:22:12.008 E/shadowsocks( 2827): getpeername: Transport endpoint is not connected
04-09 17:22:22.088 E/shadowsocks( 2827): getpeername: Transport endpoint is not connected
04-09 17:22:33.128 E/shadowsocks( 2827): getpeername: Transport endpoint is not connected
04-09 17:23:13.608 E/shadowsocks( 1032): getpeername: Transport endpoint is not connected
04-09 17:23:15.048 E/shadowsocks( 2827): getpeername: Transport endpoint is not connected
04-09 17:23:25.128 E/shadowsocks( 2827): getpeername: Transport endpoint is not connected
04-09 17:23:35.208 E/shadowsocks( 2827): getpeername: Transport endpoint is not connected
04-09 17:23:46.248 E/shadowsocks( 2827): getpeername: Transport endpoint is not connected
04-09 17:24:03.168 D/dalvikvm( 5999): GC_CONCURRENT freed 1590K, 20% free 6898K/8552K, paused 3ms+2ms, total 16ms
04-09 17:24:06.688 I/ActivityManager(  264): START u0 {act=android.intent.action.MAIN cat=[android.intent.category.HOME] flg=0x10200000 cmp=com.vphone.launcher/.Launcher} from pid 264
04-09 17:24:06.718 W/Launcher(  465): setApplicationContext called twice! old=com.vphone.launcher.LauncherApplication@4a7900b8 new=com.vphone.launcher.LauncherApplication@4a7900b8
04-09 17:24:06.728 W/ResourceType(  465): Attempt to retrieve bag 0x7f0e00a4 which is invalid or in a cycle.
04-09 17:24:06.738 D/Launcher(  465): 11683562 - bindAddScreens()
04-09 17:24:06.738 D/Launcher(  465): 11683562 -   orderedScreenIds: 1
04-09 17:24:06.738 D/Launcher.Workspace(  465): 11683562 - insertNewWorkspaceScreen(): 1 at index: 0
04-09 17:24:06.768 E/AppsCustomizePagedView(  465): Widget ComponentInfo{com.tencent.padbrowser/com.tencent.padbrowser.ui.deskwidget.QuicklinkAppWidgetProvider4X5} can not fit on this device (480, 660)
04-09 17:24:06.768 W/ContextImpl(  465): Calling a method in the system process without a qualified user: android.app.ContextImpl.startService:1492 android.content.ContextWrapper.startService:494 com.vphone.launcher.Launcher.g:677 com.vphone.launcher.Launcher.a:176 com.vphone.launcher.Launcher$11.run:633 
04-09 17:24:06.828 W/EGL_emulation(  465): eglSurfaceAttrib not implemented 3093 12436
04-09 17:24:06.868 W/ContextImpl(  264): Calling a method in the system process without a qualified user: android.app.ContextImpl.sendBroadcast:1123 com.android.server.InputMethodManagerService.hideCurrentInputLocked:1880 com.android.server.InputMethodManagerService.windowGainedFocus:1968 com.android.internal.view.IInputMethodManager$Stub.onTransact:221 com.android.server.InputMethodManagerService.onTransact:818 
04-09 17:24:06.928 D/AndroidRuntime( 6203): 
04-09 17:24:06.928 D/AndroidRuntime( 6203): >>>>>> AndroidRuntime START com.android.internal.os.RuntimeInit <<<<<<
04-09 17:24:07.018 D/AndroidRuntime( 6203): CheckJNI is OFF
04-09 17:24:07.018 D/dalvikvm( 6203): Using executionMode 2
04-09 17:24:07.028 D/dalvikvm( 6203): Trying to load lib libjavacore.so 0x0
04-09 17:24:07.028 D/dalvikvm( 6203): Added shared lib libjavacore.so 0x0
04-09 17:24:07.028 D/dalvikvm( 6203): Trying to load lib libnativehelper.so 0x0
04-09 17:24:07.028 D/dalvikvm( 6203): Added shared lib libnativehelper.so 0x0
04-09 17:24:07.028 D/dalvikvm( 6203): No JNI_OnLoad found in libnativehelper.so 0x0, skipping init
04-09 17:24:07.028 D/dalvikvm( 6203): Note: class Landroid/app/ActivityManagerNative; has 179 unimplemented (abstract) methods
04-09 17:24:07.058 E/memtrack( 6203): Couldn't load memtrack module (No such file or directory)
04-09 17:24:07.058 E/android.os.Debug( 6203): failed to load memtrack module: -2
04-09 17:24:07.068 D/AndroidRuntime( 6203): Calling main entry com.android.commands.pm.Pm
04-09 17:24:07.068 D/AndroidRuntime( 6203): Shutting down VM
04-09 17:24:07.068 E/cutils-trace( 6203): Error opening trace file: No such file or directory (2)
04-09 17:24:07.068 D/dalvikvm( 6203): GC_CONCURRENT freed 154K, 22% free 567K/724K, paused 0ms+0ms, total 0ms
04-09 17:24:07.278 W/ManagedEGLContext( 5999): doTerminate failed: EGL count is 2 but managed count is 1
04-09 17:24:07.278 D/Sensors (  264): Client connection accepted (197)
04-09 17:24:07.648 E/SurfaceFlinger(  167): glCheckFramebufferStatusOES error 36054
04-09 17:24:07.648 E/SurfaceFlinger(  167): got GL_FRAMEBUFFER_COMPLETE_OES error while taking screenshot
04-09 17:24:07.648 D/SurfaceFlinger(  167): setOrientation, mFbdev=0xb8f85de0, mFbDev->setOrientation=0xb69a7ce0, orientation=0
04-09 17:24:07.648 I/gralloc_nox(  167): setOrientation: orientation=0
04-09 17:24:07.658 I/InputReader(  264): Reconfiguring input devices.  changes=0x00000004
04-09 17:24:07.658 I/InputReader(  264): Device reconfigured: id=1, name='seamless mouse', size 1280x720, orientation 0, mode 1, display id 0
04-09 17:24:07.658 I/InputReader(  264): Device reconfigured: id=3, name='Android Input', size 1280x720, orientation 0, mode 1, display id 0
04-09 17:24:07.658 I/InputReader(  264): Device reconfigured: id=8, name='VirtualBox USB Tablet', size 1280x720, orientation 0, mode 1, display id 0
04-09 17:24:07.658 I/InputReader(  264): Reconfiguring input devices.  changes=0x00000004
04-09 17:24:07.658 I/ActivityManager(  264): Config changes=480 {1.0 460mcc7mnc zh_CN ldltr sw480dp w853dp h454dp 240dpi lrg long land finger qwerty/v/v dpad/v s.25}
04-09 17:24:07.668 D/Sensors (  264): Client connection accepted (197)
04-09 17:24:07.678 D/PhoneStatusBar(  352): mSettingsPanelGravity = 55
04-09 17:24:07.698 W/DebugConnManager(  465): getNetworkInfo() on networkType 1
04-09 17:24:07.698 D/dalvikvm(  352): GC_FOR_ALLOC freed 7793K, 37% free 8825K/13916K, paused 6ms, total 7ms
04-09 17:24:07.708 I/dalvikvm-heap(  352): Grow heap (frag case) to 14.928MB for 6553612-byte allocation
04-09 17:24:07.718 D/dalvikvm(  352): GC_CONCURRENT freed 123K, 26% free 15102K/20320K, paused 5ms+1ms, total 9ms
04-09 17:24:07.798 W/Launcher(  465): setApplicationContext called twice! old=com.vphone.launcher.LauncherApplication@4a7900b8 new=com.vphone.launcher.LauncherApplication@4a7900b8
04-09 17:24:07.798 W/ResourceType(  465): Attempt to retrieve bag 0x7f0e00a4 which is invalid or in a cycle.
04-09 17:24:07.808 D/Launcher(  465): 11683562 - bindAddScreens()
04-09 17:24:07.808 D/Launcher(  465): 11683562 -   orderedScreenIds: 1
04-09 17:24:07.808 D/Launcher.Workspace(  465): 11683562 - insertNewWorkspaceScreen(): 1 at index: 0
04-09 17:24:07.818 E/AppsCustomizePagedView(  465): Widget ComponentInfo{com.tencent.padbrowser/com.tencent.padbrowser.ui.deskwidget.QuicklinkAppWidgetProvider4X5} can not fit on this device (480, 660)
04-09 17:24:07.818 W/ContextImpl(  465): Calling a method in the system process without a qualified user: android.app.ContextImpl.startService:1492 android.content.ContextWrapper.startService:494 com.vphone.launcher.Launcher.g:677 com.vphone.launcher.Launcher.a:176 com.vphone.launcher.Launcher$11.run:633 
04-09 17:24:07.868 W/EGL_emulation(  465): eglSurfaceAttrib not implemented 3093 12436
04-09 17:24:07.908 W/EGL_emulation(  352): eglSurfaceAttrib not implemented 3093 12436
04-09 17:24:08.038 W/ContextImpl(  264): Calling a method in the system process without a qualified user: android.app.ContextImpl.sendBroadcast:1123 com.android.server.InputMethodManagerService.hideCurrentInputLocked:1880 com.android.server.InputMethodManagerService.windowGainedFocus:1968 com.android.internal.view.IInputMethodManager$Stub.onTransact:221 com.android.server.InputMethodManagerService.onTransact:818 
04-09 17:24:08.048 I/WindowManager(  264): Screen frozen for +421ms due to Window{4a874ccc u0 com.vphone.launcher/com.vphone.launcher.Launcher}
04-09 17:24:09.488 W/PropertyValuesHolder(  465): Method setBrightness() with type int not found on target class class mh
04-09 17:24:09.488 W/PropertyValuesHolder(  465): Method getBrightness() with type int not found on target class class mh
04-09 17:24:09.588 I/ActivityManager(  264): START u0 {act=android.intent.action.MAIN cat=[android.intent.category.LAUNCHER] flg=0x10200000 cmp=com.android.settings/.Settings bnds=[952,612][1160,720] (has extras)} from pid 465
04-09 17:24:09.588 W/ContextImpl(  465): Calling a method in the system process without a qualified user: android.app.ContextImpl.sendBroadcast:1137 android.content.ContextWrapper.sendBroadcast:370 com.vphone.launcher.Stats.recordLaunch:129 com.vphone.launcher.Launcher.c:3179 com.vphone.launcher.Launcher.onClickAppShortcut:3117 
04-09 17:24:09.608 D/BluetoothAdapter(  441): 1249460036: getState() :  mService = null. Returning STATE_OFF
04-09 17:24:09.628 D/        (  441): HostConnection::get() New Host Connection established 0xb837a190, tid 441
04-09 17:24:09.668 W/EGL_emulation(  441): eglSurfaceAttrib not implemented 3093 12436
04-09 17:24:09.688 W/ContextImpl(  264): Calling a method in the system process without a qualified user: android.app.ContextImpl.sendBroadcast:1123 com.android.server.InputMethodManagerService.hideCurrentInputLocked:1880 com.android.server.InputMethodManagerService.windowGainedFocus:1968 com.android.internal.view.IInputMethodManager$Stub.onTransact:221 com.android.server.InputMethodManagerService.onTransact:818 
04-09 17:24:09.758 D/AndroidRuntime( 6226): 
04-09 17:24:09.758 D/AndroidRuntime( 6226): >>>>>> AndroidRuntime START com.android.internal.os.RuntimeInit <<<<<<
04-09 17:24:09.858 D/AndroidRuntime( 6226): CheckJNI is OFF
04-09 17:24:09.858 D/dalvikvm( 6226): Using executionMode 2
04-09 17:24:09.858 D/dalvikvm( 6226): Trying to load lib libjavacore.so 0x0
04-09 17:24:09.858 D/dalvikvm( 6226): Added shared lib libjavacore.so 0x0
04-09 17:24:09.858 D/dalvikvm( 6226): Trying to load lib libnativehelper.so 0x0
04-09 17:24:09.858 D/dalvikvm( 6226): Added shared lib libnativehelper.so 0x0
04-09 17:24:09.858 D/dalvikvm( 6226): No JNI_OnLoad found in libnativehelper.so 0x0, skipping init
04-09 17:24:09.868 D/dalvikvm( 6226): Note: class Landroid/app/ActivityManagerNative; has 179 unimplemented (abstract) methods
04-09 17:24:09.888 E/memtrack( 6226): Couldn't load memtrack module (No such file or directory)
04-09 17:24:09.888 E/android.os.Debug( 6226): failed to load memtrack module: -2
04-09 17:24:09.898 D/AndroidRuntime( 6226): Calling main entry com.android.commands.pm.Pm
04-09 17:24:09.898 D/AndroidRuntime( 6226): Shutting down VM
04-09 17:24:09.898 E/cutils-trace( 6226): Error opening trace file: No such file or directory (2)
04-09 17:24:09.898 D/dalvikvm( 6226): GC_CONCURRENT freed 154K, 22% free 567K/724K, paused 0ms+0ms, total 0ms
04-09 17:24:10.038 W/DebugConnManager(  465): getNetworkInfo() on networkType 1
04-09 17:24:10.078 D/dalvikvm(  264): GC_EXPLICIT freed 2134K, 24% free 12358K/16108K, paused 1ms+1ms, total 10ms
04-09 17:24:12.808 I/ActivityManager(  264): START u0 {act=android.intent.action.MAIN cmp=com.android.settings/.SubSettings (has extras)} from pid 441
04-09 17:24:12.818 D/SubSettings(  441): Launching fragment com.android.settings.DevelopmentSettings
04-09 17:24:12.828 W/Settings(  441): Setting bugreport_in_power_menu has moved from android.provider.Settings.Secure to android.provider.Settings.Global.
04-09 17:24:12.828 E/Cryptfs (  160): not running with encryption, aborting
04-09 17:24:12.858 W/EGL_emulation(  441): eglSurfaceAttrib not implemented 3093 12436
04-09 17:24:12.918 I/ActivityManager(  264): Displayed com.android.settings/.SubSettings: +105ms
04-09 17:24:12.918 W/ContextImpl(  264): Calling a method in the system process without a qualified user: android.app.ContextImpl.sendBroadcast:1123 com.android.server.InputMethodManagerService.hideCurrentInputLocked:1880 com.android.server.InputMethodManagerService.windowGainedFocus:1968 com.android.internal.view.IInputMethodManager$Stub.onTransact:221 com.android.server.InputMethodManagerService.onTransact:818 
04-09 17:24:14.898 D/dalvikvm(  465): GC_CONCURRENT freed 4703K, 5% free 115853K/120684K, paused 2ms+13ms, total 60ms
04-09 17:24:25.028 W/EGL_emulation(  441): eglSurfaceAttrib not implemented 3093 12436
04-09 17:24:26.728 E/shadowsocks( 1032): getpeername: Transport endpoint is not connected
04-09 17:24:27.078 W/InputMethodManagerService(  264): Window already focused, ignoring focus gain of: com.android.internal.view.IInputMethodClient$Stub$Proxy@4a8f21d8 attribute=null, token = android.os.BinderProxy@4a961314
04-09 17:24:28.168 E/shadowsocks( 2827): getpeername: Transport endpoint is not connected
04-09 17:24:34.038 I/ActivityManager(  264): START u0 {act=com.android.systemui.recent.action.TOGGLE_RECENTS flg=0x10800000 cmp=com.android.systemui/.recent.RecentsActivity (has extras)} from pid 352
04-09 17:24:34.078 W/EGL_emulation(  352): eglSurfaceAttrib not implemented 3093 12436
04-09 17:24:34.078 W/ContextImpl(  264): Calling a method in the system process without a qualified user: android.app.ContextImpl.sendBroadcast:1123 com.android.server.InputMethodManagerService.hideCurrentInputLocked:1880 com.android.server.InputMethodManagerService.windowGainedFocus:1968 com.android.internal.view.IInputMethodManager$Stub.onTransact:221 com.android.server.InputMethodManagerService.onTransact:818 
04-09 17:24:34.078 W/InputMethodManagerService(  264): Starting input on non-focused client com.android.internal.view.IInputMethodClient$Stub$Proxy@4a894db0 (uid=1000 pid=441)
04-09 17:24:34.178 D/AndroidRuntime( 6241): 
04-09 17:24:34.178 D/AndroidRuntime( 6241): >>>>>> AndroidRuntime START com.android.internal.os.RuntimeInit <<<<<<
04-09 17:24:34.268 D/AndroidRuntime( 6241): CheckJNI is OFF
04-09 17:24:34.268 D/dalvikvm( 6241): Using executionMode 2
04-09 17:24:34.268 D/dalvikvm( 6241): Trying to load lib libjavacore.so 0x0
04-09 17:24:34.278 D/dalvikvm( 6241): Added shared lib libjavacore.so 0x0
04-09 17:24:34.278 D/dalvikvm( 6241): Trying to load lib libnativehelper.so 0x0
04-09 17:24:34.278 D/dalvikvm( 6241): Added shared lib libnativehelper.so 0x0
04-09 17:24:34.278 D/dalvikvm( 6241): No JNI_OnLoad found in libnativehelper.so 0x0, skipping init
04-09 17:24:34.278 D/dalvikvm( 6241): Note: class Landroid/app/ActivityManagerNative; has 179 unimplemented (abstract) methods
04-09 17:24:34.298 E/memtrack( 6241): Couldn't load memtrack module (No such file or directory)
04-09 17:24:34.298 E/android.os.Debug( 6241): failed to load memtrack module: -2
04-09 17:24:34.308 D/AndroidRuntime( 6241): Calling main entry com.android.commands.pm.Pm
04-09 17:24:34.318 D/AndroidRuntime( 6241): Shutting down VM
04-09 17:24:34.318 E/cutils-trace( 6241): Error opening trace file: No such file or directory (2)
04-09 17:24:34.318 D/dalvikvm( 6241): GC_CONCURRENT freed 154K, 22% free 567K/724K, paused 0ms+0ms, total 0ms
04-09 17:24:34.438 E/EGL_emulation(  441): egl: destroying current context refused
04-09 17:24:34.438 W/libEGL  (  441): eglTerminate() called w/ 1 objects remaining
04-09 17:24:35.348 E/SurfaceFlinger(  167): glCheckFramebufferStatusOES error 36054
04-09 17:24:35.348 E/SurfaceFlinger(  167): got GL_FRAMEBUFFER_COMPLETE_OES error while taking screenshot
