04-09 17:03:59.618 W/ContextImpl(  264): Calling a method in the system process without a qualified user: android.app.ContextImpl.sendBroadcast:1123 com.android.server.InputMethodManagerService.hideCurrentInputLocked:1880 com.android.server.InputMethodManagerService.windowGainedFocus:1968 com.android.internal.view.IInputMethodManager$Stub.onTransact:221 com.android.server.InputMethodManagerService.onTransact:818 
04-09 17:04:01.638 I/ActivityManager(  264): moveTaskToBack: 8
04-09 17:04:05.688 I/ActivityManager(  264): START u0 {act=android.intent.action.MAIN cat=[android.intent.category.LAUNCHER] flg=0x10200000 cmp=com.lemon.lemonban/.activity.WelcomeActivity} from pid 5143
04-09 17:04:08.748 I/ActivityManager(  264): START u0 {cmp=com.lemon.lemonban/.activity.LoginActActivity} from pid 4211
04-09 17:04:08.828 W/ContextImpl(  264): Calling a method in the system process without a qualified user: android.app.ContextImpl.sendBroadcast:1123 com.android.server.InputMethodManagerService.hideCurrentInputLocked:1880 com.android.server.InputMethodManagerService.windowGainedFocus:1968 com.android.internal.view.IInputMethodManager$Stub.onTransact:221 com.android.server.InputMethodManagerService.onTransact:818 
04-09 17:04:09.318 W/ContextImpl(  264): Calling a method in the system process without a qualified user: android.app.ContextImpl.sendBroadcast:1123 com.android.server.InputMethodManagerService.hideCurrentInputLocked:1880 com.android.server.InputMethodManagerService.windowGainedFocus:1968 com.android.internal.view.IInputMethodManager$Stub.onTransact:221 com.android.server.InputMethodManagerService.onTransact:818 
04-09 17:04:10.318 I/ActivityManager(  264): START u0 {act=android.intent.action.MAIN cat=[android.intent.category.HOME] flg=0x10200000 cmp=com.vphone.launcher/.Launcher} from pid 264
04-09 17:04:19.428 I/ActivityManager(  264): START u0 {cmp=com.lemon.lemonban/.activity.LoginActActivity} from pid 4211
04-09 17:04:19.508 W/ContextImpl(  264): Calling a method in the system process without a qualified user: android.app.ContextImpl.sendBroadcast:1123 com.android.server.InputMethodManagerService.hideCurrentInputLocked:1880 com.android.server.InputMethodManagerService.windowGainedFocus:1968 com.android.internal.view.IInputMethodManager$Stub.onTransact:221 com.android.server.InputMethodManagerService.onTransact:818 
04-09 17:04:20.438 I/ActivityManager(  264): START u0 {act=android.intent.action.MAIN cat=[android.intent.category.LAUNCHER] flg=0x10200000 cmp=com.lemon.lemonban/.activity.WelcomeActivity} from pid 5143
04-09 17:04:21.448 W/ContextImpl(  264): Calling a method in the system process without a qualified user: android.app.ContextImpl.sendBroadcast:1123 com.android.server.InputMethodManagerService.showCurrentInputLocked:1791 com.android.server.InputMethodManagerService.showSoftInput:1753 com.android.internal.view.IInputMethodManager$Stub.onTransact:175 com.android.server.InputMethodManagerService.onTransact:818 
04-09 17:04:22.988 W/ContextImpl(  264): Calling a method in the system process without a qualified user: android.app.ContextImpl.sendBroadcast:1123 com.android.server.InputMethodManagerService.showCurrentInputLocked:1791 com.android.server.InputMethodManagerService.attachNewInputLocked:1095 com.android.server.InputMethodManagerService.startInputUncheckedLocked:1166 com.android.server.InputMethodManagerService.startInputLocked:1128 
04-09 17:04:26.018 W/ContextImpl(  264): Calling a method in the system process without a qualified user: android.app.ContextImpl.sendBroadcast:1123 com.android.server.InputMethodManagerService.showCurrentInputLocked:1791 com.android.server.InputMethodManagerService.attachNewInputLocked:1095 com.android.server.InputMethodManagerService.startInputUncheckedLocked:1166 com.android.server.InputMethodManagerService.startInputLocked:1128 
04-09 17:04:26.028 W/ContextImpl(  264): Calling a method in the system process without a qualified user: android.app.ContextImpl.sendBroadcast:1123 com.android.server.InputMethodManagerService.showCurrentInputLocked:1791 com.android.server.InputMethodManagerService.showSoftInput:1753 com.android.internal.view.IInputMethodManager$Stub.onTransact:175 com.android.server.InputMethodManagerService.onTransact:818 
04-09 17:04:26.518 W/ContextImpl(  264): Calling a method in the system process without a qualified user: android.app.ContextImpl.sendBroadcast:1123 com.android.server.InputMethodManagerService.showCurrentInputLocked:1791 com.android.server.InputMethodManagerService.showSoftInput:1753 com.android.internal.view.IInputMethodManager$Stub.onTransact:175 com.android.server.InputMethodManagerService.onTransact:818 
04-09 17:04:27.528 I/ActivityManager(  264): START u0 {act=android.intent.action.MAIN cat=[android.intent.category.LAUNCHER] flg=0x10200000 cmp=com.lemon.lemonban/.activity.WelcomeActivity} from pid 5143
04-09 17:04:28.038 W/ContextImpl(  264): Calling a method in the system process without a qualified user: android.app.ContextImpl.sendBroadcast:1123 com.android.server.InputMethodManagerService.showCurrentInputLocked:1791 com.android.server.InputMethodManagerService.attachNewInputLocked:1095 com.android.server.InputMethodManagerService.startInputUncheckedLocked:1166 com.android.server.InputMethodManagerService.startInputLocked:1128 
04-09 17:04:28.538 W/ContextImpl(  264): Calling a method in the system process without a qualified user: android.app.ContextImpl.sendBroadcast:1123 com.android.server.InputMethodManagerService.showCurrentInputLocked:1791 com.android.server.InputMethodManagerService.attachNewInputLocked:1095 com.android.server.InputMethodManagerService.startInputUncheckedLocked:1166 com.android.server.InputMethodManagerService.startInputLocked:1128 
04-09 17:04:30.058 W/ContextImpl(  264): Calling a method in the system process without a qualified user: android.app.ContextImpl.sendBroadcast:1123 com.android.server.InputMethodManagerService.showCurrentInputLocked:1791 com.android.server.InputMethodManagerService.attachNewInputLocked:1095 com.android.server.InputMethodManagerService.startInputUncheckedLocked:1166 com.android.server.InputMethodManagerService.startInputLocked:1128 
04-09 17:04:33.588 W/ContextImpl(  264): Calling a method in the system process without a qualified user: android.app.ContextImpl.sendBroadcast:1123 com.android.server.InputMethodManagerService.showCurrentInputLocked:1791 com.android.server.InputMethodManagerService.attachNewInputLocked:1095 com.android.server.InputMethodManagerService.startInputUncheckedLocked:1166 com.android.server.InputMethodManagerService.startInputLocked:1128 
04-09 17:04:34.608 W/ContextImpl(  264): Calling a method in the system process without a qualified user: android.app.ContextImpl.sendBroadcast:1123 com.android.server.InputMethodManagerService.showCurrentInputLocked:1791 com.android.server.InputMethodManagerService.attachNewInputLocked:1095 com.android.server.InputMethodManagerService.startInputUncheckedLocked:1166 com.android.server.InputMethodManagerService.startInputLocked:1128 
04-09 17:04:35.108 W/ContextImpl(  264): Calling a method in the system process without a qualified user: android.app.ContextImpl.sendBroadcast:1123 com.android.server.InputMethodManagerService.showCurrentInputLocked:1791 com.android.server.InputMethodManagerService.attachNewInputLocked:1095 com.android.server.InputMethodManagerService.startInputUncheckedLocked:1166 com.android.server.InputMethodManagerService.startInputLocked:1128 
04-09 17:04:35.618 W/ContextImpl(  264): Calling a method in the system process without a qualified user: android.app.ContextImpl.sendBroadcast:1123 com.android.server.InputMethodManagerService.showCurrentInputLocked:1791 com.android.server.InputMethodManagerService.attachNewInputLocked:1095 com.android.server.InputMethodManagerService.startInputUncheckedLocked:1166 com.android.server.InputMethodManagerService.startInputLocked:1128 
04-09 17:04:36.118 I/ActivityManager(  264): START u0 {act=android.intent.action.MAIN cat=[android.intent.category.LAUNCHER] flg=0x10200000 cmp=com.lemon.lemonban/.activity.WelcomeActivity} from pid 5143
04-09 17:04:36.128 W/ContextImpl(  264): Calling a method in the system process without a qualified user: android.app.ContextImpl.sendBroadcast:1123 com.android.server.InputMethodManagerService.showCurrentInputLocked:1791 com.android.server.InputMethodManagerService.attachNewInputLocked:1095 com.android.server.InputMethodManagerService.startInputUncheckedLocked:1166 com.android.server.InputMethodManagerService.startInputLocked:1128 
04-09 17:04:36.158 W/ContextImpl(  264): Calling a method in the system process without a qualified user: android.app.ContextImpl.sendBroadcast:1123 com.android.server.InputMethodManagerService.showCurrentInputLocked:1791 com.android.server.InputMethodManagerService.attachNewInputLocked:1095 com.android.server.InputMethodManagerService.startInputUncheckedLocked:1166 com.android.server.InputMethodManagerService.startInputLocked:1128 
04-09 17:04:36.638 W/ContextImpl(  264): Calling a method in the system process without a qualified user: android.app.ContextImpl.sendBroadcast:1123 com.android.server.InputMethodManagerService.showCurrentInputLocked:1791 com.android.server.InputMethodManagerService.attachNewInputLocked:1095 com.android.server.InputMethodManagerService.startInputUncheckedLocked:1166 com.android.server.InputMethodManagerService.startInputLocked:1128 
04-09 17:04:36.658 W/ContextImpl(  264): Calling a method in the system process without a qualified user: android.app.ContextImpl.sendBroadcast:1123 com.android.server.InputMethodManagerService.showCurrentInputLocked:1791 com.android.server.InputMethodManagerService.attachNewInputLocked:1095 com.android.server.InputMethodManagerService.startInputUncheckedLocked:1166 com.android.server.InputMethodManagerService.startInputLocked:1128 
04-09 17:04:37.208 W/ContextImpl(  264): Calling a method in the system process without a qualified user: android.app.ContextImpl.sendBroadcast:1123 com.android.server.InputMethodManagerService.hideCurrentInputLocked:1880 com.android.server.InputMethodManagerService.windowGainedFocus:1968 com.android.internal.view.IInputMethodManager$Stub.onTransact:221 com.android.server.InputMethodManagerService.onTransact:818 
04-09 17:04:42.278 I/ActivityManager(  264): START u0 {cmp=com.lemon.lemonban/.activity.LoginActActivity} from pid 4211
04-09 17:04:42.338 W/ContextImpl(  264): Calling a method in the system process without a qualified user: android.app.ContextImpl.sendBroadcast:1123 com.android.server.InputMethodManagerService.hideCurrentInputLocked:1880 com.android.server.InputMethodManagerService.windowGainedFocus:1968 com.android.internal.view.IInputMethodManager$Stub.onTransact:221 com.android.server.InputMethodManagerService.onTransact:818 
04-09 17:05:07.608 I/ActivityManager(  264): Process com.lemon.lemonban (pid 4211) has died.
04-09 17:05:07.608 I/WindowState(  264): WIN DEATH: Window{4aacc8f8 u0 com.lemon.lemonban/com.lemon.lemonban.activity.MainActivity}
04-09 17:05:07.608 W/ActivityManager(  264): Force removing ActivityRecord{4a997558 u0 com.lemon.lemonban/.activity.LoginActActivity t8}: app died, no saved state
04-09 17:05:07.608 I/WindowState(  264): WIN DEATH: Window{4a911c40 u0 com.lemon.lemonban/com.lemon.lemonban.activity.LoginActActivity}
04-09 17:05:07.628 I/ActivityManager(  264): Start proc com.lemon.lemonban for activity com.lemon.lemonban/.activity.MainActivity: pid=5264 uid=10033 gids={50033, 3003, 1028, 1015, 1023, 3002, 3001}
04-09 17:05:07.738 I/ActivityManager(  264): Start proc com.lemon.lemonban:pushservice for service com.lemon.lemonban/.service.LemonPushService: pid=5283 uid=10033 gids={50033, 3003, 1028, 1015, 1023, 3002, 3001}
04-09 17:05:07.758 I/ActivityManager(  264): Process com.lemon.lemonban:pushservice (pid 5283) has died.
04-09 17:05:07.838 E/AndroidRuntime( 5264): FATAL EXCEPTION: main
04-09 17:05:07.838 E/AndroidRuntime( 5264): Process: com.lemon.lemonban, PID: 5264
04-09 17:05:07.838 E/AndroidRuntime( 5264): java.lang.RuntimeException: Unable to start activity ComponentInfo{com.lemon.lemonban/com.lemon.lemonban.activity.MainActivity}: java.lang.NullPointerException
04-09 17:05:07.838 E/AndroidRuntime( 5264): 	at android.app.ActivityThread.performLaunchActivity(ActivityThread.java:2193)
04-09 17:05:07.838 E/AndroidRuntime( 5264): 	at android.app.ActivityThread.handleLaunchActivity(ActivityThread.java:2243)
04-09 17:05:07.838 E/AndroidRuntime( 5264): 	at android.app.ActivityThread.access$800(ActivityThread.java:135)
04-09 17:05:07.838 E/AndroidRuntime( 5264): 	at android.app.ActivityThread$H.handleMessage(ActivityThread.java:1196)
04-09 17:05:07.838 E/AndroidRuntime( 5264): 	at android.os.Handler.dispatchMessage(Handler.java:102)
04-09 17:05:07.838 E/AndroidRuntime( 5264): 	at android.os.Looper.loop(Looper.java:136)
04-09 17:05:07.838 E/AndroidRuntime( 5264): 	at android.app.ActivityThread.main(ActivityThread.java:5019)
04-09 17:05:07.838 E/AndroidRuntime( 5264): 	at java.lang.reflect.Method.invokeNative(Native Method)
04-09 17:05:07.838 E/AndroidRuntime( 5264): 	at java.lang.reflect.Method.invoke(Method.java:515)
04-09 17:05:07.838 E/AndroidRuntime( 5264): 	at com.android.internal.os.ZygoteInit$MethodAndArgsCaller.run(ZygoteInit.java:779)
04-09 17:05:07.838 E/AndroidRuntime( 5264): 	at com.android.internal.os.ZygoteInit.main(ZygoteInit.java:595)
04-09 17:05:07.838 E/AndroidRuntime( 5264): 	at dalvik.system.NativeStart.main(Native Method)
04-09 17:05:07.838 E/AndroidRuntime( 5264): Caused by: java.lang.NullPointerException
04-09 17:05:07.838 E/AndroidRuntime( 5264): 	at android.support.v4.app.BackStackRecord.executeOps(BackStackRecord.java:723)
04-09 17:05:07.838 E/AndroidRuntime( 5264): 	at android.support.v4.app.FragmentManagerImpl.executeOps(FragmentManager.java:2363)
04-09 17:05:07.838 E/AndroidRuntime( 5264): 	at android.support.v4.app.FragmentManagerImpl.executeOpsTogether(FragmentManager.java:2149)
04-09 17:05:07.838 E/AndroidRuntime( 5264): 	at android.support.v4.app.FragmentManagerImpl.optimizeAndExecuteOps(FragmentManager.java:2103)
04-09 17:05:07.838 E/AndroidRuntime( 5264): 	at android.support.v4.app.FragmentManagerImpl.execPendingActions(FragmentManager.java:2013)
04-09 17:05:07.838 E/AndroidRuntime( 5264): 	at android.support.v4.app.FragmentController.execPendingActions(FragmentController.java:388)
04-09 17:05:07.838 E/AndroidRuntime( 5264): 	at android.support.v4.app.FragmentActivity.onStart(FragmentActivity.java:607)
04-09 17:05:07.838 E/AndroidRuntime( 5264): 	at android.support.v7.app.AppCompatActivity.onStart(AppCompatActivity.java:178)
04-09 17:05:07.838 E/AndroidRuntime( 5264): 	at android.app.Instrumentation.callActivityOnStart(Instrumentation.java:1188)
04-09 17:05:07.838 E/AndroidRuntime( 5264): 	at android.app.Activity.performStart(Activity.java:5241)
04-09 17:05:07.838 E/AndroidRuntime( 5264): 	at android.app.ActivityThread.performLaunchActivity(ActivityThread.java:2166)
04-09 17:05:07.838 E/AndroidRuntime( 5264): 	... 11 more
04-09 17:05:07.838 W/ActivityManager(  264):   Force finishing activity com.lemon.lemonban/.activity.MainActivity
04-09 17:05:08.338 W/ActivityManager(  264): Activity pause timeout for ActivityRecord{4aaa9bf0 u0 com.lemon.lemonban/.activity.MainActivity t8 f}
04-09 17:05:08.378 W/ContextImpl(  465): Calling a method in the system process without a qualified user: android.app.ContextImpl.startService:1492 android.content.ContextWrapper.startService:494 com.vphone.launcher.Launcher.g:677 com.vphone.launcher.Launcher.a:176 com.vphone.launcher.Launcher$11.run:633 
04-09 17:05:08.488 I/ActivityManager(  264): Killing 4092:com.android.packageinstaller/u0a21 (adj 15): empty for 3614s
04-09 17:05:14.198 W/ContextImpl(  264): Calling a method in the system process without a qualified user: android.app.ContextImpl.sendBroadcast:1123 com.android.server.am.ActivityManagerService.handleApplicationCrashInner:9670 com.android.server.am.ActivityManagerService.handleApplicationCrash:9644 android.app.ActivityManagerNative.onTransact:1311 com.android.server.am.ActivityManagerService.onTransact:2071 
04-09 17:05:14.198 I/ActivityManager(  264): Process com.lemon.lemonban (pid 5264) has died.
04-09 17:05:14.268 W/ContextImpl(  264): Calling a method in the system process without a qualified user: android.app.ContextImpl.sendBroadcast:1123 com.android.server.InputMethodManagerService.hideCurrentInputLocked:1880 com.android.server.InputMethodManagerService.windowGainedFocus:1968 com.android.internal.view.IInputMethodManager$Stub.onTransact:221 com.android.server.InputMethodManagerService.onTransact:818 
04-09 17:05:14.268 W/InputMethodManagerService(  264): Got RemoteException sending setActive(false) notification to pid 4211 uid 10033
04-09 17:05:14.708 D/Sensors (  264): Client connection accepted (82)
04-09 17:05:15.138 I/ActivityManager(  264): Config changes=480 {1.0 460mcc7mnc zh_CN ldltr sw480dp w853dp h454dp 240dpi lrg long land finger qwerty/v/v dpad/v s.19}
04-09 17:05:15.138 D/Sensors (  264): Client connection accepted (82)
04-09 17:05:15.218 W/ContextImpl(  465): Calling a method in the system process without a qualified user: android.app.ContextImpl.startService:1492 android.content.ContextWrapper.startService:494 com.vphone.launcher.Launcher.g:677 com.vphone.launcher.Launcher.a:176 com.vphone.launcher.Launcher$11.run:633 
04-09 17:05:15.498 W/ContextImpl(  264): Calling a method in the system process without a qualified user: android.app.ContextImpl.sendBroadcast:1123 com.android.server.InputMethodManagerService.hideCurrentInputLocked:1880 com.android.server.InputMethodManagerService.windowGainedFocus:1968 com.android.internal.view.IInputMethodManager$Stub.onTransact:221 com.android.server.InputMethodManagerService.onTransact:818 
04-09 17:05:15.598 I/WindowManager(  264): Screen frozen for +470ms due to Window{4a8ce440 u0 StatusBar}
04-09 17:06:07.028 D/ConnectivityService(  264): Sampling interval elapsed, updating statistics ..
04-09 17:06:07.028 D/ConnectivityService(  264): Done.
04-09 17:06:07.028 D/ConnectivityService(  264): Setting timer for 720seconds
04-09 17:14:12.088 W/BroadcastQueue(  264): Skipping deliver [background] BroadcastRecord{4a8fabd0 u-1 android.net.conn.CONNECTIVITY_CHANGE} to ReceiverList{4a8e83b4 5345 (unknown name)/0/u-1 remote:4aa06c08}: process crashing
04-09 17:14:12.088 I/ActivityManager(  264): START u0 {act=android.intent.action.MAIN cat=[android.intent.category.LAUNCHER] flg=0x10200000 cmp=com.lemon.lemonban/.activity.WelcomeActivity} from pid 5345
04-09 17:14:12.108 I/ActivityManager(  264): Start proc com.lemon.lemonban for activity com.lemon.lemonban/.activity.WelcomeActivity: pid=5356 uid=10033 gids={50033, 3003, 1028, 1015, 1023, 3002, 3001}
04-09 17:14:12.138 I/ActivityManager(  264): Config changes=480 {1.0 460mcc7mnc zh_CN ldltr sw480dp w480dp h828dp 240dpi lrg long port finger qwerty/v/v dpad/v s.20}
04-09 17:14:12.138 D/Sensors (  264): Client connection accepted (183)
04-09 17:14:12.588 W/ContextImpl(  264): Calling a method in the system process without a qualified user: android.app.ContextImpl.sendBroadcast:1123 com.android.server.InputMethodManagerService.hideCurrentInputLocked:1880 com.android.server.InputMethodManagerService.windowGainedFocus:1968 com.android.internal.view.IInputMethodManager$Stub.onTransact:221 com.android.server.InputMethodManagerService.onTransact:818 
04-09 17:14:12.698 I/WindowManager(  264): Screen frozen for +580ms due to Window{4a8d55d8 u0 com.lemon.lemonban/com.lemon.lemonban.activity.WelcomeActivity}
--------- beginning of /dev/log/main
04-09 17:14:12.818 D/dalvikvm( 5370): GC_CONCURRENT freed 154K, 22% free 567K/724K, paused 0ms+0ms, total 0ms
04-09 17:14:14.108 I/ActivityManager(  264): START u0 {cmp=com.lemon.lemonban/.activity.MainActivity} from pid 5356
04-09 17:14:14.138 W/dalvikvm( 5356): VFY: unable to find class referenced in signature (Landroid/os/PersistableBundle;)
04-09 17:14:14.138 I/dalvikvm( 5356): Could not find method com.lemon.lemonban.base.BaseActivity.onSaveInstanceState, referenced from method com.lemon.lemonban.activity.MainActivity.onSaveInstanceState
04-09 17:14:14.138 W/dalvikvm( 5356): VFY: unable to resolve virtual method 34408: Lcom/lemon/lemonban/base/BaseActivity;.onSaveInstanceState (Landroid/os/Bundle;Landroid/os/PersistableBundle;)V
04-09 17:14:14.138 D/dalvikvm( 5356): VFY: replacing opcode 0x6f at 0x000f
04-09 17:14:14.138 I/dalvikvm( 5356): Could not find method android.content.Context.getColorStateList, referenced from method android.support.v7.content.res.AppCompatResources.getColorStateList
04-09 17:14:14.138 W/dalvikvm( 5356): VFY: unable to resolve virtual method 416: Landroid/content/Context;.getColorStateList (I)Landroid/content/res/ColorStateList;
04-09 17:14:14.138 D/dalvikvm( 5356): VFY: replacing opcode 0x6e at 0x0006
04-09 17:14:14.148 I/dalvikvm( 5356): Could not find method android.view.Window.setStatusBarColor, referenced from method com.lemon.lemonban.tools.StatusBarUtil.transparencyBar
04-09 17:14:14.148 W/dalvikvm( 5356): VFY: unable to resolve virtual method 21953: Landroid/view/Window;.setStatusBarColor (I)V
04-09 17:14:14.148 D/dalvikvm( 5356): VFY: replacing opcode 0x6e at 0x001e
04-09 17:14:14.158 D/dalvikvm( 5356): GC_CONCURRENT freed 235K, 6% free 4916K/5212K, paused 0ms+1ms, total 2ms
04-09 17:14:14.178 I/lemonban( 5356): Enabling web debugging
04-09 17:14:14.178 V/WebViewChromium( 5356): Binding Chromium to the main looper Looper (main, tid 1) {4a789908}
04-09 17:14:14.178 I/chromium( 5356): [INFO:library_loader_hooks.cc(112)] Chromium logging enabled: level = 0, default verbosity = 0
04-09 17:14:14.178 I/BrowserProcessMain( 5356): Initializing chromium process, renderers=0
04-09 17:14:14.178 I/ActivityManager(  264): Start proc com.lemon.lemonban:pushservice for service com.lemon.lemonban/.service.LemonPushService: pid=5391 uid=10033 gids={50033, 3003, 1028, 1015, 1023, 3002, 3001}
04-09 17:14:14.188 I/dalvikvm( 5391): ignoring registerObject request in thread=1
04-09 17:14:14.188 I/dalvikvm( 5391): ignoring registerObject request in thread=1
04-09 17:14:14.188 W/chromium( 5356): [WARNING:proxy_service.cc(888)] PAC support disabled because there is no system implementation
04-09 17:14:14.188 I/dalvikvm( 5391): Could not find method android.view.ViewGroup.<init>, referenced from method com.scwang.smartrefresh.layout.SmartRefreshLayout.<init>
04-09 17:14:14.188 W/dalvikvm( 5391): VFY: unable to resolve direct method 21745: Landroid/view/ViewGroup;.<init> (Landroid/content/Context;Landroid/util/AttributeSet;II)V
04-09 17:14:14.188 D/dalvikvm( 5391): VFY: replacing opcode 0x70 at 0x0007
04-09 17:14:14.198 D/dalvikvm( 5391): DexOpt: couldn't find static field Landroid/os/Build;.SUPPORTED_ABIS
04-09 17:14:14.198 W/dalvikvm( 5391): VFY: unable to resolve static field 157 (SUPPORTED_ABIS) in Landroid/os/Build;
04-09 17:14:14.198 D/dalvikvm( 5391): VFY: replacing opcode 0x62 at 0x0006
04-09 17:14:14.198 D/dalvikvm( 5391): DexOpt: couldn't find static field Landroid/os/Build;.SUPPORTED_ABIS
04-09 17:14:14.198 I/dalvikvm( 5391): DexOpt: unable to optimize static field ref 0x009d at 0x0b in Lcom/igexin/a/j;.a
04-09 17:14:14.198 D/dalvikvm( 5391): JIT code cache reset in 0 ms (0 bytes 1/0)
04-09 17:14:14.198 D/dalvikvm( 5391): GC_CONCURRENT freed 275K, 11% free 2953K/3292K, paused 1ms+0ms, total 3ms
04-09 17:14:14.208 I/Process ( 5391): Sending signal. PID: 5391 SIG: 9
04-09 17:14:14.208 I/dalvikvm( 5356): Could not find method android.view.Window.setStatusBarColor, referenced from method com.wuhenzhizao.utils.AppUtils.transparencyBar
04-09 17:14:14.208 W/dalvikvm( 5356): VFY: unable to resolve virtual method 21953: Landroid/view/Window;.setStatusBarColor (I)V
04-09 17:14:14.208 D/dalvikvm( 5356): VFY: replacing opcode 0x6e at 0x0037
04-09 17:14:14.208 I/ActivityManager(  264): Process com.lemon.lemonban:pushservice (pid 5391) has died.
04-09 17:14:14.218 D/dalvikvm( 5356): GC_FOR_ALLOC freed 353K, 8% free 5186K/5604K, paused 3ms, total 3ms
04-09 17:14:14.218 D/dalvikvm( 5356): GC_CONCURRENT freed 2K, 8% free 5518K/5936K, paused 0ms+0ms, total 1ms
04-09 17:14:14.218 W/DebugConnManager( 5356): getNetworkInfo() on networkType 1
04-09 17:14:14.228 W/DebugConnManager( 5356): getNetworkInfo() on networkType 1
04-09 17:14:14.228 I/dalvikvm( 5356): Could not find method android.view.ViewGroup.<init>, referenced from method com.scwang.smartrefresh.header.MaterialHeader.<init>
04-09 17:14:14.228 W/dalvikvm( 5356): VFY: unable to resolve direct method 21745: Landroid/view/ViewGroup;.<init> (Landroid/content/Context;Landroid/util/AttributeSet;II)V
04-09 17:14:14.228 D/dalvikvm( 5356): VFY: replacing opcode 0x70 at 0x0000
04-09 17:14:14.228 I/dalvikvm( 5356): Could not find method com.scwang.smartrefresh.header.material.CircleImageView.setElevation, referenced from method com.scwang.smartrefresh.header.material.CircleImageView.<init>
04-09 17:14:14.228 W/dalvikvm( 5356): VFY: unable to resolve virtual method 40338: Lcom/scwang/smartrefresh/header/material/CircleImageView;.setElevation (F)V
04-09 17:14:14.228 D/dalvikvm( 5356): VFY: replacing opcode 0x6e at 0x0031
04-09 17:14:14.228 I/dalvikvm( 5356): Could not find method android.content.res.Resources.getColor, referenced from method com.scwang.smartrefresh.header.material.CircleImageView.setBackgroundColorRes
04-09 17:14:14.228 W/dalvikvm( 5356): VFY: unable to resolve virtual method 615: Landroid/content/res/Resources;.getColor (ILandroid/content/res/Resources$Theme;)I
04-09 17:14:14.228 D/dalvikvm( 5356): VFY: replacing opcode 0x6e at 0x0012
04-09 17:14:14.248 W/EGL_emulation( 5356): eglSurfaceAttrib not implemented 3093 12436
04-09 17:14:14.268 W/ViewRootImpl( 5356): Dropping event due to no window focus: KeyEvent { action=ACTION_DOWN, keyCode=KEYCODE_DPAD_LEFT, scanCode=0, metaState=0, flags=0x8, repeatCount=0, eventTime=26090253, downTime=26090253, deviceId=-1, source=0x101 }
04-09 17:14:14.268 W/ContextImpl(  264): Calling a method in the system process without a qualified user: android.app.ContextImpl.sendBroadcast:1123 com.android.server.InputMethodManagerService.hideCurrentInputLocked:1880 com.android.server.InputMethodManagerService.windowGainedFocus:1968 com.android.internal.view.IInputMethodManager$Stub.onTransact:221 com.android.server.InputMethodManagerService.onTransact:818 
04-09 17:14:14.278 D/dalvikvm( 5356): GC_CONCURRENT freed 343K, 7% free 5946K/6352K, paused 0ms+1ms, total 3ms
04-09 17:14:14.318 I/ActivityManager(  264): Displayed com.lemon.lemonban/.activity.MainActivity: +196ms
04-09 17:14:14.318 W/DebugConnManager(  465): getNetworkInfo() on networkType 1
04-09 17:14:14.728 D/dalvikvm(  264): GC_EXPLICIT freed 1688K, 44% free 12362K/21848K, paused 1ms+2ms, total 14ms
04-09 17:14:15.218 W/dalvikvm( 5356): VFY: unable to find class referenced in signature (Ljava/nio/file/Path;)
04-09 17:14:15.218 W/dalvikvm( 5356): VFY: unable to find class referenced in signature ([Ljava/nio/file/OpenOption;)
04-09 17:14:15.218 I/dalvikvm( 5356): Could not find method java.nio.file.Files.newOutputStream, referenced from method okio.Okio.sink
04-09 17:14:15.218 W/dalvikvm( 5356): VFY: unable to resolve static method 43676: Ljava/nio/file/Files;.newOutputStream (Ljava/nio/file/Path;[Ljava/nio/file/OpenOption;)Ljava/io/OutputStream;
04-09 17:14:15.218 D/dalvikvm( 5356): VFY: replacing opcode 0x71 at 0x000a
04-09 17:14:15.218 W/dalvikvm( 5356): VFY: unable to find class referenced in signature (Ljava/nio/file/Path;)
04-09 17:14:15.218 W/dalvikvm( 5356): VFY: unable to find class referenced in signature ([Ljava/nio/file/OpenOption;)
04-09 17:14:15.218 I/dalvikvm( 5356): Could not find method java.nio.file.Files.newInputStream, referenced from method okio.Okio.source
04-09 17:14:15.218 W/dalvikvm( 5356): VFY: unable to resolve static method 43675: Ljava/nio/file/Files;.newInputStream (Ljava/nio/file/Path;[Ljava/nio/file/OpenOption;)Ljava/io/InputStream;
04-09 17:14:15.218 D/dalvikvm( 5356): VFY: replacing opcode 0x71 at 0x000a
04-09 17:14:15.258 D/JsonResponseBody( 5356): {"status":1,"code":"1001","data":{"vcode":"20181113","vname":"2.1.2","url":"http://m.lemonban.com//download/2018/11/12/1542011436734.apk","remark":"1\r\n2\r\nTips"},"msg":"app"}
04-09 17:14:15.298 D/JsonResponseBody( 5356): {"status":1,"code":"1001","data":{"bannerList":[{"id":11,"imageUrl":"http://f.lemonban.com/group1/M00/00/00/rBLKvFxmq9-AeD8vAAHop7yt5NM225.jpg","redirectUrl":"https://ke.qq.com/course/352400","lastupdatetime":""},{"id":12,"imageUrl":"http://f.lemonban.com/group1/M00/00/00/rBLKvFxmrOCAKwBpAAIscDugDPE374.jpg","redirectUrl":"https://ke.qq.com/course/282859","lastupdatetime":""},{"id":14,"imageUrl":"http://f.lemonban.com/group1/M00/00/00/rBLKvFxmrVmANX6rAAC4hPjK5h8240.jpg","redirectUrl":"https://ke.qq.com/course/352400","lastupdatetime":""},{"id":23,"imageUrl":"http://f.lemonban.com/group1/M00/00/00/rBLKvFxmrzKAL3A4AABtb5Wxb28005.jpg","redirectUrl":"https://ke.qq.com/course/264633","lastupdatetime":""}]},"msg":"banner"}
04-09 17:14:15.308 D/dalvikvm( 5356): GC_CONCURRENT freed 205K, 5% free 6681K/7032K, paused 0ms+2ms, total 5ms
04-09 17:14:15.328 D/dalvikvm( 5356): GC_FOR_ALLOC freed 2000K, 27% free 5659K/7724K, paused 3ms, total 3ms
04-09 17:14:16.818 D/dalvikvm( 5356): GC_FOR_ALLOC freed 15K, 17% free 6425K/7724K, paused 10ms, total 10ms
04-09 17:14:19.358 I/ActivityManager(  264): START u0 {cmp=com.lemon.lemonban/.activity.WebActivity (has extras)} from pid 5356
04-09 17:14:19.368 W/dalvikvm( 5356): VFY: unable to find class referenced in signature (Landroid/webkit/WebResourceRequest;)
04-09 17:14:19.368 I/dalvikvm( 5356): Could not find method android.webkit.WebViewClient.shouldOverrideUrlLoading, referenced from method com.lemon.lemonban.base.BaseWebActivity$2.shouldOverrideUrlLoading
04-09 17:14:19.368 W/dalvikvm( 5356): VFY: unable to resolve virtual method 22412: Landroid/webkit/WebViewClient;.shouldOverrideUrlLoading (Landroid/webkit/WebView;Landroid/webkit/WebResourceRequest;)Z
04-09 17:14:19.368 D/dalvikvm( 5356): VFY: replacing opcode 0x6f at 0x0000
04-09 17:14:19.378 I/dalvikvm( 5356): Could not find method android.webkit.CookieManager.removeAllCookies, referenced from method com.just.library.AgentWebConfig.removeAllCookies
04-09 17:14:19.378 W/dalvikvm( 5356): VFY: unable to resolve virtual method 22268: Landroid/webkit/CookieManager;.removeAllCookies (Landroid/webkit/ValueCallback;)V
04-09 17:14:19.378 D/dalvikvm( 5356): VFY: replacing opcode 0x6e at 0x002f
04-09 17:14:19.378 I/dalvikvm( 5356): Could not find method android.webkit.CookieManager.removeSessionCookies, referenced from method com.just.library.AgentWebConfig.removeSessionCookies
04-09 17:14:19.378 W/dalvikvm( 5356): VFY: unable to resolve virtual method 22271: Landroid/webkit/CookieManager;.removeSessionCookies (Landroid/webkit/ValueCallback;)V
04-09 17:14:19.378 D/dalvikvm( 5356): VFY: replacing opcode 0x6e at 0x0034
04-09 17:14:19.388 I/dalvikvm( 5356): Could not find method android.webkit.WebSettings.setMixedContentMode, referenced from method com.just.library.WebDefaultSettingsManager.settings
04-09 17:14:19.388 W/dalvikvm( 5356): VFY: unable to resolve virtual method 22344: Landroid/webkit/WebSettings;.setMixedContentMode (I)V
04-09 17:14:19.388 D/dalvikvm( 5356): VFY: replacing opcode 0x6e at 0x0038
04-09 17:14:19.388 I/AgentWebView( 5356): 
04-09 17:14:19.388 E/dalvikvm( 5356): Could not find class 'android.webkit.WebChromeClient$FileChooserParams', referenced from method com.just.library.DefaultChromeClient.onShowFileChooser
04-09 17:14:19.388 W/dalvikvm( 5356): VFY: unable to resolve const-class 2669 (Landroid/webkit/WebChromeClient$FileChooserParams;) in Lcom/just/library/DefaultChromeClient;
04-09 17:14:19.388 D/dalvikvm( 5356): VFY: replacing opcode 0x1c at 0x001b
04-09 17:14:19.388 W/dalvikvm( 5356): VFY: unable to find class referenced in signature (Landroid/webkit/PermissionRequest;)
04-09 17:14:19.388 I/dalvikvm( 5356): Could not find method android.webkit.WebChromeClient.onPermissionRequest, referenced from method com.just.library.WebChromeClientProgressWrapper.onPermissionRequest
04-09 17:14:19.388 W/dalvikvm( 5356): VFY: unable to resolve virtual method 22307: Landroid/webkit/WebChromeClient;.onPermissionRequest (Landroid/webkit/PermissionRequest;)V
04-09 17:14:19.388 D/dalvikvm( 5356): VFY: replacing opcode 0x6e at 0x0006
04-09 17:14:19.388 I/dalvikvm( 5356): Could not find method com.just.library.ChromeClientProgress.onPermissionRequest, referenced from method com.just.library.WebChromeClientProgressWrapper.onPermissionRequest
04-09 17:14:19.388 W/dalvikvm( 5356): VFY: unable to resolve virtual method 32859: Lcom/just/library/ChromeClientProgress;.onPermissionRequest (Landroid/webkit/PermissionRequest;)V
04-09 17:14:19.388 D/dalvikvm( 5356): VFY: replacing opcode 0x6f at 0x000a
04-09 17:14:19.388 W/dalvikvm( 5356): VFY: unable to find class referenced in signature (Landroid/webkit/PermissionRequest;)
04-09 17:14:19.388 I/dalvikvm( 5356): Could not find method android.webkit.WebChromeClient.onPermissionRequestCanceled, referenced from method com.just.library.WebChromeClientProgressWrapper.onPermissionRequestCanceled
04-09 17:14:19.388 W/dalvikvm( 5356): VFY: unable to resolve virtual method 22308: Landroid/webkit/WebChromeClient;.onPermissionRequestCanceled (Landroid/webkit/PermissionRequest;)V
04-09 17:14:19.388 D/dalvikvm( 5356): VFY: replacing opcode 0x6e at 0x0006
04-09 17:14:19.388 I/dalvikvm( 5356): Could not find method com.just.library.ChromeClientProgress.onPermissionRequestCanceled, referenced from method com.just.library.WebChromeClientProgressWrapper.onPermissionRequestCanceled
04-09 17:14:19.388 W/dalvikvm( 5356): VFY: unable to resolve virtual method 32860: Lcom/just/library/ChromeClientProgress;.onPermissionRequestCanceled (Landroid/webkit/PermissionRequest;)V
04-09 17:14:19.388 D/dalvikvm( 5356): VFY: replacing opcode 0x6f at 0x000a
04-09 17:14:19.388 I/dalvikvm( 5356): Could not find method android.webkit.WebChromeClient.onShowFileChooser, referenced from method com.just.library.WebChromeClientProgressWrapper.onShowFileChooser
04-09 17:14:19.388 W/dalvikvm( 5356): VFY: unable to resolve virtual method 22317: Landroid/webkit/WebChromeClient;.onShowFileChooser (Landroid/webkit/WebView;Landroid/webkit/ValueCallback;Landroid/webkit/WebChromeClient$FileChooserParams;)Z
04-09 17:14:19.388 D/dalvikvm( 5356): VFY: replacing opcode 0x6e at 0x0006
04-09 17:14:19.388 I/dalvikvm( 5356): Could not find method com.just.library.ChromeClientProgress.onShowFileChooser, referenced from method com.just.library.WebChromeClientProgressWrapper.onShowFileChooser
04-09 17:14:19.388 W/dalvikvm( 5356): VFY: unable to resolve virtual method 32869: Lcom/just/library/ChromeClientProgress;.onShowFileChooser (Landroid/webkit/WebView;Landroid/webkit/ValueCallback;Landroid/webkit/WebChromeClient$FileChooserParams;)Z
04-09 17:14:19.388 D/dalvikvm( 5356): VFY: replacing opcode 0x6f at 0x000b
04-09 17:14:19.388 E/dalvikvm( 5356): Could not find class 'com.alipay.sdk.app.PayTask', referenced from method com.just.library.DefaultWebClient.isAlipay
04-09 17:14:19.388 W/dalvikvm( 5356): VFY: unable to resolve new-instance 3165 (Lcom/alipay/sdk/app/PayTask;) in Lcom/just/library/DefaultWebClient;
04-09 17:14:19.388 D/dalvikvm( 5356): VFY: replacing opcode 0x22 at 0x0010
04-09 17:14:19.388 W/dalvikvm( 5356): VFY: unable to find class referenced in signature (Landroid/webkit/WebResourceRequest;)
04-09 17:14:19.388 W/dalvikvm( 5356): VFY: unable to find class referenced in signature (Landroid/webkit/WebResourceError;)
04-09 17:14:19.388 W/dalvikvm( 5356): VFY: unable to find class referenced in signature (Landroid/webkit/WebResourceRequest;)
04-09 17:14:19.388 W/dalvikvm( 5356): VFY: unable to find class referenced in signature (Landroid/webkit/WebResourceError;)
04-09 17:14:19.388 W/dalvikvm( 5356): VFY: unable to find class referenced in signature (Landroid/webkit/WebResourceRequest;)
04-09 17:14:19.388 W/dalvikvm( 5356): VFY: unable to find class referenced in signature (Landroid/webkit/WebResourceRequest;)
04-09 17:14:19.388 W/dalvikvm( 5356): VFY: unable to find class referenced in signature (Landroid/webkit/WebResourceRequest;)
04-09 17:14:19.388 W/dalvikvm( 5356): VFY: unable to find class referenced in signature (Landroid/webkit/WebResourceRequest;)
04-09 17:14:19.388 W/dalvikvm( 5356): VFY: unable to find class referenced in signature (Landroid/webkit/WebResourceRequest;)
04-09 17:14:19.388 I/dalvikvm( 5356): Could not find method android.webkit.WebResourceRequest.getUrl, referenced from method com.just.library.DefaultWebClient.shouldOverrideUrlLoading
04-09 17:14:19.388 W/dalvikvm( 5356): VFY: unable to resolve interface method 22319: Landroid/webkit/WebResourceRequest;.getUrl ()Landroid/net/Uri;
04-09 17:14:19.388 D/dalvikvm( 5356): VFY: replacing opcode 0x72 at 0x000f
04-09 17:14:19.388 D/dalvikvm( 5356): DexOpt: unable to opt direct call 0x662e at 0x12 in Lcom/just/library/DefaultWebClient;.isAlipay
04-09 17:14:19.388 I/dalvikvm( 5356): Could not find method android.webkit.WebViewClient.onPageCommitVisible, referenced from method com.just.library.WrapperWebViewClient.onPageCommitVisible
04-09 17:14:19.388 W/dalvikvm( 5356): VFY: unable to resolve virtual method 22396: Landroid/webkit/WebViewClient;.onPageCommitVisible (Landroid/webkit/WebView;Ljava/lang/String;)V
04-09 17:14:19.388 D/dalvikvm( 5356): VFY: replacing opcode 0x6e at 0x0006
04-09 17:14:19.388 I/dalvikvm( 5356): Could not find method android.webkit.WebViewClient.onPageCommitVisible, referenced from method com.just.library.WrapperWebViewClient.onPageCommitVisible
04-09 17:14:19.388 W/dalvikvm( 5356): VFY: unable to resolve virtual method 22396: Landroid/webkit/WebViewClient;.onPageCommitVisible (Landroid/webkit/WebView;Ljava/lang/String;)V
04-09 17:14:19.388 D/dalvikvm( 5356): VFY: replacing opcode 0x6f at 0x000a
04-09 17:14:19.388 W/dalvikvm( 5356): VFY: unable to find class referenced in signature (Landroid/webkit/ClientCertRequest;)
04-09 17:14:19.388 I/dalvikvm( 5356): Could not find method android.webkit.WebViewClient.onReceivedClientCertRequest, referenced from method com.just.library.WrapperWebViewClient.onReceivedClientCertRequest
04-09 17:14:19.388 W/dalvikvm( 5356): VFY: unable to resolve virtual method 22399: Landroid/webkit/WebViewClient;.onReceivedClientCertRequest (Landroid/webkit/WebView;Landroid/webkit/ClientCertRequest;)V
04-09 17:14:19.388 D/dalvikvm( 5356): VFY: replacing opcode 0x6e at 0x0006
04-09 17:14:19.388 I/dalvikvm( 5356): Could not find method android.webkit.WebViewClient.onReceivedClientCertRequest, referenced from method com.just.library.WrapperWebViewClient.onReceivedClientCertRequest
04-09 17:14:19.388 W/dalvikvm( 5356): VFY: unable to resolve virtual method 22399: Landroid/webkit/WebViewClient;.onReceivedClientCertRequest (Landroid/webkit/WebView;Landroid/webkit/ClientCertRequest;)V
04-09 17:14:19.388 D/dalvikvm( 5356): VFY: replacing opcode 0x6f at 0x000a
04-09 17:14:19.388 W/dalvikvm( 5356): VFY: unable to find class referenced in signature (Landroid/webkit/WebResourceRequest;)
04-09 17:14:19.388 W/dalvikvm( 5356): VFY: unable to find class referenced in signature (Landroid/webkit/WebResourceError;)
04-09 17:14:19.388 I/dalvikvm( 5356): Could not find method android.webkit.WebViewClient.onReceivedError, referenced from method com.just.library.WrapperWebViewClient.onReceivedError
04-09 17:14:19.388 W/dalvikvm( 5356): VFY: unable to resolve virtual method 22401: Landroid/webkit/WebViewClient;.onReceivedError (Landroid/webkit/WebView;Landroid/webkit/WebResourceRequest;Landroid/webkit/WebResourceError;)V
04-09 17:14:19.388 D/dalvikvm( 5356): VFY: replacing opcode 0x6e at 0x0006
04-09 17:14:19.388 I/dalvikvm( 5356): Could not find method android.webkit.WebViewClient.onReceivedError, referenced from method com.just.library.WrapperWebViewClient.onReceivedError
04-09 17:14:19.388 W/dalvikvm( 5356): VFY: unable to resolve virtual method 22401: Landroid/webkit/WebViewClient;.onReceivedError (Landroid/webkit/WebView;Landroid/webkit/WebResourceRequest;Landroid/webkit/WebResourceError;)V
04-09 17:14:19.388 D/dalvikvm( 5356): VFY: replacing opcode 0x6f at 0x000a
04-09 17:14:19.388 W/dalvikvm( 5356): VFY: unable to find class referenced in signature (Landroid/webkit/WebResourceRequest;)
04-09 17:14:19.388 I/dalvikvm( 5356): Could not find method android.webkit.WebViewClient.onReceivedHttpError, referenced from method com.just.library.WrapperWebViewClient.onReceivedHttpError
04-09 17:14:19.388 W/dalvikvm( 5356): VFY: unable to resolve virtual method 22403: Landroid/webkit/WebViewClient;.onReceivedHttpError (Landroid/webkit/WebView;Landroid/webkit/WebResourceRequest;Landroid/webkit/WebResourceResponse;)V
04-09 17:14:19.388 D/dalvikvm( 5356): VFY: replacing opcode 0x6e at 0x0006
04-09 17:14:19.388 I/dalvikvm( 5356): Could not find method android.webkit.WebViewClient.onReceivedHttpError, referenced from method com.just.library.WrapperWebViewClient.onReceivedHttpError
04-09 17:14:19.388 W/dalvikvm( 5356): VFY: unable to resolve virtual method 22403: Landroid/webkit/WebViewClient;.onReceivedHttpError (Landroid/webkit/WebView;Landroid/webkit/WebResourceRequest;Landroid/webkit/WebResourceResponse;)V
04-09 17:14:19.388 D/dalvikvm( 5356): VFY: replacing opcode 0x6f at 0x000a
04-09 17:14:19.388 W/dalvikvm( 5356): VFY: unable to find class referenced in signature (Landroid/webkit/WebResourceRequest;)
04-09 17:14:19.388 I/dalvikvm( 5356): Could not find method android.webkit.WebViewClient.shouldInterceptRequest, referenced from method com.just.library.WrapperWebViewClient.shouldInterceptRequest
04-09 17:14:19.388 W/dalvikvm( 5356): VFY: unable to resolve virtual method 22409: Landroid/webkit/WebViewClient;.shouldInterceptRequest (Landroid/webkit/WebView;Landroid/webkit/WebResourceRequest;)Landroid/webkit/WebResourceResponse;
04-09 17:14:19.388 D/dalvikvm( 5356): VFY: replacing opcode 0x6e at 0x0006
04-09 17:14:19.388 I/dalvikvm( 5356): Could not find method android.webkit.WebViewClient.shouldInterceptRequest, referenced from method com.just.library.WrapperWebViewClient.shouldInterceptRequest
04-09 17:14:19.388 W/dalvikvm( 5356): VFY: unable to resolve virtual method 22409: Landroid/webkit/WebViewClient;.shouldInterceptRequest (Landroid/webkit/WebView;Landroid/webkit/WebResourceRequest;)Landroid/webkit/WebResourceResponse;
04-09 17:14:19.388 D/dalvikvm( 5356): VFY: replacing opcode 0x6f at 0x000b
04-09 17:14:19.388 W/dalvikvm( 5356): VFY: unable to find class referenced in signature (Landroid/webkit/WebResourceRequest;)
04-09 17:14:19.388 I/dalvikvm( 5356): Could not find method android.webkit.WebViewClient.shouldOverrideUrlLoading, referenced from method com.just.library.WrapperWebViewClient.shouldOverrideUrlLoading
04-09 17:14:19.388 W/dalvikvm( 5356): VFY: unable to resolve virtual method 22412: Landroid/webkit/WebViewClient;.shouldOverrideUrlLoading (Landroid/webkit/WebView;Landroid/webkit/WebResourceRequest;)Z
04-09 17:14:19.388 D/dalvikvm( 5356): VFY: replacing opcode 0x6e at 0x000d
04-09 17:14:19.388 I/dalvikvm( 5356): Could not find method android.webkit.WebViewClient.shouldOverrideUrlLoading, referenced from method com.just.library.WrapperWebViewClient.shouldOverrideUrlLoading
04-09 17:14:19.388 W/dalvikvm( 5356): VFY: unable to resolve virtual method 22412: Landroid/webkit/WebViewClient;.shouldOverrideUrlLoading (Landroid/webkit/WebView;Landroid/webkit/WebResourceRequest;)Z
04-09 17:14:19.388 D/dalvikvm( 5356): VFY: replacing opcode 0x6f at 0x0012
04-09 17:14:19.428 W/EGL_emulation( 5356): eglSurfaceAttrib not implemented 3093 12436
04-09 17:14:19.428 W/AwContents( 5356): nativeOnDraw failed; clearing to background color.
04-09 17:14:19.448 I/ActivityManager(  264): Displayed com.lemon.lemonban/.activity.WebActivity: +89ms
04-09 17:14:19.458 W/AwContents( 5356): nativeOnDraw failed; clearing to background color.
04-09 17:14:19.458 W/ContextImpl(  264): Calling a method in the system process without a qualified user: android.app.ContextImpl.sendBroadcast:1123 com.android.server.InputMethodManagerService.hideCurrentInputLocked:1880 com.android.server.InputMethodManagerService.windowGainedFocus:1968 com.android.internal.view.IInputMethodManager$Stub.onTransact:221 com.android.server.InputMethodManagerService.onTransact:818 
04-09 17:14:19.478 I/Info    ( 5356): BaseWebActivity onPageStarted
04-09 17:14:19.848 I/chromium( 5356): [INFO:async_pixel_transfer_manager_android.cc(56)] Async pixel transfers not supported
04-09 17:14:19.878 I/chromium( 5356): [INFO:async_pixel_transfer_manager_android.cc(56)] Async pixel transfers not supported
04-09 17:14:21.928 W/UnimplementedWebViewApi( 5356): Unimplemented WebView method onKeyDown called from: android.webkit.WebView.onKeyDown(WebView.java:2169)
04-09 17:14:28.578 W/UnimplementedWebViewApi( 5356): Unimplemented WebView method onKeyDown called from: android.webkit.WebView.onKeyDown(WebView.java:2169)
04-09 17:14:28.608 W/EGL_emulation( 5356): eglSurfaceAttrib not implemented 3093 12436
04-09 17:14:29.598 W/InputMethodManagerService(  264): Window already focused, ignoring focus gain of: com.android.internal.view.IInputMethodClient$Stub$Proxy@4a8bec18 attribute=null, token = android.os.BinderProxy@4a933a5c
04-09 17:14:33.668 I/Info    ( 5356): BaseWebActivity onPageStarted
04-09 17:14:34.218 I/Info    ( 5356): BaseWebActivity onPageStarted
04-09 17:14:36.758 D/dalvikvm( 5356): GC_CONCURRENT freed 452K, 9% free 7042K/7720K, paused 2ms+1ms, total 7ms
04-09 17:14:41.378 I/Info    ( 5356): BaseWebActivity onPageStarted
04-09 17:14:41.768 E/shadowsocks( 1032): getpeername: Transport endpoint is not connected
04-09 17:14:42.358 W/UnimplementedWebViewApi( 5356): Unimplemented WebView method onKeyDown called from: android.webkit.WebView.onKeyDown(WebView.java:2169)
04-09 17:14:42.378 I/Info    ( 5356): BaseWebActivity onPageStarted
04-09 17:14:43.208 E/shadowsocks( 2827): getpeername: Transport endpoint is not connected
04-09 17:14:43.878 I/ActivityManager(  264): START u0 {act=android.intent.action.MAIN cat=[android.intent.category.LAUNCHER] flg=0x10200000 cmp=com.lemon.lemonban/.activity.WelcomeActivity} from pid 5345
04-09 17:14:47.488 W/UnimplementedWebViewApi( 5356): Unimplemented WebView method onKeyMultiple called from: android.webkit.WebView.onKeyMultiple(WebView.java:2179)
04-09 17:14:47.488 W/UnimplementedWebViewApi( 5356): Unimplemented WebView method onKeyDown called from: android.webkit.WebView.onKeyDown(WebView.java:2169)
04-09 17:14:47.498 W/UnimplementedWebViewApi( 5356): Unimplemented WebView method onKeyMultiple called from: android.webkit.WebView.onKeyMultiple(WebView.java:2179)
04-09 17:14:47.498 W/UnimplementedWebViewApi( 5356): Unimplemented WebView method onKeyDown called from: android.webkit.WebView.onKeyDown(WebView.java:2169)
04-09 17:14:48.518 I/ActivityManager(  264): START u0 {act=android.intent.action.ASSIST flg=0x34000000 cmp=com.UCMobile.x86/com.UCMobile.voice (has extras)} from pid 264
04-09 17:14:53.288 E/shadowsocks( 2827): getpeername: Transport endpoint is not connected
04-09 17:14:54.228 W/UnimplementedWebViewApi( 5356): Unimplemented WebView method onKeyDown called from: android.webkit.WebView.onKeyDown(WebView.java:2169)
04-09 17:14:54.738 W/UnimplementedWebViewApi( 5356): Unimplemented WebView method onKeyDown called from: android.webkit.WebView.onKeyDown(WebView.java:2169)
04-09 17:14:55.238 W/UnimplementedWebViewApi( 5356): Unimplemented WebView method onKeyDown called from: android.webkit.WebView.onKeyDown(WebView.java:2169)
04-09 17:14:57.778 W/UnimplementedWebViewApi( 5356): Unimplemented WebView method onKeyDown called from: android.webkit.WebView.onKeyDown(WebView.java:2169)
04-09 17:14:57.808 W/EGL_emulation( 5356): eglSurfaceAttrib not implemented 3093 12436
04-09 17:14:57.808 W/ContextImpl(  264): Calling a method in the system process without a qualified user: android.app.ContextImpl.sendBroadcast:1123 com.android.server.InputMethodManagerService.hideCurrentInputLocked:1880 com.android.server.InputMethodManagerService.windowGainedFocus:1968 com.android.internal.view.IInputMethodManager$Stub.onTransact:221 com.android.server.InputMethodManagerService.onTransact:818 
04-09 17:14:58.308 W/EGL_emulation( 5356): eglSurfaceAttrib not implemented 3093 12436
04-09 17:14:58.788 W/InputMethodManagerService(  264): Window already focused, ignoring focus gain of: com.android.internal.view.IInputMethodClient$Stub$Proxy@4a85c124 attribute=null, token = android.os.BinderProxy@4a9710e0
04-09 17:15:03.368 E/shadowsocks( 2827): getpeername: Transport endpoint is not connected
04-09 17:15:09.558 D/dalvikvm( 4767): GC_FOR_ALLOC freed 5689K, 54% free 4940K/10692K, paused 3ms, total 3ms
04-09 17:15:09.558 I/dalvikvm-heap( 4767): Grow heap (frag case) to 8.397MB for 3686412-byte allocation
04-09 17:15:09.558 D/dalvikvm( 4767): GC_FOR_ALLOC freed 7K, 21% free 8532K/10692K, paused 2ms, total 2ms
04-09 17:15:09.558 D/dalvikvm( 4767): GC_CONCURRENT freed 0K, 21% free 8532K/10692K, paused 1ms+1ms, total 3ms
04-09 17:15:09.608 D/        ( 4767): HostConnection::get() New Host Connection established 0xb80f4ff0, tid 4767
04-09 17:15:09.638 W/EGL_emulation( 4767): eglSurfaceAttrib not implemented 3093 12436
04-09 17:15:10.938 D/dalvikvm( 4767): GC_FOR_ALLOC freed 12K, 21% free 8539K/10692K, paused 3ms, total 3ms
04-09 17:15:10.938 I/dalvikvm-heap( 4767): Grow heap (frag case) to 10.374MB for 2073612-byte allocation
